../Core/Src/main.c:110:5:main	56	static
../Core/Src/main.c:208:6:SystemClock_Config	88	static
../Core/Src/main.c:256:13:MX_ADC1_Init	24	static
../Core/Src/main.c:308:13:MX_ADC2_Init	24	static
../Core/Src/main.c:360:13:MX_TIM2_Init	64	static
../Core/Src/main.c:419:13:MX_TIM3_Init	64	static
../Core/Src/main.c:478:13:MX_TIM12_Init	24	static
../Core/Src/main.c:516:13:MX_TIM14_Init	40	static
../Core/Src/main.c:562:13:MX_GPIO_Init	40	static
../Core/Src/main.c:604:6:motor_config	8	static
../Core/Src/main.c:613:6:led_pwm_config	8	static
../Core/Src/main.c:621:6:soilMoisture	16	static
../Core/Src/main.c:642:6:tempHum	40	static
../Core/Src/main.c:673:6:ldrMonitor	16	static
../Core/Src/main.c:692:6:configureTimerForRunTimeStats	8	static
../Core/Src/main.c:696:10:getRunTimeCounterValue	4	static
../Core/Src/main.c:708:6:StartDefaultTask	16	static
../Core/Src/main.c:724:6:Error_Handler	4	static,ignoring_inline_asm
