../Core/Src/main.c:103:5:main	16	static
../Core/Src/main.c:151:6:SystemClock_Config	88	static
../Core/Src/main.c:195:13:MX_TIM1_Init	32	static
../Core/Src/main.c:238:13:MX_TIM3_Init	64	static
../Core/Src/main.c:293:13:MX_USART3_UART_Init	8	static
../Core/Src/main.c:321:13:MX_GPIO_Init	48	static
../Core/Src/main.c:376:6:ConfigureRunTimeStatsTimer	8	static
../Core/Src/main.c:381:6:HAL_GPIO_EXTI_Callback	24	static
../Core/Src/main.c:450:6:irRecv	24	static,ignoring_inline_asm
../Core/Src/main.c:524:6:motor_config	8	static
../Core/Src/main.c:532:6:HAL_UART_RxCpltCallback	16	static
../Core/Src/main.c:595:6:Error_Handler	4	static
