Archive member included to satisfy reference by file (symbol)

c:/st/stm32cubeide_1.11.0/stm32cubeide/plugins/com.st.stm32cube.ide.mcu.externaltools.gnu-tools-for-stm32.10.3-2021.10.win32_1.0.100.202210260954/tools/bin/../lib/gcc/arm-none-eabi/10.3.1/../../../../arm-none-eabi/lib/thumb/v7e-m+fp/hard\libc_nano.a(lib_a-errno.o)
                              ./Core/Src/syscalls.o (__errno)
c:/st/stm32cubeide_1.11.0/stm32cubeide/plugins/com.st.stm32cube.ide.mcu.externaltools.gnu-tools-for-stm32.10.3-2021.10.win32_1.0.100.202210260954/tools/bin/../lib/gcc/arm-none-eabi/10.3.1/../../../../arm-none-eabi/lib/thumb/v7e-m+fp/hard\libc_nano.a(lib_a-exit.o)
                              c:/st/stm32cubeide_1.11.0/stm32cubeide/plugins/com.st.stm32cube.ide.mcu.externaltools.gnu-tools-for-stm32.10.3-2021.10.win32_1.0.100.202210260954/tools/bin/../lib/gcc/arm-none-eabi/10.3.1/../../../../arm-none-eabi/lib/thumb/v7e-m+fp/hard/crt0.o (exit)
c:/st/stm32cubeide_1.11.0/stm32cubeide/plugins/com.st.stm32cube.ide.mcu.externaltools.gnu-tools-for-stm32.10.3-2021.10.win32_1.0.100.202210260954/tools/bin/../lib/gcc/arm-none-eabi/10.3.1/../../../../arm-none-eabi/lib/thumb/v7e-m+fp/hard\libc_nano.a(lib_a-findfp.o)
                              ./Middlewares/Third_Party/FreeRTOS/Source/tasks.o (__sf_fake_stderr)
c:/st/stm32cubeide_1.11.0/stm32cubeide/plugins/com.st.stm32cube.ide.mcu.externaltools.gnu-tools-for-stm32.10.3-2021.10.win32_1.0.100.202210260954/tools/bin/../lib/gcc/arm-none-eabi/10.3.1/../../../../arm-none-eabi/lib/thumb/v7e-m+fp/hard\libc_nano.a(lib_a-fwalk.o)
                              c:/st/stm32cubeide_1.11.0/stm32cubeide/plugins/com.st.stm32cube.ide.mcu.externaltools.gnu-tools-for-stm32.10.3-2021.10.win32_1.0.100.202210260954/tools/bin/../lib/gcc/arm-none-eabi/10.3.1/../../../../arm-none-eabi/lib/thumb/v7e-m+fp/hard\libc_nano.a(lib_a-findfp.o) (_fwalk)
c:/st/stm32cubeide_1.11.0/stm32cubeide/plugins/com.st.stm32cube.ide.mcu.externaltools.gnu-tools-for-stm32.10.3-2021.10.win32_1.0.100.202210260954/tools/bin/../lib/gcc/arm-none-eabi/10.3.1/../../../../arm-none-eabi/lib/thumb/v7e-m+fp/hard\libc_nano.a(lib_a-impure.o)
                              c:/st/stm32cubeide_1.11.0/stm32cubeide/plugins/com.st.stm32cube.ide.mcu.externaltools.gnu-tools-for-stm32.10.3-2021.10.win32_1.0.100.202210260954/tools/bin/../lib/gcc/arm-none-eabi/10.3.1/../../../../arm-none-eabi/lib/thumb/v7e-m+fp/hard\libc_nano.a(lib_a-exit.o) (_global_impure_ptr)
c:/st/stm32cubeide_1.11.0/stm32cubeide/plugins/com.st.stm32cube.ide.mcu.externaltools.gnu-tools-for-stm32.10.3-2021.10.win32_1.0.100.202210260954/tools/bin/../lib/gcc/arm-none-eabi/10.3.1/../../../../arm-none-eabi/lib/thumb/v7e-m+fp/hard\libc_nano.a(lib_a-init.o)
                              c:/st/stm32cubeide_1.11.0/stm32cubeide/plugins/com.st.stm32cube.ide.mcu.externaltools.gnu-tools-for-stm32.10.3-2021.10.win32_1.0.100.202210260954/tools/bin/../lib/gcc/arm-none-eabi/10.3.1/../../../../arm-none-eabi/lib/thumb/v7e-m+fp/hard/crt0.o (__libc_init_array)
c:/st/stm32cubeide_1.11.0/stm32cubeide/plugins/com.st.stm32cube.ide.mcu.externaltools.gnu-tools-for-stm32.10.3-2021.10.win32_1.0.100.202210260954/tools/bin/../lib/gcc/arm-none-eabi/10.3.1/../../../../arm-none-eabi/lib/thumb/v7e-m+fp/hard\libc_nano.a(lib_a-lock.o)
                              c:/st/stm32cubeide_1.11.0/stm32cubeide/plugins/com.st.stm32cube.ide.mcu.externaltools.gnu-tools-for-stm32.10.3-2021.10.win32_1.0.100.202210260954/tools/bin/../lib/gcc/arm-none-eabi/10.3.1/../../../../arm-none-eabi/lib/thumb/v7e-m+fp/hard\libc_nano.a(lib_a-findfp.o) (__retarget_lock_init_recursive)
c:/st/stm32cubeide_1.11.0/stm32cubeide/plugins/com.st.stm32cube.ide.mcu.externaltools.gnu-tools-for-stm32.10.3-2021.10.win32_1.0.100.202210260954/tools/bin/../lib/gcc/arm-none-eabi/10.3.1/../../../../arm-none-eabi/lib/thumb/v7e-m+fp/hard\libc_nano.a(lib_a-memcpy-stub.o)
                              ./Middlewares/Third_Party/FreeRTOS/Source/queue.o (memcpy)
c:/st/stm32cubeide_1.11.0/stm32cubeide/plugins/com.st.stm32cube.ide.mcu.externaltools.gnu-tools-for-stm32.10.3-2021.10.win32_1.0.100.202210260954/tools/bin/../lib/gcc/arm-none-eabi/10.3.1/../../../../arm-none-eabi/lib/thumb/v7e-m+fp/hard\libc_nano.a(lib_a-memset.o)
                              c:/st/stm32cubeide_1.11.0/stm32cubeide/plugins/com.st.stm32cube.ide.mcu.externaltools.gnu-tools-for-stm32.10.3-2021.10.win32_1.0.100.202210260954/tools/bin/../lib/gcc/arm-none-eabi/10.3.1/../../../../arm-none-eabi/lib/thumb/v7e-m+fp/hard/crt0.o (memset)
c:/st/stm32cubeide_1.11.0/stm32cubeide/plugins/com.st.stm32cube.ide.mcu.externaltools.gnu-tools-for-stm32.10.3-2021.10.win32_1.0.100.202210260954/tools/bin/../lib/gcc/arm-none-eabi/10.3.1/../../../../arm-none-eabi/lib/thumb/v7e-m+fp/hard\libc_nano.a(lib_a-nano-mallocr.o)
[...]
Memory Configuration

Name             Origin             Length             Attributes
CCMRAM           0x0000000010000000 0x0000000000010000 xrw
RAM              0x0000000020000000 0x0000000000020000 xrw
FLASH            0x0000000008000000 0x0000000000100000 xr
*default*        0x0000000000000000 0xffffffffffffffff

Linker script and memory map

LOAD c:/st/stm32cubeide_1.11.0/stm32cubeide/plugins/com.st.stm32cube.ide.mcu.externaltools.gnu-tools-for-stm32.10.3-2021.10.win32_1.0.100.202210260954/tools/bin/../lib/gcc/arm-none-eabi/10.3.1/thumb/v7e-m+fp/hard/crti.o
LOAD c:/st/stm32cubeide_1.11.0/stm32cubeide/plugins/com.st.stm32cube.ide.mcu.externaltools.gnu-tools-for-stm32.10.3-2021.10.win32_1.0.100.202210260954/tools/bin/../lib/gcc/arm-none-eabi/10.3.1/thumb/v7e-m+fp/hard/crtbegin.o
LOAD c:/st/stm32cubeide_1.11.0/stm32cubeide/plugins/com.st.stm32cube.ide.mcu.externaltools.gnu-tools-for-stm32.10.3-2021.10.win32_1.0.100.202210260954/tools/bin/../lib/gcc/arm-none-eabi/10.3.1/../../../../arm-none-eabi/lib/thumb/v7e-m+fp/hard/crt0.o
LOAD ./Core/Src/cmn.o
LOAD ./Core/Src/dht11.o
LOAD ./Core/Src/freertos.o
LOAD ./Core/Src/lcd.o
LOAD ./Core/Src/main.o
LOAD ./Core/Src/stm32f4xx_hal_msp.o
LOAD ./Core/Src/stm32f4xx_it.o
LOAD ./Core/Src/syscalls.o
LOAD ./Core/Src/sysmem.o
LOAD ./Core/Src/system_stm32f4xx.o
LOAD ./Core/Startup/startup_stm32f405rgtx.o
LOAD ./Drivers/STM32F4xx_HAL_Driver/Src/stm32f4xx_hal.o
LOAD ./Drivers/STM32F4xx_HAL_Driver/Src/stm32f4xx_hal_adc.o
LOAD ./Drivers/STM32F4xx_HAL_Driver/Src/stm32f4xx_hal_adc_ex.o
LOAD ./Drivers/STM32F4xx_HAL_Driver/Src/stm32f4xx_hal_cortex.o
LOAD ./Drivers/STM32F4xx_HAL_Driver/Src/stm32f4xx_hal_dma.o
LOAD ./Drivers/STM32F4xx_HAL_Driver/Src/stm32f4xx_hal_dma_ex.o
LOAD ./Drivers/STM32F4xx_HAL_Driver/Src/stm32f4xx_hal_exti.o
LOAD ./Drivers/STM32F4xx_HAL_Driver/Src/stm32f4xx_hal_flash.o
LOAD ./Drivers/STM32F4xx_HAL_Driver/Src/stm32f4xx_hal_flash_ex.o
LOAD ./Drivers/STM32F4xx_HAL_Driver/Src/stm32f4xx_hal_flash_ramfunc.o
LOAD ./Drivers/STM32F4xx_HAL_Driver/Src/stm32f4xx_hal_gpio.o
LOAD ./Drivers/STM32F4xx_HAL_Driver/Src/stm32f4xx_hal_pwr.o
LOAD ./Drivers/STM32F4xx_HAL_Driver/Src/stm32f4xx_hal_pwr_ex.o
LOAD ./Drivers/STM32F4xx_HAL_Driver/Src/stm32f4xx_hal_rcc.o
LOAD ./Drivers/STM32F4xx_HAL_Driver/Src/stm32f4xx_hal_rcc_ex.o
LOAD ./Drivers/STM32F4xx_HAL_Driver/Src/stm32f4xx_hal_tim.o
LOAD ./Drivers/STM32F4xx_HAL_Driver/Src/stm32f4xx_hal_tim_ex.o
LOAD ./Drivers/STM32F4xx_HAL_Driver/Src/stm32f4xx_ll_adc.o
LOAD ./Middlewares/Third_Party/FreeRTOS/Source/CMSIS_RTOS/cmsis_os.o
LOAD ./Middlewares/Third_Party/FreeRTOS/Source/croutine.o
LOAD ./Middlewares/Third_Party/FreeRTOS/Source/event_groups.o
LOAD ./Middlewares/Third_Party/FreeRTOS/Source/list.o
LOAD ./Middlewares/Third_Party/FreeRTOS/Source/queue.o
LOAD ./Middlewares/Third_Party/FreeRTOS/Source/stream_buffer.o
LOAD ./Middlewares/Third_Party/FreeRTOS/Source/tasks.o
LOAD ./Middlewares/Third_Party/FreeRTOS/Source/timers.o
LOAD ./Middlewares/Third_Party/FreeRTOS/Source/portable/GCC/ARM_CM4F/port.o
LOAD ./Middlewares/Third_Party/FreeRTOS/Source/portable/MemMang/heap_4.o
START GROUP
LOAD c:/st/stm32cubeide_1.11.0/stm32cubeide/plugins/com.st.stm32cube.ide.mcu.externaltools.gnu-tools-for-stm32.10.3-2021.10.win32_1.0.100.202210260954/tools/bin/../lib/gcc/arm-none-eabi/10.3.1/../../../../arm-none-eabi/lib/thumb/v7e-m+fp/hard\libc_nano.a
LOAD c:/st/stm32cubeide_1.11.0/stm32cubeide/plugins/com.st.stm32cube.ide.mcu.externaltools.gnu-tools-for-stm32.10.3-2021.10.win32_1.0.100.202210260954/tools/bin/../lib/gcc/arm-none-eabi/10.3.1/../../../../arm-none-eabi/lib/thumb/v7e-m+fp/hard\libm.a
END GROUP
START GROUP
LOAD c:/st/stm32cubeide_1.11.0/stm32cubeide/plugins/com.st.stm32cube.ide.mcu.externaltools.gnu-tools-for-stm32.10.3-2021.10.win32_1.0.100.202210260954/tools/bin/../lib/gcc/arm-none-eabi/10.3.1/thumb/v7e-m+fp/hard\libgcc.a
LOAD c:/st/stm32cubeide_1.11.0/stm32cubeide/plugins/com.st.stm32cube.ide.mcu.externaltools.gnu-tools-for-stm32.10.3-2021.10.win32_1.0.100.202210260954/tools/bin/../lib/gcc/arm-none-eabi/10.3.1/../../../../arm-none-eabi/lib/thumb/v7e-m+fp/hard\libc_nano.a
END GROUP
START GROUP
LOAD c:/st/stm32cubeide_1.11.0/stm32cubeide/plugins/com.st.stm32cube.ide.mcu.externaltools.gnu-tools-for-stm32.10.3-2021.10.win32_1.0.100.202210260954/tools/bin/../lib/gcc/arm-none-eabi/10.3.1/thumb/v7e-m+fp/hard\libgcc.a
LOAD c:/st/stm32cubeide_1.11.0/stm32cubeide/plugins/com.st.stm32cube.ide.mcu.externaltools.gnu-tools-for-stm32.10.3-2021.10.win32_1.0.100.202210260954/tools/bin/../lib/gcc/arm-none-eabi/10.3.1/../../../../arm-none-eabi/lib/thumb/v7e-m+fp/hard\libc_nano.a
LOAD c:/st/stm32cubeide_1.11.0/stm32cubeide/plugins/com.st.stm32cube.ide.mcu.externaltools.gnu-tools-for-stm32.10.3-2021.10.win32_1.0.100.202210260954/tools/bin/../lib/gcc/arm-none-eabi/10.3.1/../../../../arm-none-eabi/lib/thumb/v7e-m+fp/hard\libnosys.a
END GROUP
START GROUP
LOAD c:/st/stm32cubeide_1.11.0/stm32cubeide/plugins/com.st.stm32cube.ide.mcu.externaltools.gnu-tools-for-stm32.10.3-2021.10.win32_1.0.100.202210260954/tools/bin/../lib/gcc/arm-none-eabi/10.3.1/thumb/v7e-m+fp/hard\libgcc.a
LOAD c:/st/stm32cubeide_1.11.0/stm32cubeide/plugins/com.st.stm32cube.ide.mcu.externaltools.gnu-tools-for-stm32.10.3-2021.10.win32_1.0.100.202210260954/tools/bin/../lib/gcc/arm-none-eabi/10.3.1/../../../../arm-none-eabi/lib/thumb/v7e-m+fp/hard\libc_nano.a
LOAD c:/st/stm32cubeide_1.11.0/stm32cubeide/plugins/com.st.stm32cube.ide.mcu.externaltools.gnu-tools-for-stm32.10.3-2021.10.win32_1.0.100.202210260954/tools/bin/../lib/gcc/arm-none-eabi/10.3.1/../../../../arm-none-eabi/lib/thumb/v7e-m+fp/hard\libnosys.a
END GROUP
LOAD c:/st/stm32cubeide_1.11.0/stm32cubeide/plugins/com.st.stm32cube.ide.mcu.externaltools.gnu-tools-for-stm32.10.3-2021.10.win32_1.0.100.202210260954/tools/bin/../lib/gcc/arm-none-eabi/10.3.1/thumb/v7e-m+fp/hard/crtend.o
LOAD c:/st/stm32cubeide_1.11.0/stm32cubeide/plugins/com.st.stm32cube.ide.mcu.externaltools.gnu-tools-for-stm32.10.3-2021.10.win32_1.0.100.202210260954/tools/bin/../lib/gcc/arm-none-eabi/10.3.1/thumb/v7e-m+fp/hard/crtn.o
                0x0000000020020000                _estack = (ORIGIN (RAM) + LENGTH (RAM))
                0x0000000000000200                _Min_Heap_Size = 0x200
                0x0000000000000400                _Min_Stack_Size = 0x400

.isr_vector     0x0000000008000000      0x188
                0x0000000008000000                . = ALIGN (0x4)
 *(.isr_vector)
 .isr_vector    0x0000000008000000      0x188 ./Core/Startup/startup_stm32f405rgtx.o
                0x0000000008000000                g_pfnVectors
                0x0000000008000188                . = ALIGN (0x4)

.text           0x0000000008000190     0x5014
                0x0000000008000190                . = ALIGN (0x4)
 *(.text)
 .text          0x0000000008000190       0x40 c:/st/stm32cubeide_1.11.0/stm32cubeide/plugins/com.st.stm32cube.ide.mcu.externaltools.gnu-tools-for-stm32.10.3-2021.10.win32_1.0.100.202210260954/tools/bin/../lib/gcc/arm-none-eabi/10.3.1/thumb/v7e-m+fp/hard/crtbegin.o
 .text          0x00000000080001d0       0x30 c:/st/stm32cubeide_1.11.0/stm32cubeide/plugins/com.st.stm32cube.ide.mcu.externaltools.gnu-tools-for-stm32.10.3-2021.10.win32_1.0.100.202210260954/tools/bin/../lib/gcc/arm-none-eabi/10.3.1/thumb/v7e-m+fp/hard\libgcc.a(_aeabi_uldivmod.o)
                0x00000000080001d0                __aeabi_uldivmod
 .text          0x0000000008000200      0x2d0 c:/st/stm32cubeide_1.11.0/stm32cubeide/plugins/com.st.stm32cube.ide.mcu.externaltools.gnu-tools-for-stm32.10.3-2021.10.win32_1.0.100.202210260954/tools/bin/../lib/gcc/arm-none-eabi/10.3.1/thumb/v7e-m+fp/hard\libgcc.a(_udivmoddi4.o)
                0x0000000008000200                __udivmoddi4
 .text          0x00000000080004d0        0x4 c:/st/stm32cubeide_1.11.0/stm32cubeide/plugins/com.st.stm32cube.ide.mcu.externaltools.gnu-tools-for-stm32.10.3-2021.10.win32_1.0.100.202210260954/tools/bin/../lib/gcc/arm-none-eabi/10.3.1/thumb/v7e-m+fp/hard\libgcc.a(_dvmd_tls.o)
                0x00000000080004d0                __aeabi_idiv0
                0x00000000080004d0                __aeabi_ldiv0
 *(.text*)
 .text.DWT_Init
                0x00000000080004d4       0x30 ./Core/Src/dht11.o
                0x00000000080004d4                DWT_Init
 .text.delay_us_tick
                0x0000000008000504       0x48 ./Core/Src/dht11.o
                0x0000000008000504                delay_us_tick
 .text.DHT11_Set_Pin_Output
                0x000000000800054c       0x38 ./Core/Src/dht11.o
 .text.DHT11_Set_Pin_Input
                0x0000000008000584       0x34 ./Core/Src/dht11.o
 .text.DHT11_Start
                0x00000000080005b8       0x4c ./Core/Src/dht11.o
 .text.DHT11_Check_Response
                0x0000000008000604       0x50 ./Core/Src/dht11.o
 .text.DHT11_Read
                0x0000000008000654       0x7e ./Core/Src/dht11.o
 .text.DHT11_GetData
                0x00000000080006d2       0x9c ./Core/Src/dht11.o
                0x00000000080006d2                DHT11_GetData
 .text.vApplicationIdleHook
                0x000000000800076e        0xe ./Core/Src/freertos.o
                0x000000000800076e                vApplicationIdleHook
 .text.vApplicationTickHook
                0x000000000800077c        0xe ./Core/Src/freertos.o
                0x000000000800077c                vApplicationTickHook
 .text.vApplicationStackOverflowHook
                0x000000000800078a       0x16 ./Core/Src/freertos.o
                0x000000000800078a                vApplicationStackOverflowHook
 .text.vApplicationGetIdleTaskMemory
                0x00000000080007a0       0x34 ./Core/Src/freertos.o
                0x00000000080007a0                vApplicationGetIdleTaskMemory
 .text.main     0x00000000080007d4      0x12c ./Core/Src/main.o
                0x00000000080007d4                main
 .text.SystemClock_Config
                0x0000000008000900       0xd0 ./Core/Src/main.o
                0x0000000008000900                SystemClock_Config
 .text.MX_ADC1_Init
                0x00000000080009d0       0xa4 ./Core/Src/main.o
 .text.MX_ADC2_Init
                0x0000000008000a74       0xa4 ./Core/Src/main.o
 .text.MX_TIM2_Init
                0x0000000008000b18       0xe8 ./Core/Src/main.o
 .text.MX_TIM3_Init
                0x0000000008000c00       0xec ./Core/Src/main.o
 .text.MX_TIM12_Init
                0x0000000008000cec       0x74 ./Core/Src/main.o
 .text.MX_TIM14_Init
                0x0000000008000d60       0x9c ./Core/Src/main.o
 .text.MX_GPIO_Init
                0x0000000008000dfc       0xf4 ./Core/Src/main.o
 .text.motor_config
                0x0000000008000ef0       0x44 ./Core/Src/main.o
                0x0000000008000ef0                motor_config
 .text.led_pwm_config
                0x0000000008000f34       0x40 ./Core/Src/main.o
                0x0000000008000f34                led_pwm_config
 .text.soilMoisture
                0x0000000008000f74       0x94 ./Core/Src/main.o
                0x0000000008000f74                soilMoisture
 .text.tempHum  0x0000000008001008       0xec ./Core/Src/main.o
                0x0000000008001008                tempHum
 .text.ldrMonitor
                0x00000000080010f4       0x7c ./Core/Src/main.o
                0x00000000080010f4                ldrMonitor
 .text.configureTimerForRunTimeStats
                0x0000000008001170       0x14 ./Core/Src/main.o
                0x0000000008001170                configureTimerForRunTimeStats
 .text.getRunTimeCounterValue
                0x0000000008001184       0x18 ./Core/Src/main.o
                0x0000000008001184                getRunTimeCounterValue
 .text.StartDefaultTask
                0x000000000800119c       0x10 ./Core/Src/main.o
                0x000000000800119c                StartDefaultTask
 .text.Error_Handler
                0x00000000080011ac        0xa ./Core/Src/main.o
                0x00000000080011ac                Error_Handler
 *fill*         0x00000000080011b6        0x2 
 .text.HAL_MspInit
                0x00000000080011b8       0x58 ./Core/Src/stm32f4xx_hal_msp.o
                0x00000000080011b8                HAL_MspInit
 .text.HAL_ADC_MspInit
                0x0000000008001210       0xe8 ./Core/Src/stm32f4xx_hal_msp.o
                0x0000000008001210                HAL_ADC_MspInit
 .text.HAL_TIM_Base_MspInit
                0x00000000080012f8       0xc4 ./Core/Src/stm32f4xx_hal_msp.o
                0x00000000080012f8                HAL_TIM_Base_MspInit
 .text.HAL_TIM_MspPostInit
                0x00000000080013bc      0x108 ./Core/Src/stm32f4xx_hal_msp.o
                0x00000000080013bc                HAL_TIM_MspPostInit
 .text.NMI_Handler
                0x00000000080014c4        0x6 ./Core/Src/stm32f4xx_it.o
                0x00000000080014c4                NMI_Handler
 .text.HardFault_Handler
                0x00000000080014ca        0x6 ./Core/Src/stm32f4xx_it.o
                0x00000000080014ca                HardFault_Handler
 .text.MemManage_Handler
                0x00000000080014d0        0x6 ./Core/Src/stm32f4xx_it.o
                0x00000000080014d0                MemManage_Handler
 .text.BusFault_Handler
                0x00000000080014d6        0x6 ./Core/Src/stm32f4xx_it.o
                0x00000000080014d6                BusFault_Handler
 .text.UsageFault_Handler
                0x00000000080014dc        0x6 ./Core/Src/stm32f4xx_it.o
                0x00000000080014dc                UsageFault_Handler
 .text.DebugMon_Handler
                0x00000000080014e2        0xe ./Core/Src/stm32f4xx_it.o
                0x00000000080014e2                DebugMon_Handler
 .text.SysTick_Handler
                0x00000000080014f0       0x1a ./Core/Src/stm32f4xx_it.o
                0x00000000080014f0                SysTick_Handler
 *fill*         0x000000000800150a        0x2 
 .text.SystemInit
                0x000000000800150c       0x24 ./Core/Src/system_stm32f4xx.o
                0x000000000800150c                SystemInit
 .text.Reset_Handler
                0x0000000008001530       0x50 ./Core/Startup/startup_stm32f405rgtx.o
                0x0000000008001530                Reset_Handler
 .text.Default_Handler
                0x0000000008001580        0x2 ./Core/Startup/startup_stm32f405rgtx.o
                0x0000000008001580                RTC_Alarm_IRQHandler
                0x0000000008001580                HASH_RNG_IRQHandler
                0x0000000008001580                EXTI2_IRQHandler
                0x0000000008001580                TIM8_CC_IRQHandler
                0x0000000008001580                TIM1_CC_IRQHandler
                0x0000000008001580                DMA2_Stream5_IRQHandler
                0x0000000008001580                DMA1_Stream5_IRQHandler
                0x0000000008001580                PVD_IRQHandler
                0x0000000008001580                SDIO_IRQHandler
                0x0000000008001580                TAMP_STAMP_IRQHandler
                0x0000000008001580                CAN2_RX1_IRQHandler
                0x0000000008001580                EXTI3_IRQHandler
                0x0000000008001580                TIM8_TRG_COM_TIM14_IRQHandler
                0x0000000008001580                TIM1_UP_TIM10_IRQHandler
                0x0000000008001580                TIM8_UP_TIM13_IRQHandler
                0x0000000008001580                I2C3_ER_IRQHandler
                0x0000000008001580                EXTI0_IRQHandler
                0x0000000008001580                I2C2_EV_IRQHandler
                0x0000000008001580                DMA1_Stream2_IRQHandler
                0x0000000008001580                CAN1_RX0_IRQHandler
                0x0000000008001580                FPU_IRQHandler
                0x0000000008001580                OTG_HS_WKUP_IRQHandler
                0x0000000008001580                CAN2_SCE_IRQHandler
                0x0000000008001580                DMA2_Stream2_IRQHandler
                0x0000000008001580                SPI1_IRQHandler
                0x0000000008001580                TIM6_DAC_IRQHandler
                0x0000000008001580                TIM1_BRK_TIM9_IRQHandler
                0x0000000008001580                CAN2_RX0_IRQHandler
                0x0000000008001580                DMA2_Stream3_IRQHandler
                0x0000000008001580                USART6_IRQHandler
                0x0000000008001580                USART3_IRQHandler
                0x0000000008001580                CAN1_RX1_IRQHandler
                0x0000000008001580                UART5_IRQHandler
                0x0000000008001580                DMA2_Stream0_IRQHandler
                0x0000000008001580                TIM4_IRQHandler
                0x0000000008001580                I2C1_EV_IRQHandler
                0x0000000008001580                DMA1_Stream6_IRQHandler
                0x0000000008001580                DMA1_Stream1_IRQHandler
                0x0000000008001580                UART4_IRQHandler
                0x0000000008001580                TIM3_IRQHandler
                0x0000000008001580                RCC_IRQHandler
                0x0000000008001580                TIM8_BRK_TIM12_IRQHandler
                0x0000000008001580                Default_Handler
                0x0000000008001580                EXTI15_10_IRQHandler
                0x0000000008001580                ADC_IRQHandler
                0x0000000008001580                DMA1_Stream7_IRQHandler
                0x0000000008001580                TIM7_IRQHandler
                0x0000000008001580                CAN2_TX_IRQHandler
                0x0000000008001580                TIM5_IRQHandler
                0x0000000008001580                DMA2_Stream7_IRQHandler
                0x0000000008001580                I2C3_EV_IRQHandler
                0x0000000008001580                EXTI9_5_IRQHandler
                0x0000000008001580                RTC_WKUP_IRQHandler
                0x0000000008001580                SPI2_IRQHandler
                0x0000000008001580                OTG_HS_EP1_IN_IRQHandler
                0x0000000008001580                DMA1_Stream0_IRQHandler
                0x0000000008001580                CAN1_TX_IRQHandler
                0x0000000008001580                EXTI4_IRQHandler
                0x0000000008001580                FSMC_IRQHandler
                0x0000000008001580                OTG_HS_EP1_OUT_IRQHandler
                0x0000000008001580                WWDG_IRQHandler
                0x0000000008001580                TIM2_IRQHandler
                0x0000000008001580                OTG_FS_WKUP_IRQHandler
                0x0000000008001580                TIM1_TRG_COM_TIM11_IRQHandler
                0x0000000008001580                OTG_HS_IRQHandler
                0x0000000008001580                EXTI1_IRQHandler
                0x0000000008001580                USART2_IRQHandler
                0x0000000008001580                I2C2_ER_IRQHandler
                0x0000000008001580                DMA2_Stream1_IRQHandler
                0x0000000008001580                CAN1_SCE_IRQHandler
                0x0000000008001580                FLASH_IRQHandler
                0x0000000008001580                DMA2_Stream4_IRQHandler
                0x0000000008001580                USART1_IRQHandler
                0x0000000008001580                OTG_FS_IRQHandler
                0x0000000008001580                SPI3_IRQHandler
                0x0000000008001580                DMA1_Stream4_IRQHandler
                0x0000000008001580                I2C1_ER_IRQHandler
                0x0000000008001580                DMA2_Stream6_IRQHandler
                0x0000000008001580                DMA1_Stream3_IRQHandler
 *fill*         0x0000000008001582        0x2 
 .text.HAL_Init
                0x0000000008001584       0x44 ./Drivers/STM32F4xx_HAL_Driver/Src/stm32f4xx_hal.o
                0x0000000008001584                HAL_Init
 .text.HAL_InitTick
                0x00000000080015c8       0x60 ./Drivers/STM32F4xx_HAL_Driver/Src/stm32f4xx_hal.o
                0x00000000080015c8                HAL_InitTick
 .text.HAL_IncTick
                0x0000000008001628       0x28 ./Drivers/STM32F4xx_HAL_Driver/Src/stm32f4xx_hal.o
                0x0000000008001628                HAL_IncTick
 .text.HAL_GetTick
                0x0000000008001650       0x18 ./Drivers/STM32F4xx_HAL_Driver/Src/stm32f4xx_hal.o
                0x0000000008001650                HAL_GetTick
 .text.HAL_Delay
                0x0000000008001668       0x48 ./Drivers/STM32F4xx_HAL_Driver/Src/stm32f4xx_hal.o
                0x0000000008001668                HAL_Delay
 .text.HAL_ADC_Init
                0x00000000080016b0       0x86 ./Drivers/STM32F4xx_HAL_Driver/Src/stm32f4xx_hal_adc.o
                0x00000000080016b0                HAL_ADC_Init
 *fill*         0x0000000008001736        0x2 
 .text.HAL_ADC_Start
                0x0000000008001738      0x1a4 ./Drivers/STM32F4xx_HAL_Driver/Src/stm32f4xx_hal_adc.o
                0x0000000008001738                HAL_ADC_Start
 .text.HAL_ADC_PollForConversion
                0x00000000080018dc      0x116 ./Drivers/STM32F4xx_HAL_Driver/Src/stm32f4xx_hal_adc.o
                0x00000000080018dc                HAL_ADC_PollForConversion
 .text.HAL_ADC_GetValue
                0x00000000080019f2       0x1a ./Drivers/STM32F4xx_HAL_Driver/Src/stm32f4xx_hal_adc.o
                0x00000000080019f2                HAL_ADC_GetValue
 .text.HAL_ADC_ConfigChannel
                0x0000000008001a0c      0x244 ./Drivers/STM32F4xx_HAL_Driver/Src/stm32f4xx_hal_adc.o
                0x0000000008001a0c                HAL_ADC_ConfigChannel
 .text.ADC_Init
                0x0000000008001c50      0x1f8 ./Drivers/STM32F4xx_HAL_Driver/Src/stm32f4xx_hal_adc.o
 .text.__NVIC_SetPriorityGrouping
                0x0000000008001e48       0x48 ./Drivers/STM32F4xx_HAL_Driver/Src/stm32f4xx_hal_cortex.o
 .text.__NVIC_GetPriorityGrouping
                0x0000000008001e90       0x1c ./Drivers/STM32F4xx_HAL_Driver/Src/stm32f4xx_hal_cortex.o
 .text.__NVIC_SetPriority
                0x0000000008001eac       0x54 ./Drivers/STM32F4xx_HAL_Driver/Src/stm32f4xx_hal_cortex.o
 .text.NVIC_EncodePriority
                0x0000000008001f00       0x66 ./Drivers/STM32F4xx_HAL_Driver/Src/stm32f4xx_hal_cortex.o
 *fill*         0x0000000008001f66        0x2 
 .text.SysTick_Config
                0x0000000008001f68       0x44 ./Drivers/STM32F4xx_HAL_Driver/Src/stm32f4xx_hal_cortex.o
 .text.HAL_NVIC_SetPriorityGrouping
                0x0000000008001fac       0x16 ./Drivers/STM32F4xx_HAL_Driver/Src/stm32f4xx_hal_cortex.o
                0x0000000008001fac                HAL_NVIC_SetPriorityGrouping
 .text.HAL_NVIC_SetPriority
                0x0000000008001fc2       0x38 ./Drivers/STM32F4xx_HAL_Driver/Src/stm32f4xx_hal_cortex.o
                0x0000000008001fc2                HAL_NVIC_SetPriority
 .text.HAL_SYSTICK_Config
                0x0000000008001ffa       0x18 ./Drivers/STM32F4xx_HAL_Driver/Src/stm32f4xx_hal_cortex.o
                0x0000000008001ffa                HAL_SYSTICK_Config
 *fill*         0x0000000008002012        0x2 
 .text.HAL_GPIO_Init
                0x0000000008002014      0x338 ./Drivers/STM32F4xx_HAL_Driver/Src/stm32f4xx_hal_gpio.o
                0x0000000008002014                HAL_GPIO_Init
 .text.HAL_GPIO_ReadPin
                0x000000000800234c       0x30 ./Drivers/STM32F4xx_HAL_Driver/Src/stm32f4xx_hal_gpio.o
                0x000000000800234c                HAL_GPIO_ReadPin
 .text.HAL_GPIO_WritePin
                0x000000000800237c       0x32 ./Drivers/STM32F4xx_HAL_Driver/Src/stm32f4xx_hal_gpio.o
                0x000000000800237c                HAL_GPIO_WritePin
 *fill*         0x00000000080023ae        0x2 
 .text.HAL_RCC_OscConfig
                0x00000000080023b0      0x4f0 ./Drivers/STM32F4xx_HAL_Driver/Src/stm32f4xx_hal_rcc.o
                0x00000000080023b0                HAL_RCC_OscConfig
 .text.HAL_RCC_ClockConfig
                0x00000000080028a0      0x1cc ./Drivers/STM32F4xx_HAL_Driver/Src/stm32f4xx_hal_rcc.o
                0x00000000080028a0                HAL_RCC_ClockConfig
 .text.HAL_RCC_GetSysClockFreq
                0x0000000008002a6c      0x18c ./Drivers/STM32F4xx_HAL_Driver/Src/stm32f4xx_hal_rcc.o
                0x0000000008002a6c                HAL_RCC_GetSysClockFreq
 .text.HAL_RCC_GetHCLKFreq
                0x0000000008002bf8       0x18 ./Drivers/STM32F4xx_HAL_Driver/Src/stm32f4xx_hal_rcc.o
                0x0000000008002bf8                HAL_RCC_GetHCLKFreq
 .text.HAL_TIM_Base_Init
                0x0000000008002c10       0x9e ./Drivers/STM32F4xx_HAL_Driver/Src/stm32f4xx_hal_tim.o
                0x0000000008002c10                HAL_TIM_Base_Init
 *fill*         0x0000000008002cae        0x2 
 .text.HAL_TIM_Base_Start
                0x0000000008002cb0       0xd0 ./Drivers/STM32F4xx_HAL_Driver/Src/stm32f4xx_hal_tim.o
                0x0000000008002cb0                HAL_TIM_Base_Start
 .text.HAL_TIM_PWM_Init
                0x0000000008002d80       0x9e ./Drivers/STM32F4xx_HAL_Driver/Src/stm32f4xx_hal_tim.o
                0x0000000008002d80                HAL_TIM_PWM_Init
 .text.HAL_TIM_PWM_MspInit
                0x0000000008002e1e       0x14 ./Drivers/STM32F4xx_HAL_Driver/Src/stm32f4xx_hal_tim.o
                0x0000000008002e1e                HAL_TIM_PWM_MspInit
 *fill*         0x0000000008002e32        0x2 
 .text.HAL_TIM_PWM_Start
                0x0000000008002e34      0x190 ./Drivers/STM32F4xx_HAL_Driver/Src/stm32f4xx_hal_tim.o
                0x0000000008002e34                HAL_TIM_PWM_Start
 .text.HAL_TIM_PWM_ConfigChannel
                0x0000000008002fc4      0x184 ./Drivers/STM32F4xx_HAL_Driver/Src/stm32f4xx_hal_tim.o
                0x0000000008002fc4                HAL_TIM_PWM_ConfigChannel
 .text.HAL_TIM_ConfigClockSource
                0x0000000008003148      0x18e ./Drivers/STM32F4xx_HAL_Driver/Src/stm32f4xx_hal_tim.o
                0x0000000008003148                HAL_TIM_ConfigClockSource
 *fill*         0x00000000080032d6        0x2 
 .text.TIM_Base_SetConfig
                0x00000000080032d8      0x140 ./Drivers/STM32F4xx_HAL_Driver/Src/stm32f4xx_hal_tim.o
                0x00000000080032d8                TIM_Base_SetConfig
 .text.TIM_OC1_SetConfig
                0x0000000008003418       0xe0 ./Drivers/STM32F4xx_HAL_Driver/Src/stm32f4xx_hal_tim.o
 .text.TIM_OC2_SetConfig
                0x00000000080034f8       0xec ./Drivers/STM32F4xx_HAL_Driver/Src/stm32f4xx_hal_tim.o
                0x00000000080034f8                TIM_OC2_SetConfig
 .text.TIM_OC3_SetConfig
                0x00000000080035e4       0xe8 ./Drivers/STM32F4xx_HAL_Driver/Src/stm32f4xx_hal_tim.o
 .text.TIM_OC4_SetConfig
                0x00000000080036cc       0xac ./Drivers/STM32F4xx_HAL_Driver/Src/stm32f4xx_hal_tim.o
 .text.TIM_TI1_ConfigInputStage
                0x0000000008003778       0x5e ./Drivers/STM32F4xx_HAL_Driver/Src/stm32f4xx_hal_tim.o
 .text.TIM_TI2_ConfigInputStage
                0x00000000080037d6       0x60 ./Drivers/STM32F4xx_HAL_Driver/Src/stm32f4xx_hal_tim.o
 .text.TIM_ITRx_SetConfig
                0x0000000008003836       0x36 ./Drivers/STM32F4xx_HAL_Driver/Src/stm32f4xx_hal_tim.o
 .text.TIM_ETR_SetConfig
                0x000000000800386c       0x40 ./Drivers/STM32F4xx_HAL_Driver/Src/stm32f4xx_hal_tim.o
                0x000000000800386c                TIM_ETR_SetConfig
 .text.TIM_CCxChannelCmd
                0x00000000080038ac       0x4a ./Drivers/STM32F4xx_HAL_Driver/Src/stm32f4xx_hal_tim.o
                0x00000000080038ac                TIM_CCxChannelCmd
 *fill*         0x00000000080038f6        0x2 
 .text.HAL_TIMEx_MasterConfigSynchronization
                0x00000000080038f8       0xf8 ./Drivers/STM32F4xx_HAL_Driver/Src/stm32f4xx_hal_tim_ex.o
                0x00000000080038f8                HAL_TIMEx_MasterConfigSynchronization
 .text.makeFreeRtosPriority
                0x00000000080039f0       0x30 ./Middlewares/Third_Party/FreeRTOS/Source/CMSIS_RTOS/cmsis_os.o
 .text.osKernelStart
                0x0000000008003a20        0xe ./Middlewares/Third_Party/FreeRTOS/Source/CMSIS_RTOS/cmsis_os.o
                0x0000000008003a20                osKernelStart
 .text.osThreadCreate
                0x0000000008003a2e       0x98 ./Middlewares/Third_Party/FreeRTOS/Source/CMSIS_RTOS/cmsis_os.o
                0x0000000008003a2e                osThreadCreate
 .text.osDelay  0x0000000008003ac6       0x28 ./Middlewares/Third_Party/FreeRTOS/Source/CMSIS_RTOS/cmsis_os.o
                0x0000000008003ac6                osDelay
 .text.vListInitialise
                0x0000000008003aee       0x40 ./Middlewares/Third_Party/FreeRTOS/Source/list.o
                0x0000000008003aee                vListInitialise
 .text.vListInitialiseItem
                0x0000000008003b2e       0x1a ./Middlewares/Third_Party/FreeRTOS/Source/list.o
                0x0000000008003b2e                vListInitialiseItem
 .text.vListInsertEnd
                0x0000000008003b48       0x48 ./Middlewares/Third_Party/FreeRTOS/Source/list.o
                0x0000000008003b48                vListInsertEnd
 .text.vListInsert
                0x0000000008003b90       0x72 ./Middlewares/Third_Party/FreeRTOS/Source/list.o
                0x0000000008003b90                vListInsert
 .text.uxListRemove
                0x0000000008003c02       0x54 ./Middlewares/Third_Party/FreeRTOS/Source/list.o
                0x0000000008003c02                uxListRemove
 .text.xTaskCreateStatic
                0x0000000008003c56       0xba ./Middlewares/Third_Party/FreeRTOS/Source/tasks.o
                0x0000000008003c56                xTaskCreateStatic
 .text.xTaskCreate
                0x0000000008003d10       0x8a ./Middlewares/Third_Party/FreeRTOS/Source/tasks.o
                0x0000000008003d10                xTaskCreate
 *fill*         0x0000000008003d9a        0x2 
 .text.prvInitialiseNewTask
                0x0000000008003d9c      0x158 ./Middlewares/Third_Party/FreeRTOS/Source/tasks.o
 .text.prvAddNewTaskToReadyList
                0x0000000008003ef4       0xdc ./Middlewares/Third_Party/FreeRTOS/Source/tasks.o
 .text.vTaskDelay
                0x0000000008003fd0       0x68 ./Middlewares/Third_Party/FreeRTOS/Source/tasks.o
                0x0000000008003fd0                vTaskDelay
 .text.vTaskStartScheduler
                0x0000000008004038       0xd8 ./Middlewares/Third_Party/FreeRTOS/Source/tasks.o
                0x0000000008004038                vTaskStartScheduler
 .text.vTaskSuspendAll
                0x0000000008004110       0x1c ./Middlewares/Third_Party/FreeRTOS/Source/tasks.o
                0x0000000008004110                vTaskSuspendAll
 .text.xTaskResumeAll
                0x000000000800412c      0x138 ./Middlewares/Third_Party/FreeRTOS/Source/tasks.o
                0x000000000800412c                xTaskResumeAll
 .text.xTaskIncrementTick
                0x0000000008004264      0x180 ./Middlewares/Third_Party/FreeRTOS/Source/tasks.o
                0x0000000008004264                xTaskIncrementTick
 .text.vTaskSwitchContext
                0x00000000080043e4      0x11c ./Middlewares/Third_Party/FreeRTOS/Source/tasks.o
                0x00000000080043e4                vTaskSwitchContext
 .text.prvIdleTask
                0x0000000008004500       0x34 ./Middlewares/Third_Party/FreeRTOS/Source/tasks.o
 .text.prvInitialiseTaskLists
                0x0000000008004534       0x80 ./Middlewares/Third_Party/FreeRTOS/Source/tasks.o
 .text.prvCheckTasksWaitingTermination
                0x00000000080045b4       0x5c ./Middlewares/Third_Party/FreeRTOS/Source/tasks.o
 .text.prvDeleteTCB
                0x0000000008004610       0x68 ./Middlewares/Third_Party/FreeRTOS/Source/tasks.o
 .text.prvResetNextTaskUnblockTime
                0x0000000008004678       0x40 ./Middlewares/Third_Party/FreeRTOS/Source/tasks.o
 .text.xTaskGetSchedulerState
                0x00000000080046b8       0x3c ./Middlewares/Third_Party/FreeRTOS/Source/tasks.o
                0x00000000080046b8                xTaskGetSchedulerState
 .text.prvAddCurrentTaskToDelayedList
                0x00000000080046f4       0xcc ./Middlewares/Third_Party/FreeRTOS/Source/tasks.o
 .text.pxPortInitialiseStack
                0x00000000080047c0       0x68 ./Middlewares/Third_Party/FreeRTOS/Source/portable/GCC/ARM_CM4F/port.o
                0x00000000080047c0                pxPortInitialiseStack
 .text.prvTaskExitError
                0x0000000008004828       0x58 ./Middlewares/Third_Party/FreeRTOS/Source/portable/GCC/ARM_CM4F/port.o
 .text.SVC_Handler
                0x0000000008004880       0x28 ./Middlewares/Third_Party/FreeRTOS/Source/portable/GCC/ARM_CM4F/port.o
                0x0000000008004880                SVC_Handler
 .text.prvPortStartFirstTask
                0x00000000080048a8       0x28 ./Middlewares/Third_Party/FreeRTOS/Source/portable/GCC/ARM_CM4F/port.o
 .text.xPortStartScheduler
                0x00000000080048d0      0x144 ./Middlewares/Third_Party/FreeRTOS/Source/portable/GCC/ARM_CM4F/port.o
                0x00000000080048d0                xPortStartScheduler
 .text.vPortEnterCritical
                0x0000000008004a14       0x60 ./Middlewares/Third_Party/FreeRTOS/Source/portable/GCC/ARM_CM4F/port.o
                0x0000000008004a14                vPortEnterCritical
 .text.vPortExitCritical
                0x0000000008004a74       0x54 ./Middlewares/Third_Party/FreeRTOS/Source/portable/GCC/ARM_CM4F/port.o
                0x0000000008004a74                vPortExitCritical
 *fill*         0x0000000008004ac8        0x8 
 .text.PendSV_Handler
                0x0000000008004ad0       0x68 ./Middlewares/Third_Party/FreeRTOS/Source/portable/GCC/ARM_CM4F/port.o
                0x0000000008004ad0                PendSV_Handler
 .text.xPortSysTickHandler
                0x0000000008004b38       0x44 ./Middlewares/Third_Party/FreeRTOS/Source/portable/GCC/ARM_CM4F/port.o
                0x0000000008004b38                xPortSysTickHandler
 .text.vPortSetupTimerInterrupt
                0x0000000008004b7c       0x48 ./Middlewares/Third_Party/FreeRTOS/Source/portable/GCC/ARM_CM4F/port.o
                0x0000000008004b7c                vPortSetupTimerInterrupt
 .text.vPortEnableVFP
                0x0000000008004bc4       0x14 ./Middlewares/Third_Party/FreeRTOS/Source/portable/GCC/ARM_CM4F/port.o
 .text.pvPortMalloc
                0x0000000008004bd8      0x198 ./Middlewares/Third_Party/FreeRTOS/Source/portable/MemMang/heap_4.o
                0x0000000008004bd8                pvPortMalloc
 .text.vPortFree
                0x0000000008004d70       0xc4 ./Middlewares/Third_Party/FreeRTOS/Source/portable/MemMang/heap_4.o
                0x0000000008004d70                vPortFree
 .text.prvHeapInit
                0x0000000008004e34       0xc4 ./Middlewares/Third_Party/FreeRTOS/Source/portable/MemMang/heap_4.o
 .text.prvInsertBlockIntoFreeList
                0x0000000008004ef8       0xb4 ./Middlewares/Third_Party/FreeRTOS/Source/portable/MemMang/heap_4.o
 .text.__libc_init_array
                0x0000000008004fac       0x48 c:/st/stm32cubeide_1.11.0/stm32cubeide/plugins/com.st.stm32cube.ide.mcu.externaltools.gnu-tools-for-stm32.10.3-2021.10.win32_1.0.100.202210260954/tools/bin/../lib/gcc/arm-none-eabi/10.3.1/../../../../arm-none-eabi/lib/thumb/v7e-m+fp/hard\libc_nano.a(lib_a-init.o)
                0x0000000008004fac                __libc_init_array
 .text.__retarget_lock_acquire_recursive
                0x0000000008004ff4        0x2 c:/st/stm32cubeide_1.11.0/stm32cubeide/plugins/com.st.stm32cube.ide.mcu.externaltools.gnu-tools-for-stm32.10.3-2021.10.win32_1.0.100.202210260954/tools/bin/../lib/gcc/arm-none-eabi/10.3.1/../../../../arm-none-eabi/lib/thumb/v7e-m+fp/hard\libc_nano.a(lib_a-lock.o)
                0x0000000008004ff4                __retarget_lock_acquire_recursive
 .text.__retarget_lock_release_recursive
                0x0000000008004ff6        0x2 c:/st/stm32cubeide_1.11.0/stm32cubeide/plugins/com.st.stm32cube.ide.mcu.externaltools.gnu-tools-for-stm32.10.3-2021.10.win32_1.0.100.202210260954/tools/bin/../lib/gcc/arm-none-eabi/10.3.1/../../../../arm-none-eabi/lib/thumb/v7e-m+fp/hard\libc_nano.a(lib_a-lock.o)
                0x0000000008004ff6                __retarget_lock_release_recursive
 .text.memset   0x0000000008004ff8       0x10 c:/st/stm32cubeide_1.11.0/stm32cubeide/plugins/com.st.stm32cube.ide.mcu.externaltools.gnu-tools-for-stm32.10.3-2021.10.win32_1.0.100.202210260954/tools/bin/../lib/gcc/arm-none-eabi/10.3.1/../../../../arm-none-eabi/lib/thumb/v7e-m+fp/hard\libc_nano.a(lib_a-memset.o)
                0x0000000008004ff8                memset
 .text.cleanup_glue
                0x0000000008005008       0x1a c:/st/stm32cubeide_1.11.0/stm32cubeide/plugins/com.st.stm32cube.ide.mcu.externaltools.gnu-tools-for-stm32.10.3-2021.10.win32_1.0.100.202210260954/tools/bin/../lib/gcc/arm-none-eabi/10.3.1/../../../../arm-none-eabi/lib/thumb/v7e-m+fp/hard\libc_nano.a(lib_a-reent.o)
                0x0000000008005008                cleanup_glue
 *fill*         0x0000000008005022        0x2 
 .text._reclaim_reent
                0x0000000008005024       0xb8 c:/st/stm32cubeide_1.11.0/stm32cubeide/plugins/com.st.stm32cube.ide.mcu.externaltools.gnu-tools-for-stm32.10.3-2021.10.win32_1.0.100.202210260954/tools/bin/../lib/gcc/arm-none-eabi/10.3.1/../../../../arm-none-eabi/lib/thumb/v7e-m+fp/hard\libc_nano.a(lib_a-reent.o)
                0x0000000008005024                _reclaim_reent
 .text.__malloc_lock
                0x00000000080050dc        0xc c:/st/stm32cubeide_1.11.0/stm32cubeide/plugins/com.st.stm32cube.ide.mcu.externaltools.gnu-tools-for-stm32.10.3-2021.10.win32_1.0.100.202210260954/tools/bin/../lib/gcc/arm-none-eabi/10.3.1/../../../../arm-none-eabi/lib/thumb/v7e-m+fp/hard\libc_nano.a(lib_a-mlock.o)
                0x00000000080050dc                __malloc_lock
 .text.__malloc_unlock
                0x00000000080050e8        0xc c:/st/stm32cubeide_1.11.0/stm32cubeide/plugins/com.st.stm32cube.ide.mcu.externaltools.gnu-tools-for-stm32.10.3-2021.10.win32_1.0.100.202210260954/tools/bin/../lib/gcc/arm-none-eabi/10.3.1/../../../../arm-none-eabi/lib/thumb/v7e-m+fp/hard\libc_nano.a(lib_a-mlock.o)
                0x00000000080050e8                __malloc_unlock
 .text._free_r  0x00000000080050f4       0x98 c:/st/stm32cubeide_1.11.0/stm32cubeide/plugins/com.st.stm32cube.ide.mcu.externaltools.gnu-tools-for-stm32.10.3-2021.10.win32_1.0.100.202210260954/tools/bin/../lib/gcc/arm-none-eabi/10.3.1/../../../../arm-none-eabi/lib/thumb/v7e-m+fp/hard\libc_nano.a(lib_a-nano-freer.o)
                0x00000000080050f4                _free_r
 *(.glue_7)
 .glue_7        0x000000000800518c        0x0 linker stubs
 *(.glue_7t)
 .glue_7t       0x000000000800518c        0x0 linker stubs
 *(.eh_frame)
 .eh_frame      0x000000000800518c        0x0 c:/st/stm32cubeide_1.11.0/stm32cubeide/plugins/com.st.stm32cube.ide.mcu.externaltools.gnu-tools-for-stm32.10.3-2021.10.win32_1.0.100.202210260954/tools/bin/../lib/gcc/arm-none-eabi/10.3.1/thumb/v7e-m+fp/hard/crtbegin.o
 *(.init)
 .init          0x000000000800518c        0x4 c:/st/stm32cubeide_1.11.0/stm32cubeide/plugins/com.st.stm32cube.ide.mcu.externaltools.gnu-tools-for-stm32.10.3-2021.10.win32_1.0.100.202210260954/tools/bin/../lib/gcc/arm-none-eabi/10.3.1/thumb/v7e-m+fp/hard/crti.o
                0x000000000800518c                _init
 .init          0x0000000008005190        0x8 c:/st/stm32cubeide_1.11.0/stm32cubeide/plugins/com.st.stm32cube.ide.mcu.externaltools.gnu-tools-for-stm32.10.3-2021.10.win32_1.0.100.202210260954/tools/bin/../lib/gcc/arm-none-eabi/10.3.1/thumb/v7e-m+fp/hard/crtn.o
 *(.fini)
 .fini          0x0000000008005198        0x4 c:/st/stm32cubeide_1.11.0/stm32cubeide/plugins/com.st.stm32cube.ide.mcu.externaltools.gnu-tools-for-stm32.10.3-2021.10.win32_1.0.100.202210260954/tools/bin/../lib/gcc/arm-none-eabi/10.3.1/thumb/v7e-m+fp/hard/crti.o
                0x0000000008005198                _fini
 .fini          0x000000000800519c        0x8 c:/st/stm32cubeide_1.11.0/stm32cubeide/plugins/com.st.stm32cube.ide.mcu.externaltools.gnu-tools-for-stm32.10.3-2021.10.win32_1.0.100.202210260954/tools/bin/../lib/gcc/arm-none-eabi/10.3.1/thumb/v7e-m+fp/hard/crtn.o
                0x00000000080051a4                . = ALIGN (0x4)
                0x00000000080051a4                _etext = .

.vfp11_veneer   0x00000000080051a4        0x0
 .vfp11_veneer  0x00000000080051a4        0x0 linker stubs

.v4_bx          0x00000000080051a4        0x0
 .v4_bx         0x00000000080051a4        0x0 linker stubs

.iplt           0x00000000080051a4        0x0
 .iplt          0x00000000080051a4        0x0 c:/st/stm32cubeide_1.11.0/stm32cubeide/plugins/com.st.stm32cube.ide.mcu.externaltools.gnu-tools-for-stm32.10.3-2021.10.win32_1.0.100.202210260954/tools/bin/../lib/gcc/arm-none-eabi/10.3.1/thumb/v7e-m+fp/hard/crtbegin.o

.rodata         0x00000000080051a4       0xfc
                0x00000000080051a4                . = ALIGN (0x4)
 *(.rodata)
 .rodata        0x00000000080051a4       0x5c ./Core/Src/main.o
 .rodata        0x0000000008005200       0x30 ./Middlewares/Third_Party/FreeRTOS/Source/tasks.o
 *(.rodata*)
 .rodata.AHBPrescTable
                0x0000000008005230       0x10 ./Core/Src/system_stm32f4xx.o
                0x0000000008005230                AHBPrescTable
 .rodata.__sf_fake_stderr
                0x0000000008005240       0x20 c:/st/stm32cubeide_1.11.0/stm32cubeide/plugins/com.st.stm32cube.ide.mcu.externaltools.gnu-tools-for-stm32.10.3-2021.10.win32_1.0.100.202210260954/tools/bin/../lib/gcc/arm-none-eabi/10.3.1/../../../../arm-none-eabi/lib/thumb/v7e-m+fp/hard\libc_nano.a(lib_a-findfp.o)
                0x0000000008005240                __sf_fake_stderr
 .rodata.__sf_fake_stdin
                0x0000000008005260       0x20 c:/st/stm32cubeide_1.11.0/stm32cubeide/plugins/com.st.stm32cube.ide.mcu.externaltools.gnu-tools-for-stm32.10.3-2021.10.win32_1.0.100.202210260954/tools/bin/../lib/gcc/arm-none-eabi/10.3.1/../../../../arm-none-eabi/lib/thumb/v7e-m+fp/hard\libc_nano.a(lib_a-findfp.o)
                0x0000000008005260                __sf_fake_stdin
 .rodata.__sf_fake_stdout
                0x0000000008005280       0x20 c:/st/stm32cubeide_1.11.0/stm32cubeide/plugins/com.st.stm32cube.ide.mcu.externaltools.gnu-tools-for-stm32.10.3-2021.10.win32_1.0.100.202210260954/tools/bin/../lib/gcc/arm-none-eabi/10.3.1/../../../../arm-none-eabi/lib/thumb/v7e-m+fp/hard\libc_nano.a(lib_a-findfp.o)
                0x0000000008005280                __sf_fake_stdout
                0x00000000080052a0                . = ALIGN (0x4)

.ARM.extab      0x00000000080052a0        0x0
                0x00000000080052a0                . = ALIGN (0x4)
 *(.ARM.extab* .gnu.linkonce.armextab.*)
                0x00000000080052a0                . = ALIGN (0x4)

.ARM            0x00000000080052a0        0x8
                0x00000000080052a0                . = ALIGN (0x4)
                0x00000000080052a0                __exidx_start = .
 *(.ARM.exidx*)
 .ARM.exidx     0x00000000080052a0        0x8 c:/st/stm32cubeide_1.11.0/stm32cubeide/plugins/com.st.stm32cube.ide.mcu.externaltools.gnu-tools-for-stm32.10.3-2021.10.win32_1.0.100.202210260954/tools/bin/../lib/gcc/arm-none-eabi/10.3.1/thumb/v7e-m+fp/hard\libgcc.a(_udivmoddi4.o)
                0x00000000080052a8                __exidx_end = .
                0x00000000080052a8                . = ALIGN (0x4)

.rel.dyn        0x00000000080052a8        0x0
 .rel.iplt      0x00000000080052a8        0x0 c:/st/stm32cubeide_1.11.0/stm32cubeide/plugins/com.st.stm32cube.ide.mcu.externaltools.gnu-tools-for-stm32.10.3-2021.10.win32_1.0.100.202210260954/tools/bin/../lib/gcc/arm-none-eabi/10.3.1/thumb/v7e-m+fp/hard/crtbegin.o

.preinit_array  0x00000000080052a8        0x0
                0x00000000080052a8                . = ALIGN (0x4)
                0x00000000080052a8                PROVIDE (__preinit_array_start = .)
 *(.preinit_array*)
                0x00000000080052a8                PROVIDE (__preinit_array_end = .)
                0x00000000080052a8                . = ALIGN (0x4)

.init_array     0x00000000080052a8        0x4
                0x00000000080052a8                . = ALIGN (0x4)
                0x00000000080052a8                PROVIDE (__init_array_start = .)
 *(SORT_BY_NAME(.init_array.*))
 *(.init_array*)
 .init_array    0x00000000080052a8        0x4 c:/st/stm32cubeide_1.11.0/stm32cubeide/plugins/com.st.stm32cube.ide.mcu.externaltools.gnu-tools-for-stm32.10.3-2021.10.win32_1.0.100.202210260954/tools/bin/../lib/gcc/arm-none-eabi/10.3.1/thumb/v7e-m+fp/hard/crtbegin.o
                0x00000000080052ac                PROVIDE (__init_array_end = .)
                0x00000000080052ac                . = ALIGN (0x4)

.fini_array     0x00000000080052ac        0x4
                0x00000000080052ac                . = ALIGN (0x4)
                [!provide]                        PROVIDE (__fini_array_start = .)
 *(SORT_BY_NAME(.fini_array.*))
 *(.fini_array*)
 .fini_array    0x00000000080052ac        0x4 c:/st/stm32cubeide_1.11.0/stm32cubeide/plugins/com.st.stm32cube.ide.mcu.externaltools.gnu-tools-for-stm32.10.3-2021.10.win32_1.0.100.202210260954/tools/bin/../lib/gcc/arm-none-eabi/10.3.1/thumb/v7e-m+fp/hard/crtbegin.o
                [!provide]                        PROVIDE (__fini_array_end = .)
                0x00000000080052b0                . = ALIGN (0x4)
                0x00000000080052b0                _sidata = LOADADDR (.data)

.data           0x0000000020000000       0x74 load address 0x00000000080052b0
                0x0000000020000000                . = ALIGN (0x4)
                0x0000000020000000                _sdata = .
 *(.data)
 *(.data*)
 .data.SystemCoreClock
                0x0000000020000000        0x4 ./Core/Src/system_stm32f4xx.o
                0x0000000020000000                SystemCoreClock
 .data.uwTickPrio
                0x0000000020000004        0x4 ./Drivers/STM32F4xx_HAL_Driver/Src/stm32f4xx_hal.o
                0x0000000020000004                uwTickPrio
 .data.uwTickFreq
                0x0000000020000008        0x1 ./Drivers/STM32F4xx_HAL_Driver/Src/stm32f4xx_hal.o
                0x0000000020000008                uwTickFreq
 *fill*         0x0000000020000009        0x3 
 .data.uxCriticalNesting
                0x000000002000000c        0x4 ./Middlewares/Third_Party/FreeRTOS/Source/portable/GCC/ARM_CM4F/port.o
 .data._impure_ptr
                0x0000000020000010        0x4 c:/st/stm32cubeide_1.11.0/stm32cubeide/plugins/com.st.stm32cube.ide.mcu.externaltools.gnu-tools-for-stm32.10.3-2021.10.win32_1.0.100.202210260954/tools/bin/../lib/gcc/arm-none-eabi/10.3.1/../../../../arm-none-eabi/lib/thumb/v7e-m+fp/hard\libc_nano.a(lib_a-impure.o)
                0x0000000020000010                _impure_ptr
 .data.impure_data
                0x0000000020000014       0x60 c:/st/stm32cubeide_1.11.0/stm32cubeide/plugins/com.st.stm32cube.ide.mcu.externaltools.gnu-tools-for-stm32.10.3-2021.10.win32_1.0.100.202210260954/tools/bin/../lib/gcc/arm-none-eabi/10.3.1/../../../../arm-none-eabi/lib/thumb/v7e-m+fp/hard\libc_nano.a(lib_a-impure.o)
 *(.RamFunc)
 *(.RamFunc*)
                0x0000000020000074                . = ALIGN (0x4)
                0x0000000020000074                _edata = .
                0x0000000008005324                _siccmram = LOADADDR (.ccmram)

.igot.plt       0x0000000020000074        0x0 load address 0x0000000008005324
 .igot.plt      0x0000000020000074        0x0 c:/st/stm32cubeide_1.11.0/stm32cubeide/plugins/com.st.stm32cube.ide.mcu.externaltools.gnu-tools-for-stm32.10.3-2021.10.win32_1.0.100.202210260954/tools/bin/../lib/gcc/arm-none-eabi/10.3.1/thumb/v7e-m+fp/hard/crtbegin.o

.ccmram         0x0000000010000000        0x0 load address 0x0000000008005324
                0x0000000010000000                . = ALIGN (0x4)
                0x0000000010000000                _sccmram = .
 *(.ccmram)
 *(.ccmram*)
                0x0000000010000000                . = ALIGN (0x4)
                0x0000000010000000                _eccmram = .
                0x0000000010000000                . = ALIGN (0x4)

.bss            0x0000000020000074     0x4244
                0x0000000020000074                _sbss = .
                0x0000000020000074                __bss_start__ = _sbss
 *(.bss)
 .bss           0x0000000020000074       0x1c c:/st/stm32cubeide_1.11.0/stm32cubeide/plugins/com.st.stm32cube.ide.mcu.externaltools.gnu-tools-for-stm32.10.3-2021.10.win32_1.0.100.202210260954/tools/bin/../lib/gcc/arm-none-eabi/10.3.1/thumb/v7e-m+fp/hard/crtbegin.o
 *(.bss*)
 .bss.GPIO_InitStruct
                0x0000000020000090       0x14 ./Core/Src/dht11.o
                0x0000000020000090                GPIO_InitStruct
 .bss.xIdleTaskTCBBuffer
                0x00000000200000a4       0xd0 ./Core/Src/freertos.o
 .bss.xIdleStack
                0x0000000020000174      0x200 ./Core/Src/freertos.o
 .bss.hadc1     0x0000000020000374       0x48 ./Core/Src/main.o
                0x0000000020000374                hadc1
 .bss.hadc2     0x00000000200003bc       0x48 ./Core/Src/main.o
                0x00000000200003bc                hadc2
 .bss.htim2     0x0000000020000404       0x48 ./Core/Src/main.o
                0x0000000020000404                htim2
 .bss.htim3     0x000000002000044c       0x48 ./Core/Src/main.o
                0x000000002000044c                htim3
 .bss.htim12    0x0000000020000494       0x48 ./Core/Src/main.o
                0x0000000020000494                htim12
 .bss.htim14    0x00000000200004dc       0x48 ./Core/Src/main.o
                0x00000000200004dc                htim14
 .bss.defaultTaskHandle
                0x0000000020000524        0x4 ./Core/Src/main.o
                0x0000000020000524                defaultTaskHandle
 .bss.x1Handle  0x0000000020000528        0x4 ./Core/Src/main.o
                0x0000000020000528                x1Handle
 .bss.x2Handle  0x000000002000052c        0x4 ./Core/Src/main.o
                0x000000002000052c                x2Handle
 .bss.x3Handle  0x0000000020000530        0x4 ./Core/Src/main.o
                0x0000000020000530                x3Handle
 .bss.x1Return  0x0000000020000534        0x4 ./Core/Src/main.o
                0x0000000020000534                x1Return
 .bss.x2Return  0x0000000020000538        0x4 ./Core/Src/main.o
                0x0000000020000538                x2Return
 .bss.x3Return  0x000000002000053c        0x4 ./Core/Src/main.o
                0x000000002000053c                x3Return
 .bss.analogIn  0x0000000020000540        0x4 ./Core/Src/main.o
                0x0000000020000540                analogIn
 .bss.check     0x0000000020000544        0x1 ./Core/Src/main.o
                0x0000000020000544                check
 *fill*         0x0000000020000545        0x3 
 .bss.dht       0x0000000020000548        0x2 ./Core/Src/main.o
                0x0000000020000548                dht
 .bss.flag      0x000000002000054a        0x1 ./Core/Src/main.o
                0x000000002000054a                flag
 *fill*         0x000000002000054b        0x1 
 .bss.ldr_value
                0x000000002000054c        0x4 ./Core/Src/main.o
                0x000000002000054c                ldr_value
 .bss.uwTick    0x0000000020000550        0x4 ./Drivers/STM32F4xx_HAL_Driver/Src/stm32f4xx_hal.o
                0x0000000020000550                uwTick
 .bss.pxCurrentTCB
                0x0000000020000554        0x4 ./Middlewares/Third_Party/FreeRTOS/Source/tasks.o
                0x0000000020000554                pxCurrentTCB
 .bss.pxReadyTasksLists
                0x0000000020000558       0x8c ./Middlewares/Third_Party/FreeRTOS/Source/tasks.o
 .bss.xDelayedTaskList1
                0x00000000200005e4       0x14 ./Middlewares/Third_Party/FreeRTOS/Source/tasks.o
 .bss.xDelayedTaskList2
                0x00000000200005f8       0x14 ./Middlewares/Third_Party/FreeRTOS/Source/tasks.o
 .bss.pxDelayedTaskList
                0x000000002000060c        0x4 ./Middlewares/Third_Party/FreeRTOS/Source/tasks.o
 .bss.pxOverflowDelayedTaskList
                0x0000000020000610        0x4 ./Middlewares/Third_Party/FreeRTOS/Source/tasks.o
 .bss.xPendingReadyList
                0x0000000020000614       0x14 ./Middlewares/Third_Party/FreeRTOS/Source/tasks.o
 .bss.xTasksWaitingTermination
                0x0000000020000628       0x14 ./Middlewares/Third_Party/FreeRTOS/Source/tasks.o
 .bss.uxDeletedTasksWaitingCleanUp
                0x000000002000063c        0x4 ./Middlewares/Third_Party/FreeRTOS/Source/tasks.o
 .bss.xSuspendedTaskList
                0x0000000020000640       0x14 ./Middlewares/Third_Party/FreeRTOS/Source/tasks.o
 .bss.uxCurrentNumberOfTasks
                0x0000000020000654        0x4 ./Middlewares/Third_Party/FreeRTOS/Source/tasks.o
 .bss.xTickCount
                0x0000000020000658        0x4 ./Middlewares/Third_Party/FreeRTOS/Source/tasks.o
 .bss.uxTopReadyPriority
                0x000000002000065c        0x4 ./Middlewares/Third_Party/FreeRTOS/Source/tasks.o
 .bss.xSchedulerRunning
                0x0000000020000660        0x4 ./Middlewares/Third_Party/FreeRTOS/Source/tasks.o
 .bss.xPendedTicks
                0x0000000020000664        0x4 ./Middlewares/Third_Party/FreeRTOS/Source/tasks.o
 .bss.xYieldPending
                0x0000000020000668        0x4 ./Middlewares/Third_Party/FreeRTOS/Source/tasks.o
 .bss.xNumOfOverflows
                0x000000002000066c        0x4 ./Middlewares/Third_Party/FreeRTOS/Source/tasks.o
 .bss.uxTaskNumber
                0x0000000020000670        0x4 ./Middlewares/Third_Party/FreeRTOS/Source/tasks.o
 .bss.xNextTaskUnblockTime
                0x0000000020000674        0x4 ./Middlewares/Third_Party/FreeRTOS/Source/tasks.o
 .bss.xIdleTaskHandle
                0x0000000020000678        0x4 ./Middlewares/Third_Party/FreeRTOS/Source/tasks.o
 .bss.uxSchedulerSuspended
                0x000000002000067c        0x4 ./Middlewares/Third_Party/FreeRTOS/Source/tasks.o
 .bss.ulTaskSwitchedInTime
                0x0000000020000680        0x4 ./Middlewares/Third_Party/FreeRTOS/Source/tasks.o
 .bss.ulTotalRunTime
                0x0000000020000684        0x4 ./Middlewares/Third_Party/FreeRTOS/Source/tasks.o
 .bss.ucMaxSysCallPriority
                0x0000000020000688        0x1 ./Middlewares/Third_Party/FreeRTOS/Source/portable/GCC/ARM_CM4F/port.o
 *fill*         0x0000000020000689        0x3 
 .bss.ulMaxPRIGROUPValue
                0x000000002000068c        0x4 ./Middlewares/Third_Party/FreeRTOS/Source/portable/GCC/ARM_CM4F/port.o
 .bss.ucHeap    0x0000000020000690     0x3c00 ./Middlewares/Third_Party/FreeRTOS/Source/portable/MemMang/heap_4.o
 .bss.xStart    0x0000000020004290        0x8 ./Middlewares/Third_Party/FreeRTOS/Source/portable/MemMang/heap_4.o
 .bss.pxEnd     0x0000000020004298        0x4 ./Middlewares/Third_Party/FreeRTOS/Source/portable/MemMang/heap_4.o
 .bss.xFreeBytesRemaining
                0x000000002000429c        0x4 ./Middlewares/Third_Party/FreeRTOS/Source/portable/MemMang/heap_4.o
 .bss.xMinimumEverFreeBytesRemaining
                0x00000000200042a0        0x4 ./Middlewares/Third_Party/FreeRTOS/Source/portable/MemMang/heap_4.o
 .bss.xNumberOfSuccessfulAllocations
                0x00000000200042a4        0x4 ./Middlewares/Third_Party/FreeRTOS/Source/portable/MemMang/heap_4.o
 .bss.xNumberOfSuccessfulFrees
                0x00000000200042a8        0x4 ./Middlewares/Third_Party/FreeRTOS/Source/portable/MemMang/heap_4.o
 .bss.xBlockAllocatedBit
                0x00000000200042ac        0x4 ./Middlewares/Third_Party/FreeRTOS/Source/portable/MemMang/heap_4.o
 .bss.__lock___malloc_recursive_mutex
                0x00000000200042b0        0x1 c:/st/stm32cubeide_1.11.0/stm32cubeide/plugins/com.st.stm32cube.ide.mcu.externaltools.gnu-tools-for-stm32.10.3-2021.10.win32_1.0.100.202210260954/tools/bin/../lib/gcc/arm-none-eabi/10.3.1/../../../../arm-none-eabi/lib/thumb/v7e-m+fp/hard\libc_nano.a(lib_a-lock.o)
                0x00000000200042b0                __lock___malloc_recursive_mutex
 *fill*         0x00000000200042b1        0x3 
 .bss.__malloc_free_list
                0x00000000200042b4        0x4 c:/st/stm32cubeide_1.11.0/stm32cubeide/plugins/com.st.stm32cube.ide.mcu.externaltools.gnu-tools-for-stm32.10.3-2021.10.win32_1.0.100.202210260954/tools/bin/../lib/gcc/arm-none-eabi/10.3.1/../../../../arm-none-eabi/lib/thumb/v7e-m+fp/hard\libc_nano.a(lib_a-nano-mallocr.o)
                0x00000000200042b4                __malloc_free_list
 *(COMMON)
                0x00000000200042b8                . = ALIGN (0x4)
                0x00000000200042b8                _ebss = .
                0x00000000200042b8                __bss_end__ = _ebss

._user_heap_stack
                0x00000000200042b8      0x600
                0x00000000200042b8                . = ALIGN (0x8)
                [!provide]                        PROVIDE (end = .)
                0x00000000200042b8                PROVIDE (_end = .)
                0x00000000200044b8                . = (. + _Min_Heap_Size)
 *fill*         0x00000000200042b8      0x200 
                0x00000000200048b8                . = (. + _Min_Stack_Size)
 *fill*         0x00000000200044b8      0x400 
                0x00000000200048b8                . = ALIGN (0x8)

/DISCARD/
 libc.a(*)
 libm.a(*)
 libgcc.a(*)

.ARM.attributes
                0x0000000000000000       0x30
 *(.ARM.attributes)
 .ARM.attributes
                0x0000000000000000       0x1e c:/st/stm32cubeide_1.11.0/stm32cubeide/plugins/com.st.stm32cube.ide.mcu.externaltools.gnu-tools-for-stm32.10.3-2021.10.win32_1.0.100.202210260954/tools/bin/../lib/gcc/arm-none-eabi/10.3.1/thumb/v7e-m+fp/hard/crti.o
 .ARM.attributes
                0x000000000000001e       0x34 c:/st/stm32cubeide_1.11.0/stm32cubeide/plugins/com.st.stm32cube.ide.mcu.externaltools.gnu-tools-for-stm32.10.3-2021.10.win32_1.0.100.202210260954/tools/bin/../lib/gcc/arm-none-eabi/10.3.1/thumb/v7e-m+fp/hard/crtbegin.o
 .ARM.attributes
                0x0000000000000052       0x34 ./Core/Src/dht11.o
 .ARM.attributes
                0x0000000000000086       0x34 ./Core/Src/freertos.o
 .ARM.attributes
                0x00000000000000ba       0x34 ./Core/Src/main.o
 .ARM.attributes
                0x00000000000000ee       0x34 ./Core/Src/stm32f4xx_hal_msp.o
 .ARM.attributes
                0x0000000000000122       0x34 ./Core/Src/stm32f4xx_it.o
 .ARM.attributes
                0x0000000000000156       0x34 ./Core/Src/system_stm32f4xx.o
 .ARM.attributes
                0x000000000000018a       0x21 ./Core/Startup/startup_stm32f405rgtx.o
 .ARM.attributes
                0x00000000000001ab       0x34 ./Drivers/STM32F4xx_HAL_Driver/Src/stm32f4xx_hal.o
 .ARM.attributes
                0x00000000000001df       0x34 ./Drivers/STM32F4xx_HAL_Driver/Src/stm32f4xx_hal_adc.o
 .ARM.attributes
                0x0000000000000213       0x34 ./Drivers/STM32F4xx_HAL_Driver/Src/stm32f4xx_hal_cortex.o
 .ARM.attributes
                0x0000000000000247       0x34 ./Drivers/STM32F4xx_HAL_Driver/Src/stm32f4xx_hal_gpio.o
 .ARM.attributes
                0x000000000000027b       0x34 ./Drivers/STM32F4xx_HAL_Driver/Src/stm32f4xx_hal_rcc.o
 .ARM.attributes
                0x00000000000002af       0x34 ./Drivers/STM32F4xx_HAL_Driver/Src/stm32f4xx_hal_tim.o
 .ARM.attributes
                0x00000000000002e3       0x34 ./Drivers/STM32F4xx_HAL_Driver/Src/stm32f4xx_hal_tim_ex.o
 .ARM.attributes
                0x0000000000000317       0x34 ./Middlewares/Third_Party/FreeRTOS/Source/CMSIS_RTOS/cmsis_os.o
 .ARM.attributes
                0x000000000000034b       0x34 ./Middlewares/Third_Party/FreeRTOS/Source/list.o
 .ARM.attributes
                0x000000000000037f       0x34 ./Middlewares/Third_Party/FreeRTOS/Source/tasks.o
 .ARM.attributes
                0x00000000000003b3       0x34 ./Middlewares/Third_Party/FreeRTOS/Source/portable/GCC/ARM_CM4F/port.o
 .ARM.attributes
                0x00000000000003e7       0x34 ./Middlewares/Third_Party/FreeRTOS/Source/portable/MemMang/heap_4.o
 .ARM.attributes
                0x000000000000041b       0x34 c:/st/stm32cubeide_1.11.0/stm32cubeide/plugins/com.st.stm32cube.ide.mcu.externaltools.gnu-tools-for-stm32.10.3-2021.10.win32_1.0.100.202210260954/tools/bin/../lib/gcc/arm-none-eabi/10.3.1/../../../../arm-none-eabi/lib/thumb/v7e-m+fp/hard\libc_nano.a(lib_a-findfp.o)
 .ARM.attributes
                0x000000000000044f       0x34 c:/st/stm32cubeide_1.11.0/stm32cubeide/plugins/com.st.stm32cube.ide.mcu.externaltools.gnu-tools-for-stm32.10.3-2021.10.win32_1.0.100.202210260954/tools/bin/../lib/gcc/arm-none-eabi/10.3.1/../../../../arm-none-eabi/lib/thumb/v7e-m+fp/hard\libc_nano.a(lib_a-impure.o)
 .ARM.attributes
                0x0000000000000483       0x34 c:/st/stm32cubeide_1.11.0/stm32cubeide/plugins/com.st.stm32cube.ide.mcu.externaltools.gnu-tools-for-stm32.10.3-2021.10.win32_1.0.100.202210260954/tools/bin/../lib/gcc/arm-none-eabi/10.3.1/../../../../arm-none-eabi/lib/thumb/v7e-m+fp/hard\libc_nano.a(lib_a-init.o)
 .ARM.attributes
                0x00000000000004b7       0x34 c:/st/stm32cubeide_1.11.0/stm32cubeide/plugins/com.st.stm32cube.ide.mcu.externaltools.gnu-tools-for-stm32.10.3-2021.10.win32_1.0.100.202210260954/tools/bin/../lib/gcc/arm-none-eabi/10.3.1/../../../../arm-none-eabi/lib/thumb/v7e-m+fp/hard\libc_nano.a(lib_a-lock.o)
 .ARM.attributes
                0x00000000000004eb       0x34 c:/st/stm32cubeide_1.11.0/stm32cubeide/plugins/com.st.stm32cube.ide.mcu.externaltools.gnu-tools-for-stm32.10.3-2021.10.win32_1.0.100.202210260954/tools/bin/../lib/gcc/arm-none-eabi/10.3.1/../../../../arm-none-eabi/lib/thumb/v7e-m+fp/hard\libc_nano.a(lib_a-memset.o)
 .ARM.attributes
                0x000000000000051f       0x34 c:/st/stm32cubeide_1.11.0/stm32cubeide/plugins/com.st.stm32cube.ide.mcu.externaltools.gnu-tools-for-stm32.10.3-2021.10.win32_1.0.100.202210260954/tools/bin/../lib/gcc/arm-none-eabi/10.3.1/../../../../arm-none-eabi/lib/thumb/v7e-m+fp/hard\libc_nano.a(lib_a-nano-mallocr.o)
 .ARM.attributes
                0x0000000000000553       0x34 c:/st/stm32cubeide_1.11.0/stm32cubeide/plugins/com.st.stm32cube.ide.mcu.externaltools.gnu-tools-for-stm32.10.3-2021.10.win32_1.0.100.202210260954/tools/bin/../lib/gcc/arm-none-eabi/10.3.1/../../../../arm-none-eabi/lib/thumb/v7e-m+fp/hard\libc_nano.a(lib_a-reent.o)
 .ARM.attributes
                0x0000000000000587       0x34 c:/st/stm32cubeide_1.11.0/stm32cubeide/plugins/com.st.stm32cube.ide.mcu.externaltools.gnu-tools-for-stm32.10.3-2021.10.win32_1.0.100.202210260954/tools/bin/../lib/gcc/arm-none-eabi/10.3.1/../../../../arm-none-eabi/lib/thumb/v7e-m+fp/hard\libc_nano.a(lib_a-mlock.o)
 .ARM.attributes
                0x00000000000005bb       0x34 c:/st/stm32cubeide_1.11.0/stm32cubeide/plugins/com.st.stm32cube.ide.mcu.externaltools.gnu-tools-for-stm32.10.3-2021.10.win32_1.0.100.202210260954/tools/bin/../lib/gcc/arm-none-eabi/10.3.1/../../../../arm-none-eabi/lib/thumb/v7e-m+fp/hard\libc_nano.a(lib_a-nano-freer.o)
 .ARM.attributes
                0x00000000000005ef       0x1e c:/st/stm32cubeide_1.11.0/stm32cubeide/plugins/com.st.stm32cube.ide.mcu.externaltools.gnu-tools-for-stm32.10.3-2021.10.win32_1.0.100.202210260954/tools/bin/../lib/gcc/arm-none-eabi/10.3.1/thumb/v7e-m+fp/hard\libgcc.a(_aeabi_uldivmod.o)
 .ARM.attributes
                0x000000000000060d       0x34 c:/st/stm32cubeide_1.11.0/stm32cubeide/plugins/com.st.stm32cube.ide.mcu.externaltools.gnu-tools-for-stm32.10.3-2021.10.win32_1.0.100.202210260954/tools/bin/../lib/gcc/arm-none-eabi/10.3.1/thumb/v7e-m+fp/hard\libgcc.a(_udivmoddi4.o)
 .ARM.attributes
                0x0000000000000641       0x1e c:/st/stm32cubeide_1.11.0/stm32cubeide/plugins/com.st.stm32cube.ide.mcu.externaltools.gnu-tools-for-stm32.10.3-2021.10.win32_1.0.100.202210260954/tools/bin/../lib/gcc/arm-none-eabi/10.3.1/thumb/v7e-m+fp/hard\libgcc.a(_dvmd_tls.o)
 .ARM.attributes
                0x000000000000065f       0x1e c:/st/stm32cubeide_1.11.0/stm32cubeide/plugins/com.st.stm32cube.ide.mcu.externaltools.gnu-tools-for-stm32.10.3-2021.10.win32_1.0.100.202210260954/tools/bin/../lib/gcc/arm-none-eabi/10.3.1/thumb/v7e-m+fp/hard/crtn.o
OUTPUT(GreenHouseRTOS.elf elf32-littlearm)
LOAD linker stubs
LOAD c:/st/stm32cubeide_1.11.0/stm32cubeide/plugins/com.st.stm32cube.ide.mcu.externaltools.gnu-tools-for-stm32.10.3-2021.10.win32_1.0.100.202210260954/tools/bin/../lib/gcc/arm-none-eabi/10.3.1/../../../../arm-none-eabi/lib/thumb/v7e-m+fp/hard\libc.a
LOAD c:/st/stm32cubeide_1.11.0/stm32cubeide/plugins/com.st.stm32cube.ide.mcu.externaltools.gnu-tools-for-stm32.10.3-2021.10.win32_1.0.100.202210260954/tools/bin/../lib/gcc/arm-none-eabi/10.3.1/../../../../arm-none-eabi/lib/thumb/v7e-m+fp/hard\libm.a
LOAD c:/st/stm32cubeide_1.11.0/stm32cubeide/plugins/com.st.stm32cube.ide.mcu.externaltools.gnu-tools-for-stm32.10.3-2021.10.win32_1.0.100.202210260954/tools/bin/../lib/gcc/arm-none-eabi/10.3.1/thumb/v7e-m+fp/hard\libgcc.a

.debug_info     0x0000000000000000    0x11d48
 .debug_info    0x0000000000000000      0x691 ./Core/Src/dht11.o
 .debug_info    0x0000000000000691      0xa7e ./Core/Src/freertos.o
 .debug_info    0x000000000000110f     0x2145 ./Core/Src/main.o
 .debug_info    0x0000000000003254     0x1098 ./Core/Src/stm32f4xx_hal_msp.o
 .debug_info    0x00000000000042ec      0x125 ./Core/Src/stm32f4xx_it.o
 .debug_info    0x0000000000004411      0x523 ./Core/Src/system_stm32f4xx.o
 .debug_info    0x0000000000004934       0x22 ./Core/Startup/startup_stm32f405rgtx.o
 .debug_info    0x0000000000004956      0x96a ./Drivers/STM32F4xx_HAL_Driver/Src/stm32f4xx_hal.o
 .debug_info    0x00000000000052c0      0xd70 ./Drivers/STM32F4xx_HAL_Driver/Src/stm32f4xx_hal_adc.o
 .debug_info    0x0000000000006030      0xe09 ./Drivers/STM32F4xx_HAL_Driver/Src/stm32f4xx_hal_cortex.o
 .debug_info    0x0000000000006e39      0x76a ./Drivers/STM32F4xx_HAL_Driver/Src/stm32f4xx_hal_gpio.o
 .debug_info    0x00000000000075a3      0x966 ./Drivers/STM32F4xx_HAL_Driver/Src/stm32f4xx_hal_rcc.o
 .debug_info    0x0000000000007f09     0x2bbe ./Drivers/STM32F4xx_HAL_Driver/Src/stm32f4xx_hal_tim.o
 .debug_info    0x000000000000aac7     0x15e0 ./Drivers/STM32F4xx_HAL_Driver/Src/stm32f4xx_hal_tim_ex.o
 .debug_info    0x000000000000c0a7     0x23b9 ./Middlewares/Third_Party/FreeRTOS/Source/CMSIS_RTOS/cmsis_os.o
 .debug_info    0x000000000000e460      0x2d1 ./Middlewares/Third_Party/FreeRTOS/Source/list.o
 .debug_info    0x000000000000e731     0x2c05 ./Middlewares/Third_Party/FreeRTOS/Source/tasks.o
 .debug_info    0x0000000000011336      0x507 ./Middlewares/Third_Party/FreeRTOS/Source/portable/GCC/ARM_CM4F/port.o
 .debug_info    0x000000000001183d      0x50b ./Middlewares/Third_Party/FreeRTOS/Source/portable/MemMang/heap_4.o

.debug_abbrev   0x0000000000000000     0x2909
 .debug_abbrev  0x0000000000000000      0x21b ./Core/Src/dht11.o
 .debug_abbrev  0x000000000000021b      0x19f ./Core/Src/freertos.o
 .debug_abbrev  0x00000000000003ba      0x37e ./Core/Src/main.o
 .debug_abbrev  0x0000000000000738      0x21f ./Core/Src/stm32f4xx_hal_msp.o
 .debug_abbrev  0x0000000000000957       0x98 ./Core/Src/stm32f4xx_it.o
 .debug_abbrev  0x00000000000009ef      0x116 ./Core/Src/system_stm32f4xx.o
 .debug_abbrev  0x0000000000000b05       0x12 ./Core/Startup/startup_stm32f405rgtx.o
 .debug_abbrev  0x0000000000000b17      0x20d ./Drivers/STM32F4xx_HAL_Driver/Src/stm32f4xx_hal.o
 .debug_abbrev  0x0000000000000d24      0x244 ./Drivers/STM32F4xx_HAL_Driver/Src/stm32f4xx_hal_adc.o
 .debug_abbrev  0x0000000000000f68      0x316 ./Drivers/STM32F4xx_HAL_Driver/Src/stm32f4xx_hal_cortex.o
 .debug_abbrev  0x000000000000127e      0x1c4 ./Drivers/STM32F4xx_HAL_Driver/Src/stm32f4xx_hal_gpio.o
 .debug_abbrev  0x0000000000001442      0x2aa ./Drivers/STM32F4xx_HAL_Driver/Src/stm32f4xx_hal_rcc.o
 .debug_abbrev  0x00000000000016ec      0x25d ./Drivers/STM32F4xx_HAL_Driver/Src/stm32f4xx_hal_tim.o
 .debug_abbrev  0x0000000000001949      0x265 ./Drivers/STM32F4xx_HAL_Driver/Src/stm32f4xx_hal_tim_ex.o
 .debug_abbrev  0x0000000000001bae      0x406 ./Middlewares/Third_Party/FreeRTOS/Source/CMSIS_RTOS/cmsis_os.o
 .debug_abbrev  0x0000000000001fb4       0xf2 ./Middlewares/Third_Party/FreeRTOS/Source/list.o
 .debug_abbrev  0x00000000000020a6      0x3f8 ./Middlewares/Third_Party/FreeRTOS/Source/tasks.o
 .debug_abbrev  0x000000000000249e      0x259 ./Middlewares/Third_Party/FreeRTOS/Source/portable/GCC/ARM_CM4F/port.o
 .debug_abbrev  0x00000000000026f7      0x212 ./Middlewares/Third_Party/FreeRTOS/Source/portable/MemMang/heap_4.o

.debug_aranges  0x0000000000000000     0x1030
 .debug_aranges
                0x0000000000000000       0x58 ./Core/Src/dht11.o
 .debug_aranges
                0x0000000000000058       0x48 ./Core/Src/freertos.o
 .debug_aranges
                0x00000000000000a0       0xa8 ./Core/Src/main.o
 .debug_aranges
                0x0000000000000148       0x48 ./Core/Src/stm32f4xx_hal_msp.o
 .debug_aranges
                0x0000000000000190       0x50 ./Core/Src/stm32f4xx_it.o
 .debug_aranges
                0x00000000000001e0       0x28 ./Core/Src/system_stm32f4xx.o
 .debug_aranges
                0x0000000000000208       0x28 ./Core/Startup/startup_stm32f405rgtx.o
 .debug_aranges
                0x0000000000000230       0xf0 ./Drivers/STM32F4xx_HAL_Driver/Src/stm32f4xx_hal.o
 .debug_aranges
                0x0000000000000320       0xe8 ./Drivers/STM32F4xx_HAL_Driver/Src/stm32f4xx_hal_adc.o
 .debug_aranges
                0x0000000000000408      0x118 ./Drivers/STM32F4xx_HAL_Driver/Src/stm32f4xx_hal_cortex.o
 .debug_aranges
                0x0000000000000520       0x58 ./Drivers/STM32F4xx_HAL_Driver/Src/stm32f4xx_hal_gpio.o
 .debug_aranges
                0x0000000000000578       0x88 ./Drivers/STM32F4xx_HAL_Driver/Src/stm32f4xx_hal_rcc.o
 .debug_aranges
                0x0000000000000600      0x3d0 ./Drivers/STM32F4xx_HAL_Driver/Src/stm32f4xx_hal_tim.o
 .debug_aranges
                0x00000000000009d0      0x168 ./Drivers/STM32F4xx_HAL_Driver/Src/stm32f4xx_hal_tim_ex.o
 .debug_aranges
                0x0000000000000b38      0x1d8 ./Middlewares/Third_Party/FreeRTOS/Source/CMSIS_RTOS/cmsis_os.o
 .debug_aranges
                0x0000000000000d10       0x40 ./Middlewares/Third_Party/FreeRTOS/Source/list.o
 .debug_aranges
                0x0000000000000d50      0x208 ./Middlewares/Third_Party/FreeRTOS/Source/tasks.o
 .debug_aranges
                0x0000000000000f58       0x80 ./Middlewares/Third_Party/FreeRTOS/Source/portable/GCC/ARM_CM4F/port.o
 .debug_aranges
                0x0000000000000fd8       0x58 ./Middlewares/Third_Party/FreeRTOS/Source/portable/MemMang/heap_4.o

.debug_ranges   0x0000000000000000      0xf08
 .debug_ranges  0x0000000000000000       0x48 ./Core/Src/dht11.o
 .debug_ranges  0x0000000000000048       0x38 ./Core/Src/freertos.o
 .debug_ranges  0x0000000000000080       0x98 ./Core/Src/main.o
 .debug_ranges  0x0000000000000118       0x38 ./Core/Src/stm32f4xx_hal_msp.o
 .debug_ranges  0x0000000000000150       0x40 ./Core/Src/stm32f4xx_it.o
 .debug_ranges  0x0000000000000190       0x18 ./Core/Src/system_stm32f4xx.o
 .debug_ranges  0x00000000000001a8       0x20 ./Core/Startup/startup_stm32f405rgtx.o
 .debug_ranges  0x00000000000001c8       0xe0 ./Drivers/STM32F4xx_HAL_Driver/Src/stm32f4xx_hal.o
 .debug_ranges  0x00000000000002a8       0xd8 ./Drivers/STM32F4xx_HAL_Driver/Src/stm32f4xx_hal_adc.o
 .debug_ranges  0x0000000000000380      0x108 ./Drivers/STM32F4xx_HAL_Driver/Src/stm32f4xx_hal_cortex.o
 .debug_ranges  0x0000000000000488       0x48 ./Drivers/STM32F4xx_HAL_Driver/Src/stm32f4xx_hal_gpio.o
 .debug_ranges  0x00000000000004d0       0x78 ./Drivers/STM32F4xx_HAL_Driver/Src/stm32f4xx_hal_rcc.o
 .debug_ranges  0x0000000000000548      0x3c0 ./Drivers/STM32F4xx_HAL_Driver/Src/stm32f4xx_hal_tim.o
 .debug_ranges  0x0000000000000908      0x158 ./Drivers/STM32F4xx_HAL_Driver/Src/stm32f4xx_hal_tim_ex.o
 .debug_ranges  0x0000000000000a60      0x1c8 ./Middlewares/Third_Party/FreeRTOS/Source/CMSIS_RTOS/cmsis_os.o
 .debug_ranges  0x0000000000000c28       0x30 ./Middlewares/Third_Party/FreeRTOS/Source/list.o
 .debug_ranges  0x0000000000000c58      0x1f8 ./Middlewares/Third_Party/FreeRTOS/Source/tasks.o
 .debug_ranges  0x0000000000000e50       0x70 ./Middlewares/Third_Party/FreeRTOS/Source/portable/GCC/ARM_CM4F/port.o
 .debug_ranges  0x0000000000000ec0       0x48 ./Middlewares/Third_Party/FreeRTOS/Source/portable/MemMang/heap_4.o

.debug_macro    0x0000000000000000     0xbd4e
 .debug_macro   0x0000000000000000      0x1f6 ./Core/Src/dht11.o
 .debug_macro   0x00000000000001f6      0x29b ./Core/Src/dht11.o
 .debug_macro   0x0000000000000491       0x2e ./Core/Src/dht11.o
 .debug_macro   0x00000000000004bf       0x6d ./Core/Src/dht11.o
 .debug_macro   0x000000000000052c     0x367e ./Core/Src/dht11.o
 .debug_macro   0x0000000000003baa      0x174 ./Core/Src/dht11.o
 .debug_macro   0x0000000000003d1e       0x5c ./Core/Src/dht11.o
 .debug_macro   0x0000000000003d7a      0x8a7 ./Core/Src/dht11.o
 .debug_macro   0x0000000000004621      0x9fe ./Core/Src/dht11.o
 .debug_macro   0x000000000000501f      0x115 ./Core/Src/dht11.o
 .debug_macro   0x0000000000005134      0x130 ./Core/Src/dht11.o
 .debug_macro   0x0000000000005264       0xa5 ./Core/Src/dht11.o
 .debug_macro   0x0000000000005309      0x174 ./Core/Src/dht11.o
 .debug_macro   0x000000000000547d      0x287 ./Core/Src/dht11.o
 .debug_macro   0x0000000000005704       0x5f ./Core/Src/dht11.o
 .debug_macro   0x0000000000005763      0x236 ./Core/Src/dht11.o
 .debug_macro   0x0000000000005999      0xb5b ./Core/Src/dht11.o
 .debug_macro   0x00000000000064f4      0x38b ./Core/Src/dht11.o
 .debug_macro   0x000000000000687f      0x176 ./Core/Src/dht11.o
 .debug_macro   0x00000000000069f5       0xf9 ./Core/Src/dht11.o
 .debug_macro   0x0000000000006aee      0x12c ./Core/Src/dht11.o
 .debug_macro   0x0000000000006c1a      0x21e ./Core/Src/dht11.o
 .debug_macro   0x0000000000006e38       0x2e ./Core/Src/dht11.o
 .debug_macro   0x0000000000006e66      0x11a ./Core/Src/dht11.o
 .debug_macro   0x0000000000006f80       0x7e ./Core/Src/dht11.o
 .debug_macro   0x0000000000006ffe       0x89 ./Core/Src/dht11.o
 .debug_macro   0x0000000000007087      0x8e6 ./Core/Src/dht11.o
 .debug_macro   0x000000000000796d       0x47 ./Core/Src/dht11.o
 .debug_macro   0x00000000000079b4      0x12d ./Core/Src/dht11.o
 .debug_macro   0x0000000000007ae1      0x2fb ./Core/Src/freertos.o
 .debug_macro   0x0000000000007ddc      0x118 ./Core/Src/freertos.o
 .debug_macro   0x0000000000007ef4      0x15a ./Core/Src/freertos.o
 .debug_macro   0x000000000000804e       0xde ./Core/Src/freertos.o
 .debug_macro   0x000000000000812c       0x1c ./Core/Src/freertos.o
 .debug_macro   0x0000000000008148       0x26 ./Core/Src/freertos.o
 .debug_macro   0x000000000000816e       0x52 ./Core/Src/freertos.o
 .debug_macro   0x00000000000081c0       0x1e ./Core/Src/freertos.o
 .debug_macro   0x00000000000081de       0x3c ./Core/Src/freertos.o
 .debug_macro   0x000000000000821a       0x34 ./Core/Src/freertos.o
 .debug_macro   0x000000000000824e       0x16 ./Core/Src/freertos.o
 .debug_macro   0x0000000000008264       0x43 ./Core/Src/freertos.o
 .debug_macro   0x00000000000082a7       0x34 ./Core/Src/freertos.o
 .debug_macro   0x00000000000082db       0x10 ./Core/Src/freertos.o
 .debug_macro   0x00000000000082eb       0x58 ./Core/Src/freertos.o
 .debug_macro   0x0000000000008343       0x71 ./Core/Src/freertos.o
 .debug_macro   0x00000000000083b4       0x1c ./Core/Src/freertos.o
 .debug_macro   0x00000000000083d0      0x12a ./Core/Src/freertos.o
 .debug_macro   0x00000000000084fa       0x10 ./Core/Src/freertos.o
 .debug_macro   0x000000000000850a       0x35 ./Core/Src/freertos.o
 .debug_macro   0x000000000000853f      0x4d4 ./Core/Src/freertos.o
 .debug_macro   0x0000000000008a13       0xb5 ./Core/Src/freertos.o
 .debug_macro   0x0000000000008ac8       0xaa ./Core/Src/freertos.o
 .debug_macro   0x0000000000008b72      0x49f ./Core/Src/main.o
 .debug_macro   0x0000000000009011      0x118 ./Core/Src/main.o
 .debug_macro   0x0000000000009129       0x91 ./Core/Src/main.o
 .debug_macro   0x00000000000091ba       0x8d ./Core/Src/main.o
 .debug_macro   0x0000000000009247       0x7e ./Core/Src/main.o
 .debug_macro   0x00000000000092c5       0xf2 ./Core/Src/main.o
 .debug_macro   0x00000000000093b7       0x1c ./Core/Src/main.o
 .debug_macro   0x00000000000093d3      0x341 ./Core/Src/main.o
 .debug_macro   0x0000000000009714       0x10 ./Core/Src/main.o
 .debug_macro   0x0000000000009724       0x10 ./Core/Src/main.o
 .debug_macro   0x0000000000009734       0x1c ./Core/Src/main.o
 .debug_macro   0x0000000000009750       0x52 ./Core/Src/main.o
 .debug_macro   0x00000000000097a2       0x22 ./Core/Src/main.o
 .debug_macro   0x00000000000097c4       0x10 ./Core/Src/main.o
 .debug_macro   0x00000000000097d4       0x52 ./Core/Src/main.o
 .debug_macro   0x0000000000009826       0xd5 ./Core/Src/main.o
 .debug_macro   0x00000000000098fb       0x1c ./Core/Src/main.o
 .debug_macro   0x0000000000009917       0x3d ./Core/Src/main.o
 .debug_macro   0x0000000000009954       0x16 ./Core/Src/main.o
 .debug_macro   0x000000000000996a      0x145 ./Core/Src/main.o
 .debug_macro   0x0000000000009aaf       0x16 ./Core/Src/main.o
 .debug_macro   0x0000000000009ac5       0x20 ./Core/Src/main.o
 .debug_macro   0x0000000000009ae5      0x19b ./Core/Src/main.o
 .debug_macro   0x0000000000009c80      0x1f6 ./Core/Src/stm32f4xx_hal_msp.o
 .debug_macro   0x0000000000009e76      0x305 ./Core/Src/stm32f4xx_it.o
 .debug_macro   0x000000000000a17b      0x1ec ./Core/Src/system_stm32f4xx.o
 .debug_macro   0x000000000000a367      0x24c ./Drivers/STM32F4xx_HAL_Driver/Src/stm32f4xx_hal.o
 .debug_macro   0x000000000000a5b3      0x1ed ./Drivers/STM32F4xx_HAL_Driver/Src/stm32f4xx_hal_adc.o
 .debug_macro   0x000000000000a7a0      0x1ec ./Drivers/STM32F4xx_HAL_Driver/Src/stm32f4xx_hal_cortex.o
 .debug_macro   0x000000000000a98c      0x1f2 ./Drivers/STM32F4xx_HAL_Driver/Src/stm32f4xx_hal_gpio.o
 .debug_macro   0x000000000000ab7e      0x210 ./Drivers/STM32F4xx_HAL_Driver/Src/stm32f4xx_hal_rcc.o
 .debug_macro   0x000000000000ad8e      0x1ed ./Drivers/STM32F4xx_HAL_Driver/Src/stm32f4xx_hal_tim.o
 .debug_macro   0x000000000000af7b      0x1ec ./Drivers/STM32F4xx_HAL_Driver/Src/stm32f4xx_hal_tim_ex.o
 .debug_macro   0x000000000000b167      0x212 ./Middlewares/Third_Party/FreeRTOS/Source/CMSIS_RTOS/cmsis_os.o
 .debug_macro   0x000000000000b379       0x10 ./Middlewares/Third_Party/FreeRTOS/Source/CMSIS_RTOS/cmsis_os.o
 .debug_macro   0x000000000000b389       0x16 ./Middlewares/Third_Party/FreeRTOS/Source/CMSIS_RTOS/cmsis_os.o
 .debug_macro   0x000000000000b39f       0xc7 ./Middlewares/Third_Party/FreeRTOS/Source/CMSIS_RTOS/cmsis_os.o
 .debug_macro   0x000000000000b466      0x199 ./Middlewares/Third_Party/FreeRTOS/Source/list.o
 .debug_macro   0x000000000000b5ff      0x34c ./Middlewares/Third_Party/FreeRTOS/Source/tasks.o
 .debug_macro   0x000000000000b94b       0x10 ./Middlewares/Third_Party/FreeRTOS/Source/tasks.o
 .debug_macro   0x000000000000b95b      0x233 ./Middlewares/Third_Party/FreeRTOS/Source/portable/GCC/ARM_CM4F/port.o
 .debug_macro   0x000000000000bb8e      0x1c0 ./Middlewares/Third_Party/FreeRTOS/Source/portable/MemMang/heap_4.o

.debug_line     0x0000000000000000    0x116c7
 .debug_line    0x0000000000000000      0x858 ./Core/Src/dht11.o
 .debug_line    0x0000000000000858      0x985 ./Core/Src/freertos.o
 .debug_line    0x00000000000011dd      0xf57 ./Core/Src/main.o
 .debug_line    0x0000000000002134      0x86e ./Core/Src/stm32f4xx_hal_msp.o
 .debug_line    0x00000000000029a2      0x9c8 ./Core/Src/stm32f4xx_it.o
 .debug_line    0x000000000000336a      0x774 ./Core/Src/system_stm32f4xx.o
 .debug_line    0x0000000000003ade       0x88 ./Core/Startup/startup_stm32f405rgtx.o
 .debug_line    0x0000000000003b66      0x9da ./Drivers/STM32F4xx_HAL_Driver/Src/stm32f4xx_hal.o
 .debug_line    0x0000000000004540     0x1250 ./Drivers/STM32F4xx_HAL_Driver/Src/stm32f4xx_hal_adc.o
 .debug_line    0x0000000000005790      0xc89 ./Drivers/STM32F4xx_HAL_Driver/Src/stm32f4xx_hal_cortex.o
 .debug_line    0x0000000000006419      0xb4e ./Drivers/STM32F4xx_HAL_Driver/Src/stm32f4xx_hal_gpio.o
 .debug_line    0x0000000000006f67      0xd54 ./Drivers/STM32F4xx_HAL_Driver/Src/stm32f4xx_hal_rcc.o
 .debug_line    0x0000000000007cbb     0x36ce ./Drivers/STM32F4xx_HAL_Driver/Src/stm32f4xx_hal_tim.o
 .debug_line    0x000000000000b389     0x19d7 ./Drivers/STM32F4xx_HAL_Driver/Src/stm32f4xx_hal_tim_ex.o
 .debug_line    0x000000000000cd60     0x11da ./Middlewares/Third_Party/FreeRTOS/Source/CMSIS_RTOS/cmsis_os.o
 .debug_line    0x000000000000df3a      0x712 ./Middlewares/Third_Party/FreeRTOS/Source/list.o
 .debug_line    0x000000000000e64c     0x1e66 ./Middlewares/Third_Party/FreeRTOS/Source/tasks.o
 .debug_line    0x00000000000104b2      0x8d9 ./Middlewares/Third_Party/FreeRTOS/Source/portable/GCC/ARM_CM4F/port.o
 .debug_line    0x0000000000010d8b      0x93c ./Middlewares/Third_Party/FreeRTOS/Source/portable/MemMang/heap_4.o

.debug_str      0x0000000000000000    0xd3d3e
 .debug_str     0x0000000000000000    0xc3148 ./Core/Src/dht11.o
                                      0xc33f5 (size before relaxing)
 .debug_str     0x00000000000c3148     0x5c80 ./Core/Src/freertos.o
                                      0xc8e5d (size before relaxing)
 .debug_str     0x00000000000c8dc8     0x5b6d ./Core/Src/main.o
                                      0xceb04 (size before relaxing)
 .debug_str     0x00000000000ce935      0x56d ./Core/Src/stm32f4xx_hal_msp.o
                                      0xc3edb (size before relaxing)
 .debug_str     0x00000000000ceea2       0xd9 ./Core/Src/stm32f4xx_it.o
                                      0xc8994 (size before relaxing)
 .debug_str     0x00000000000cef7b       0xdb ./Core/Src/system_stm32f4xx.o
                                      0xc32d6 (size before relaxing)
 .debug_str     0x00000000000cf056       0x36 ./Core/Startup/startup_stm32f405rgtx.o
                                         0x7a (size before relaxing)
 .debug_str     0x00000000000cf08c      0x608 ./Drivers/STM32F4xx_HAL_Driver/Src/stm32f4xx_hal.o
                                      0xc3e39 (size before relaxing)
 .debug_str     0x00000000000cf694      0x292 ./Drivers/STM32F4xx_HAL_Driver/Src/stm32f4xx_hal_adc.o
                                      0xc38c3 (size before relaxing)
 .debug_str     0x00000000000cf926      0x344 ./Drivers/STM32F4xx_HAL_Driver/Src/stm32f4xx_hal_cortex.o
                                      0xc3b6c (size before relaxing)
 .debug_str     0x00000000000cfc6a      0x101 ./Drivers/STM32F4xx_HAL_Driver/Src/stm32f4xx_hal_gpio.o
                                      0xc3451 (size before relaxing)
 .debug_str     0x00000000000cfd6b      0x21f ./Drivers/STM32F4xx_HAL_Driver/Src/stm32f4xx_hal_rcc.o
                                      0xc370a (size before relaxing)
 .debug_str     0x00000000000cff8a      0xd4d ./Drivers/STM32F4xx_HAL_Driver/Src/stm32f4xx_hal_tim.o
                                      0xc4650 (size before relaxing)
 .debug_str     0x00000000000d0cd7      0x493 ./Drivers/STM32F4xx_HAL_Driver/Src/stm32f4xx_hal_tim_ex.o
                                      0xc3e6c (size before relaxing)
 .debug_str     0x00000000000d116a      0xa8b ./Middlewares/Third_Party/FreeRTOS/Source/CMSIS_RTOS/cmsis_os.o
                                       0xe5ec (size before relaxing)
 .debug_str     0x00000000000d1bf5      0x20f ./Middlewares/Third_Party/FreeRTOS/Source/list.o
                                       0xa6d0 (size before relaxing)
 .debug_str     0x00000000000d1e04     0x148a ./Middlewares/Third_Party/FreeRTOS/Source/tasks.o
                                       0xe1d0 (size before relaxing)
 .debug_str     0x00000000000d328e      0x783 ./Middlewares/Third_Party/FreeRTOS/Source/portable/GCC/ARM_CM4F/port.o
                                       0x9fee (size before relaxing)
 .debug_str     0x00000000000d3a11      0x32d ./Middlewares/Third_Party/FreeRTOS/Source/portable/MemMang/heap_4.o
                                       0xb012 (size before relaxing)

.comment        0x0000000000000000       0x50
 .comment       0x0000000000000000       0x50 ./Core/Src/dht11.o
                                         0x51 (size before relaxing)
 .comment       0x0000000000000050       0x51 ./Core/Src/freertos.o
 .comment       0x0000000000000050       0x51 ./Core/Src/main.o
 .comment       0x0000000000000050       0x51 ./Core/Src/stm32f4xx_hal_msp.o
 .comment       0x0000000000000050       0x51 ./Core/Src/stm32f4xx_it.o
 .comment       0x0000000000000050       0x51 ./Core/Src/system_stm32f4xx.o
 .comment       0x0000000000000050       0x51 ./Drivers/STM32F4xx_HAL_Driver/Src/stm32f4xx_hal.o
 .comment       0x0000000000000050       0x51 ./Drivers/STM32F4xx_HAL_Driver/Src/stm32f4xx_hal_adc.o
 .comment       0x0000000000000050       0x51 ./Drivers/STM32F4xx_HAL_Driver/Src/stm32f4xx_hal_cortex.o
 .comment       0x0000000000000050       0x51 ./Drivers/STM32F4xx_HAL_Driver/Src/stm32f4xx_hal_gpio.o
 .comment       0x0000000000000050       0x51 ./Drivers/STM32F4xx_HAL_Driver/Src/stm32f4xx_hal_rcc.o
 .comment       0x0000000000000050       0x51 ./Drivers/STM32F4xx_HAL_Driver/Src/stm32f4xx_hal_tim.o
 .comment       0x0000000000000050       0x51 ./Drivers/STM32F4xx_HAL_Driver/Src/stm32f4xx_hal_tim_ex.o
 .comment       0x0000000000000050       0x51 ./Middlewares/Third_Party/FreeRTOS/Source/CMSIS_RTOS/cmsis_os.o
 .comment       0x0000000000000050       0x51 ./Middlewares/Third_Party/FreeRTOS/Source/list.o
 .comment       0x0000000000000050       0x51 ./Middlewares/Third_Party/FreeRTOS/Source/tasks.o
 .comment       0x0000000000000050       0x51 ./Middlewares/Third_Party/FreeRTOS/Source/portable/GCC/ARM_CM4F/port.o
 .comment       0x0000000000000050       0x51 ./Middlewares/Third_Party/FreeRTOS/Source/portable/MemMang/heap_4.o

.debug_frame    0x0000000000000000     0x4618
 .debug_frame   0x0000000000000000      0x12c ./Core/Src/dht11.o
 .debug_frame   0x000000000000012c       0xe0 ./Core/Src/freertos.o
 .debug_frame   0x000000000000020c      0x260 ./Core/Src/main.o
 .debug_frame   0x000000000000046c       0xf0 ./Core/Src/stm32f4xx_hal_msp.o
 .debug_frame   0x000000000000055c       0xc4 ./Core/Src/stm32f4xx_it.o
 .debug_frame   0x0000000000000620       0x58 ./Core/Src/system_stm32f4xx.o
 .debug_frame   0x0000000000000678      0x374 ./Drivers/STM32F4xx_HAL_Driver/Src/stm32f4xx_hal.o
 .debug_frame   0x00000000000009ec      0x3fc ./Drivers/STM32F4xx_HAL_Driver/Src/stm32f4xx_hal_adc.o
 .debug_frame   0x0000000000000de8      0x498 ./Drivers/STM32F4xx_HAL_Driver/Src/stm32f4xx_hal_cortex.o
 .debug_frame   0x0000000000001280      0x14c ./Drivers/STM32F4xx_HAL_Driver/Src/stm32f4xx_hal_gpio.o
 .debug_frame   0x00000000000013cc      0x1f4 ./Drivers/STM32F4xx_HAL_Driver/Src/stm32f4xx_hal_rcc.o
 .debug_frame   0x00000000000015c0     0x11c4 ./Drivers/STM32F4xx_HAL_Driver/Src/stm32f4xx_hal_tim.o
 .debug_frame   0x0000000000002784      0x638 ./Drivers/STM32F4xx_HAL_Driver/Src/stm32f4xx_hal_tim_ex.o
 .debug_frame   0x0000000000002dbc      0x808 ./Middlewares/Third_Party/FreeRTOS/Source/CMSIS_RTOS/cmsis_os.o
 .debug_frame   0x00000000000035c4       0xd8 ./Middlewares/Third_Party/FreeRTOS/Source/list.o
 .debug_frame   0x000000000000369c      0x8f0 ./Middlewares/Third_Party/FreeRTOS/Source/tasks.o
 .debug_frame   0x0000000000003f8c      0x1a8 ./Middlewares/Third_Party/FreeRTOS/Source/portable/GCC/ARM_CM4F/port.o
 .debug_frame   0x0000000000004134      0x12c ./Middlewares/Third_Party/FreeRTOS/Source/portable/MemMang/heap_4.o
 .debug_frame   0x0000000000004260      0x14c c:/st/stm32cubeide_1.11.0/stm32cubeide/plugins/com.st.stm32cube.ide.mcu.externaltools.gnu-tools-for-stm32.10.3-2021.10.win32_1.0.100.202210260954/tools/bin/../lib/gcc/arm-none-eabi/10.3.1/../../../../arm-none-eabi/lib/thumb/v7e-m+fp/hard\libc_nano.a(lib_a-findfp.o)
 .debug_frame   0x00000000000043ac       0x2c c:/st/stm32cubeide_1.11.0/stm32cubeide/plugins/com.st.stm32cube.ide.mcu.externaltools.gnu-tools-for-stm32.10.3-2021.10.win32_1.0.100.202210260954/tools/bin/../lib/gcc/arm-none-eabi/10.3.1/../../../../arm-none-eabi/lib/thumb/v7e-m+fp/hard\libc_nano.a(lib_a-init.o)
 .debug_frame   0x00000000000043d8       0xb0 c:/st/stm32cubeide_1.11.0/stm32cubeide/plugins/com.st.stm32cube.ide.mcu.externaltools.gnu-tools-for-stm32.10.3-2021.10.win32_1.0.100.202210260954/tools/bin/../lib/gcc/arm-none-eabi/10.3.1/../../../../arm-none-eabi/lib/thumb/v7e-m+fp/hard\libc_nano.a(lib_a-lock.o)
 .debug_frame   0x0000000000004488       0x20 c:/st/stm32cubeide_1.11.0/stm32cubeide/plugins/com.st.stm32cube.ide.mcu.externaltools.gnu-tools-for-stm32.10.3-2021.10.win32_1.0.100.202210260954/tools/bin/../lib/gcc/arm-none-eabi/10.3.1/../../../../arm-none-eabi/lib/thumb/v7e-m+fp/hard\libc_nano.a(lib_a-memset.o)
 .debug_frame   0x00000000000044a8       0x4c c:/st/stm32cubeide_1.11.0/stm32cubeide/plugins/com.st.stm32cube.ide.mcu.externaltools.gnu-tools-for-stm32.10.3-2021.10.win32_1.0.100.202210260954/tools/bin/../lib/gcc/arm-none-eabi/10.3.1/../../../../arm-none-eabi/lib/thumb/v7e-m+fp/hard\libc_nano.a(lib_a-nano-mallocr.o)
 .debug_frame   0x00000000000044f4       0x5c c:/st/stm32cubeide_1.11.0/stm32cubeide/plugins/com.st.stm32cube.ide.mcu.externaltools.gnu-tools-for-stm32.10.3-2021.10.win32_1.0.100.202210260954/tools/bin/../lib/gcc/arm-none-eabi/10.3.1/../../../../arm-none-eabi/lib/thumb/v7e-m+fp/hard\libc_nano.a(lib_a-reent.o)
 .debug_frame   0x0000000000004550       0x30 c:/st/stm32cubeide_1.11.0/stm32cubeide/plugins/com.st.stm32cube.ide.mcu.externaltools.gnu-tools-for-stm32.10.3-2021.10.win32_1.0.100.202210260954/tools/bin/../lib/gcc/arm-none-eabi/10.3.1/../../../../arm-none-eabi/lib/thumb/v7e-m+fp/hard\libc_nano.a(lib_a-mlock.o)
 .debug_frame   0x0000000000004580       0x38 c:/st/stm32cubeide_1.11.0/stm32cubeide/plugins/com.st.stm32cube.ide.mcu.externaltools.gnu-tools-for-stm32.10.3-2021.10.win32_1.0.100.202210260954/tools/bin/../lib/gcc/arm-none-eabi/10.3.1/../../../../arm-none-eabi/lib/thumb/v7e-m+fp/hard\libc_nano.a(lib_a-nano-freer.o)
 .debug_frame   0x00000000000045b8       0x2c c:/st/stm32cubeide_1.11.0/stm32cubeide/plugins/com.st.stm32cube.ide.mcu.externaltools.gnu-tools-for-stm32.10.3-2021.10.win32_1.0.100.202210260954/tools/bin/../lib/gcc/arm-none-eabi/10.3.1/thumb/v7e-m+fp/hard\libgcc.a(_aeabi_uldivmod.o)
 .debug_frame   0x00000000000045e4       0x34 c:/st/stm32cubeide_1.11.0/stm32cubeide/plugins/com.st.stm32cube.ide.mcu.externaltools.gnu-tools-for-stm32.10.3-2021.10.win32_1.0.100.202210260954/tools/bin/../lib/gcc/arm-none-eabi/10.3.1/thumb/v7e-m+fp/hard\libgcc.a(_udivmoddi4.o)
