Archive member included to satisfy reference by file (symbol)

c:/st/stm32cubeide_1.11.0/stm32cubeide/plugins/com.st.stm32cube.ide.mcu.externaltools.gnu-tools-for-stm32.10.3-2021.10.win32_1.0.100.202210260954/tools/bin/../lib/gcc/arm-none-eabi/10.3.1/../../../../arm-none-eabi/lib/thumb/v7e-m+fp/hard\libc_nano.a(lib_a-errno.o)
                              ./Core/Src/syscalls.o (__errno)
c:/st/stm32cubeide_1.11.0/stm32cubeide/plugins/com.st.stm32cube.ide.mcu.externaltools.gnu-tools-for-stm32.10.3-2021.10.win32_1.0.100.202210260954/tools/bin/../lib/gcc/arm-none-eabi/10.3.1/../../../../arm-none-eabi/lib/thumb/v7e-m+fp/hard\libc_nano.a(lib_a-exit.o)
                              c:/st/stm32cubeide_1.11.0/stm32cubeide/plugins/com.st.stm32cube.ide.mcu.externaltools.gnu-tools-for-stm32.10.3-2021.10.win32_1.0.100.202210260954/tools/bin/../lib/gcc/arm-none-eabi/10.3.1/../../../../arm-none-eabi/lib/thumb/v7e-m+fp/hard/crt0.o (exit)
c:/st/stm32cubeide_1.11.0/stm32cubeide/plugins/com.st.stm32cube.ide.mcu.externaltools.gnu-tools-for-stm32.10.3-2021.10.win32_1.0.100.202210260954/tools/bin/../lib/gcc/arm-none-eabi/10.3.1/../../../../arm-none-eabi/lib/thumb/v7e-m+fp/hard\libc_nano.a(lib_a-impure.o)
                              c:/st/stm32cubeide_1.11.0/stm32cubeide/plugins/com.st.stm32cube.ide.mcu.externaltools.gnu-tools-for-stm32.10.3-2021.10.win32_1.0.100.202210260954/tools/bin/../lib/gcc/arm-none-eabi/10.3.1/../../../../arm-none-eabi/lib/thumb/v7e-m+fp/hard\libc_nano.a(lib_a-exit.o) (_global_impure_ptr)
c:/st/stm32cubeide_1.11.0/stm32cubeide/plugins/com.st.stm32cube.ide.mcu.externaltools.gnu-tools-for-stm32.10.3-2021.10.win32_1.0.100.202210260954/tools/bin/../lib/gcc/arm-none-eabi/10.3.1/../../../../arm-none-eabi/lib/thumb/v7e-m+fp/hard\libc_nano.a(lib_a-init.o)
                              c:/st/stm32cubeide_1.11.0/stm32cubeide/plugins/com.st.stm32cube.ide.mcu.externaltools.gnu-tools-for-stm32.10.3-2021.10.win32_1.0.100.202210260954/tools/bin/../lib/gcc/arm-none-eabi/10.3.1/../../../../arm-none-eabi/lib/thumb/v7e-m+fp/hard/crt0.o (__libc_init_array)
c:/st/stm32cubeide_1.11.0/stm32cubeide/plugins/com.st.stm32cube.ide.mcu.externaltools.gnu-tools-for-stm32.10.3-2021.10.win32_1.0.100.202210260954/tools/bin/../lib/gcc/arm-none-eabi/10.3.1/../../../../arm-none-eabi/lib/thumb/v7e-m+fp/hard\libc_nano.a(lib_a-memset.o)
                              c:/st/stm32cubeide_1.11.0/stm32cubeide/plugins/com.st.stm32cube.ide.mcu.externaltools.gnu-tools-for-stm32.10.3-2021.10.win32_1.0.100.202210260954/tools/bin/../lib/gcc/arm-none-eabi/10.3.1/../../../../arm-none-eabi/lib/thumb/v7e-m+fp/hard/crt0.o (memset)
c:/st/stm32cubeide_1.11.0/stm32cubeide/plugins/com.st.stm32cube.ide.mcu.externaltools.gnu-tools-for-stm32.10.3-2021.10.win32_1.0.100.202210260954/tools/bin/../lib/gcc/arm-none-eabi/10.3.1/thumb/v7e-m+fp/hard\libgcc.a(_aeabi_uldivmod.o)
                              ./Drivers/STM32F4xx_HAL_Driver/Src/stm32f4xx_hal_rcc.o (__aeabi_uldivmod)
c:/st/stm32cubeide_1.11.0/stm32cubeide/plugins/com.st.stm32cube.ide.mcu.externaltools.gnu-tools-for-stm32.10.3-2021.10.win32_1.0.100.202210260954/tools/bin/../lib/gcc/arm-none-eabi/10.3.1/thumb/v7e-m+fp/hard\libgcc.a(_udivmoddi4.o)
                              c:/st/stm32cubeide_1.11.0/stm32cubeide/plugins/com.st.stm32cube.ide.mcu.externaltools.gnu-tools-for-stm32.10.3-2021.10.win32_1.0.100.202210260954/tools/bin/../lib/gcc/arm-none-eabi/10.3.1/thumb/v7e-m+fp/hard\libgcc.a(_aeabi_uldivmod.o) (__udivmoddi4)
c:/st/stm32cubeide_1.11.0/stm32cubeide/plugins/com.st.stm32cube.ide.mcu.externaltools.gnu-tools-for-stm32.10.3-2021.10.win32_1.0.100.202210260954/tools/bin/../lib/gcc/arm-none-eabi/10.3.1/thumb/v7e-m+fp/hard\libgcc.a(_dvmd_tls.o)
                              c:/st/stm32cubeide_1.11.0/stm32cubeide/plugins/com.st.stm32cube.ide.mcu.externaltools.gnu-tools-for-stm32.10.3-2021.10.win32_1.0.100.202210260954/tools/bin/../lib/gcc/arm-none-eabi/10.3.1/thumb/v7e-m+fp/hard\libgcc.a(_aeabi_uldivmod.o) (__aeabi_ldiv0)

Discarded input sections

 .text          0x0000000000000000        0x0 c:/st/stm32cubeide_1.11.0/stm32cubeide/plugins/com.st.stm32cube.ide.mcu.externaltools.gnu-tools-for-stm32.10.3-2021.10.win32_1.0.100.202210260954/tools/bin/../lib/gcc/arm-none-eabi/10.3.1/thumb/v7e-m+fp/hard/crti.o
 .data          0x0000000000000000        0x0 c:/st/stm32cubeide_1.11.0/stm32cubeide/plugins/com.st.stm32cube.ide.mcu.externaltools.gnu-tools-for-stm32.10.3-2021.10.win32_1.0.100.202210260954/tools/bin/../lib/gcc/arm-none-eabi/10.3.1/thumb/v7e-m+fp/hard/crti.o
 .bss           0x0000000000000000        0x0 c:/st/stm32cubeide_1.11.0/stm32cubeide/plugins/com.st.stm32cube.ide.mcu.externaltools.gnu-tools-for-stm32.10.3-2021.10.win32_1.0.100.202210260954/tools/bin/../lib/gcc/arm-none-eabi/10.3.1/thumb/v7e-m+fp/hard/crti.o
[...]
Memory Configuration

Name             Origin             Length             Attributes
CCMRAM           0x0000000010000000 0x0000000000010000 xrw
RAM              0x0000000020000000 0x0000000000020000 xrw
FLASH            0x0000000008000000 0x0000000000100000 xr
*default*        0x0000000000000000 0xffffffffffffffff

Linker script and memory map

LOAD c:/st/stm32cubeide_1.11.0/stm32cubeide/plugins/com.st.stm32cube.ide.mcu.externaltools.gnu-tools-for-stm32.10.3-2021.10.win32_1.0.100.202210260954/tools/bin/../lib/gcc/arm-none-eabi/10.3.1/thumb/v7e-m+fp/hard/crti.o
LOAD c:/st/stm32cubeide_1.11.0/stm32cubeide/plugins/com.st.stm32cube.ide.mcu.externaltools.gnu-tools-for-stm32.10.3-2021.10.win32_1.0.100.202210260954/tools/bin/../lib/gcc/arm-none-eabi/10.3.1/thumb/v7e-m+fp/hard/crtbegin.o
LOAD c:/st/stm32cubeide_1.11.0/stm32cubeide/plugins/com.st.stm32cube.ide.mcu.externaltools.gnu-tools-for-stm32.10.3-2021.10.win32_1.0.100.202210260954/tools/bin/../lib/gcc/arm-none-eabi/10.3.1/../../../../arm-none-eabi/lib/thumb/v7e-m+fp/hard/crt0.o
LOAD ./Core/Src/cmn.o
LOAD ./Core/Src/dht11.o
LOAD ./Core/Src/lcd.o
LOAD ./Core/Src/main.o
LOAD ./Core/Src/stm32f4xx_hal_msp.o
LOAD ./Core/Src/stm32f4xx_it.o
LOAD ./Core/Src/syscalls.o
LOAD ./Core/Src/sysmem.o
LOAD ./Core/Src/system_stm32f4xx.o
LOAD ./Core/Startup/startup_stm32f405rgtx.o
LOAD ./Drivers/STM32F4xx_HAL_Driver/Src/stm32f4xx_hal.o
LOAD ./Drivers/STM32F4xx_HAL_Driver/Src/stm32f4xx_hal_cortex.o
LOAD ./Drivers/STM32F4xx_HAL_Driver/Src/stm32f4xx_hal_dma.o
LOAD ./Drivers/STM32F4xx_HAL_Driver/Src/stm32f4xx_hal_dma_ex.o
LOAD ./Drivers/STM32F4xx_HAL_Driver/Src/stm32f4xx_hal_exti.o
LOAD ./Drivers/STM32F4xx_HAL_Driver/Src/stm32f4xx_hal_flash.o
LOAD ./Drivers/STM32F4xx_HAL_Driver/Src/stm32f4xx_hal_flash_ex.o
LOAD ./Drivers/STM32F4xx_HAL_Driver/Src/stm32f4xx_hal_flash_ramfunc.o
LOAD ./Drivers/STM32F4xx_HAL_Driver/Src/stm32f4xx_hal_gpio.o
LOAD ./Drivers/STM32F4xx_HAL_Driver/Src/stm32f4xx_hal_pwr.o
LOAD ./Drivers/STM32F4xx_HAL_Driver/Src/stm32f4xx_hal_pwr_ex.o
LOAD ./Drivers/STM32F4xx_HAL_Driver/Src/stm32f4xx_hal_rcc.o
LOAD ./Drivers/STM32F4xx_HAL_Driver/Src/stm32f4xx_hal_rcc_ex.o
LOAD ./Drivers/STM32F4xx_HAL_Driver/Src/stm32f4xx_hal_tim.o
LOAD ./Drivers/STM32F4xx_HAL_Driver/Src/stm32f4xx_hal_tim_ex.o
START GROUP
LOAD c:/st/stm32cubeide_1.11.0/stm32cubeide/plugins/com.st.stm32cube.ide.mcu.externaltools.gnu-tools-for-stm32.10.3-2021.10.win32_1.0.100.202210260954/tools/bin/../lib/gcc/arm-none-eabi/10.3.1/../../../../arm-none-eabi/lib/thumb/v7e-m+fp/hard\libc_nano.a
LOAD c:/st/stm32cubeide_1.11.0/stm32cubeide/plugins/com.st.stm32cube.ide.mcu.externaltools.gnu-tools-for-stm32.10.3-2021.10.win32_1.0.100.202210260954/tools/bin/../lib/gcc/arm-none-eabi/10.3.1/../../../../arm-none-eabi/lib/thumb/v7e-m+fp/hard\libm.a
END GROUP
START GROUP
LOAD c:/st/stm32cubeide_1.11.0/stm32cubeide/plugins/com.st.stm32cube.ide.mcu.externaltools.gnu-tools-for-stm32.10.3-2021.10.win32_1.0.100.202210260954/tools/bin/../lib/gcc/arm-none-eabi/10.3.1/thumb/v7e-m+fp/hard\libgcc.a
LOAD c:/st/stm32cubeide_1.11.0/stm32cubeide/plugins/com.st.stm32cube.ide.mcu.externaltools.gnu-tools-for-stm32.10.3-2021.10.win32_1.0.100.202210260954/tools/bin/../lib/gcc/arm-none-eabi/10.3.1/../../../../arm-none-eabi/lib/thumb/v7e-m+fp/hard\libc_nano.a
END GROUP
START GROUP
LOAD c:/st/stm32cubeide_1.11.0/stm32cubeide/plugins/com.st.stm32cube.ide.mcu.externaltools.gnu-tools-for-stm32.10.3-2021.10.win32_1.0.100.202210260954/tools/bin/../lib/gcc/arm-none-eabi/10.3.1/thumb/v7e-m+fp/hard\libgcc.a
LOAD c:/st/stm32cubeide_1.11.0/stm32cubeide/plugins/com.st.stm32cube.ide.mcu.externaltools.gnu-tools-for-stm32.10.3-2021.10.win32_1.0.100.202210260954/tools/bin/../lib/gcc/arm-none-eabi/10.3.1/../../../../arm-none-eabi/lib/thumb/v7e-m+fp/hard\libc_nano.a
LOAD c:/st/stm32cubeide_1.11.0/stm32cubeide/plugins/com.st.stm32cube.ide.mcu.externaltools.gnu-tools-for-stm32.10.3-2021.10.win32_1.0.100.202210260954/tools/bin/../lib/gcc/arm-none-eabi/10.3.1/../../../../arm-none-eabi/lib/thumb/v7e-m+fp/hard\libnosys.a
END GROUP
START GROUP
LOAD c:/st/stm32cubeide_1.11.0/stm32cubeide/plugins/com.st.stm32cube.ide.mcu.externaltools.gnu-tools-for-stm32.10.3-2021.10.win32_1.0.100.202210260954/tools/bin/../lib/gcc/arm-none-eabi/10.3.1/thumb/v7e-m+fp/hard\libgcc.a
LOAD c:/st/stm32cubeide_1.11.0/stm32cubeide/plugins/com.st.stm32cube.ide.mcu.externaltools.gnu-tools-for-stm32.10.3-2021.10.win32_1.0.100.202210260954/tools/bin/../lib/gcc/arm-none-eabi/10.3.1/../../../../arm-none-eabi/lib/thumb/v7e-m+fp/hard\libc_nano.a
LOAD c:/st/stm32cubeide_1.11.0/stm32cubeide/plugins/com.st.stm32cube.ide.mcu.externaltools.gnu-tools-for-stm32.10.3-2021.10.win32_1.0.100.202210260954/tools/bin/../lib/gcc/arm-none-eabi/10.3.1/../../../../arm-none-eabi/lib/thumb/v7e-m+fp/hard\libnosys.a
END GROUP
LOAD c:/st/stm32cubeide_1.11.0/stm32cubeide/plugins/com.st.stm32cube.ide.mcu.externaltools.gnu-tools-for-stm32.10.3-2021.10.win32_1.0.100.202210260954/tools/bin/../lib/gcc/arm-none-eabi/10.3.1/thumb/v7e-m+fp/hard/crtend.o
LOAD c:/st/stm32cubeide_1.11.0/stm32cubeide/plugins/com.st.stm32cube.ide.mcu.externaltools.gnu-tools-for-stm32.10.3-2021.10.win32_1.0.100.202210260954/tools/bin/../lib/gcc/arm-none-eabi/10.3.1/thumb/v7e-m+fp/hard/crtn.o
                0x0000000020020000                _estack = (ORIGIN (RAM) + LENGTH (RAM))
                0x0000000000000200                _Min_Heap_Size = 0x200
                0x0000000000000400                _Min_Stack_Size = 0x400

.isr_vector     0x0000000008000000      0x188
                0x0000000008000000                . = ALIGN (0x4)
 *(.isr_vector)
 .isr_vector    0x0000000008000000      0x188 ./Core/Startup/startup_stm32f405rgtx.o
                0x0000000008000000                g_pfnVectors
                0x0000000008000188                . = ALIGN (0x4)

.text           0x0000000008000188     0x3254
                0x0000000008000188                . = ALIGN (0x4)
 *(.text)
 .text          0x0000000008000188       0x40 c:/st/stm32cubeide_1.11.0/stm32cubeide/plugins/com.st.stm32cube.ide.mcu.externaltools.gnu-tools-for-stm32.10.3-2021.10.win32_1.0.100.202210260954/tools/bin/../lib/gcc/arm-none-eabi/10.3.1/thumb/v7e-m+fp/hard/crtbegin.o
 .text          0x00000000080001c8       0x30 c:/st/stm32cubeide_1.11.0/stm32cubeide/plugins/com.st.stm32cube.ide.mcu.externaltools.gnu-tools-for-stm32.10.3-2021.10.win32_1.0.100.202210260954/tools/bin/../lib/gcc/arm-none-eabi/10.3.1/thumb/v7e-m+fp/hard\libgcc.a(_aeabi_uldivmod.o)
                0x00000000080001c8                __aeabi_uldivmod
 .text          0x00000000080001f8      0x2d0 c:/st/stm32cubeide_1.11.0/stm32cubeide/plugins/com.st.stm32cube.ide.mcu.externaltools.gnu-tools-for-stm32.10.3-2021.10.win32_1.0.100.202210260954/tools/bin/../lib/gcc/arm-none-eabi/10.3.1/thumb/v7e-m+fp/hard\libgcc.a(_udivmoddi4.o)
                0x00000000080001f8                __udivmoddi4
 .text          0x00000000080004c8        0x4 c:/st/stm32cubeide_1.11.0/stm32cubeide/plugins/com.st.stm32cube.ide.mcu.externaltools.gnu-tools-for-stm32.10.3-2021.10.win32_1.0.100.202210260954/tools/bin/../lib/gcc/arm-none-eabi/10.3.1/thumb/v7e-m+fp/hard\libgcc.a(_dvmd_tls.o)
                0x00000000080004c8                __aeabi_idiv0
                0x00000000080004c8                __aeabi_ldiv0
 *(.text*)
 .text.SetOutput
                0x00000000080004cc       0x42 ./Core/Src/cmn.o
                0x00000000080004cc                SetOutput
 .text.SetBit   0x000000000800050e       0x28 ./Core/Src/cmn.o
                0x000000000800050e                SetBit
 .text.ClrBit   0x0000000008000536       0x2a ./Core/Src/cmn.o
                0x0000000008000536                ClrBit
 .text.DWT_Init
                0x0000000008000560       0x30 ./Core/Src/dht11.o
                0x0000000008000560                DWT_Init
 .text.delay_us_tick
                0x0000000008000590       0x48 ./Core/Src/dht11.o
                0x0000000008000590                delay_us_tick
 .text.DHT11_Set_Pin_Output
                0x00000000080005d8       0x38 ./Core/Src/dht11.o
 .text.DHT11_Set_Pin_Input
                0x0000000008000610       0x34 ./Core/Src/dht11.o
 .text.DHT11_Start
                0x0000000008000644       0x4c ./Core/Src/dht11.o
 .text.DHT11_Check_Response
                0x0000000008000690       0x50 ./Core/Src/dht11.o
 .text.DHT11_Read
                0x00000000080006e0       0x7e ./Core/Src/dht11.o
 .text.DHT11_GetData
                0x000000000800075e       0x9c ./Core/Src/dht11.o
                0x000000000800075e                DHT11_GetData
 .text.DelayLcd
                0x00000000080007fa       0x2e ./Core/Src/lcd.o
                0x00000000080007fa                DelayLcd
 .text.LcdInit  0x0000000008000828       0x84 ./Core/Src/lcd.o
                0x0000000008000828                LcdInit
 .text.LcdFxn   0x00000000080008ac      0x160 ./Core/Src/lcd.o
                0x00000000080008ac                LcdFxn
 .text.lprint   0x0000000008000a0c       0x50 ./Core/Src/lcd.o
                0x0000000008000a0c                lprint
 .text.aprint   0x0000000008000a5c       0xf4 ./Core/Src/lcd.o
                0x0000000008000a5c                aprint
 .text.main     0x0000000008000b50       0x50 ./Core/Src/main.o
                0x0000000008000b50                main
 .text.SystemClock_Config
                0x0000000008000ba0       0xd0 ./Core/Src/main.o
                0x0000000008000ba0                SystemClock_Config
 .text.MX_TIM2_Init
                0x0000000008000c70       0x98 ./Core/Src/main.o
 .text.MX_TIM3_Init
                0x0000000008000d08       0xec ./Core/Src/main.o
 .text.MX_GPIO_Init
                0x0000000008000df4      0x104 ./Core/Src/main.o
 .text.motor_config
                0x0000000008000ef8       0x44 ./Core/Src/main.o
                0x0000000008000ef8                motor_config
 .text.speed_monitoring
                0x0000000008000f3c      0x164 ./Core/Src/main.o
                0x0000000008000f3c                speed_monitoring
 .text.safety_monitoring
                0x00000000080010a0       0x68 ./Core/Src/main.o
                0x00000000080010a0                safety_monitoring
 .text.EXTI0_IRQHandler
                0x0000000008001108        0xe ./Core/Src/main.o
                0x0000000008001108                EXTI0_IRQHandler
 .text.EXTI9_5_IRQHandler
                0x0000000008001116        0xe ./Core/Src/main.o
                0x0000000008001116                EXTI9_5_IRQHandler
 .text.HAL_GPIO_EXTI_Callback
                0x0000000008001124       0x28 ./Core/Src/main.o
                0x0000000008001124                HAL_GPIO_EXTI_Callback
 .text.Error_Handler
                0x000000000800114c        0xa ./Core/Src/main.o
                0x000000000800114c                Error_Handler
 *fill*         0x0000000008001156        0x2 
 .text.HAL_MspInit
                0x0000000008001158       0x50 ./Core/Src/stm32f4xx_hal_msp.o
                0x0000000008001158                HAL_MspInit
 .text.HAL_TIM_Base_MspInit
                0x00000000080011a8       0x78 ./Core/Src/stm32f4xx_hal_msp.o
                0x00000000080011a8                HAL_TIM_Base_MspInit
 .text.HAL_TIM_MspPostInit
                0x0000000008001220       0x74 ./Core/Src/stm32f4xx_hal_msp.o
                0x0000000008001220                HAL_TIM_MspPostInit
 .text.NMI_Handler
                0x0000000008001294        0x6 ./Core/Src/stm32f4xx_it.o
                0x0000000008001294                NMI_Handler
 .text.HardFault_Handler
                0x000000000800129a        0x6 ./Core/Src/stm32f4xx_it.o
                0x000000000800129a                HardFault_Handler
 .text.MemManage_Handler
                0x00000000080012a0        0x6 ./Core/Src/stm32f4xx_it.o
                0x00000000080012a0                MemManage_Handler
 .text.BusFault_Handler
                0x00000000080012a6        0x6 ./Core/Src/stm32f4xx_it.o
                0x00000000080012a6                BusFault_Handler
 .text.UsageFault_Handler
                0x00000000080012ac        0x6 ./Core/Src/stm32f4xx_it.o
                0x00000000080012ac                UsageFault_Handler
 .text.SVC_Handler
                0x00000000080012b2        0xe ./Core/Src/stm32f4xx_it.o
                0x00000000080012b2                SVC_Handler
 .text.DebugMon_Handler
                0x00000000080012c0        0xe ./Core/Src/stm32f4xx_it.o
                0x00000000080012c0                DebugMon_Handler
 .text.PendSV_Handler
                0x00000000080012ce        0xe ./Core/Src/stm32f4xx_it.o
                0x00000000080012ce                PendSV_Handler
 .text.SysTick_Handler
                0x00000000080012dc        0xc ./Core/Src/stm32f4xx_it.o
                0x00000000080012dc                SysTick_Handler
 .text.TIM3_IRQHandler
                0x00000000080012e8       0x14 ./Core/Src/stm32f4xx_it.o
                0x00000000080012e8                TIM3_IRQHandler
 .text.SystemInit
                0x00000000080012fc       0x24 ./Core/Src/system_stm32f4xx.o
                0x00000000080012fc                SystemInit
 .text.Reset_Handler
                0x0000000008001320       0x50 ./Core/Startup/startup_stm32f405rgtx.o
                0x0000000008001320                Reset_Handler
 .text.Default_Handler
                0x0000000008001370        0x2 ./Core/Startup/startup_stm32f405rgtx.o
                0x0000000008001370                RTC_Alarm_IRQHandler
                0x0000000008001370                HASH_RNG_IRQHandler
                0x0000000008001370                EXTI2_IRQHandler
                0x0000000008001370                TIM8_CC_IRQHandler
                0x0000000008001370                TIM1_CC_IRQHandler
                0x0000000008001370                DMA2_Stream5_IRQHandler
                0x0000000008001370                DMA1_Stream5_IRQHandler
                0x0000000008001370                PVD_IRQHandler
                0x0000000008001370                SDIO_IRQHandler
                0x0000000008001370                TAMP_STAMP_IRQHandler
                0x0000000008001370                CAN2_RX1_IRQHandler
                0x0000000008001370                EXTI3_IRQHandler
                0x0000000008001370                TIM8_TRG_COM_TIM14_IRQHandler
                0x0000000008001370                TIM1_UP_TIM10_IRQHandler
                0x0000000008001370                TIM8_UP_TIM13_IRQHandler
                0x0000000008001370                I2C3_ER_IRQHandler
                0x0000000008001370                I2C2_EV_IRQHandler
                0x0000000008001370                DMA1_Stream2_IRQHandler
                0x0000000008001370                CAN1_RX0_IRQHandler
                0x0000000008001370                FPU_IRQHandler
                0x0000000008001370                OTG_HS_WKUP_IRQHandler
                0x0000000008001370                CAN2_SCE_IRQHandler
                0x0000000008001370                DMA2_Stream2_IRQHandler
                0x0000000008001370                SPI1_IRQHandler
                0x0000000008001370                TIM6_DAC_IRQHandler
                0x0000000008001370                TIM1_BRK_TIM9_IRQHandler
                0x0000000008001370                CAN2_RX0_IRQHandler
                0x0000000008001370                DMA2_Stream3_IRQHandler
                0x0000000008001370                USART6_IRQHandler
                0x0000000008001370                USART3_IRQHandler
                0x0000000008001370                CAN1_RX1_IRQHandler
                0x0000000008001370                UART5_IRQHandler
                0x0000000008001370                DMA2_Stream0_IRQHandler
                0x0000000008001370                TIM4_IRQHandler
                0x0000000008001370                I2C1_EV_IRQHandler
                0x0000000008001370                DMA1_Stream6_IRQHandler
                0x0000000008001370                DMA1_Stream1_IRQHandler
                0x0000000008001370                UART4_IRQHandler
                0x0000000008001370                RCC_IRQHandler
                0x0000000008001370                TIM8_BRK_TIM12_IRQHandler
                0x0000000008001370                Default_Handler
                0x0000000008001370                EXTI15_10_IRQHandler
                0x0000000008001370                ADC_IRQHandler
                0x0000000008001370                DMA1_Stream7_IRQHandler
                0x0000000008001370                TIM7_IRQHandler
                0x0000000008001370                CAN2_TX_IRQHandler
                0x0000000008001370                TIM5_IRQHandler
                0x0000000008001370                DMA2_Stream7_IRQHandler
                0x0000000008001370                I2C3_EV_IRQHandler
                0x0000000008001370                RTC_WKUP_IRQHandler
                0x0000000008001370                SPI2_IRQHandler
                0x0000000008001370                OTG_HS_EP1_IN_IRQHandler
                0x0000000008001370                DMA1_Stream0_IRQHandler
                0x0000000008001370                CAN1_TX_IRQHandler
                0x0000000008001370                EXTI4_IRQHandler
                0x0000000008001370                FSMC_IRQHandler
                0x0000000008001370                OTG_HS_EP1_OUT_IRQHandler
                0x0000000008001370                WWDG_IRQHandler
                0x0000000008001370                TIM2_IRQHandler
                0x0000000008001370                OTG_FS_WKUP_IRQHandler
                0x0000000008001370                TIM1_TRG_COM_TIM11_IRQHandler
                0x0000000008001370                OTG_HS_IRQHandler
                0x0000000008001370                EXTI1_IRQHandler
                0x0000000008001370                USART2_IRQHandler
                0x0000000008001370                I2C2_ER_IRQHandler
                0x0000000008001370                DMA2_Stream1_IRQHandler
                0x0000000008001370                CAN1_SCE_IRQHandler
                0x0000000008001370                FLASH_IRQHandler
                0x0000000008001370                DMA2_Stream4_IRQHandler
                0x0000000008001370                USART1_IRQHandler
                0x0000000008001370                OTG_FS_IRQHandler
                0x0000000008001370                SPI3_IRQHandler
                0x0000000008001370                DMA1_Stream4_IRQHandler
                0x0000000008001370                I2C1_ER_IRQHandler
                0x0000000008001370                DMA2_Stream6_IRQHandler
                0x0000000008001370                DMA1_Stream3_IRQHandler
 *fill*         0x0000000008001372        0x2 
 .text.HAL_Init
                0x0000000008001374       0x44 ./Drivers/STM32F4xx_HAL_Driver/Src/stm32f4xx_hal.o
                0x0000000008001374                HAL_Init
 .text.HAL_InitTick
                0x00000000080013b8       0x60 ./Drivers/STM32F4xx_HAL_Driver/Src/stm32f4xx_hal.o
                0x00000000080013b8                HAL_InitTick
 .text.HAL_IncTick
                0x0000000008001418       0x28 ./Drivers/STM32F4xx_HAL_Driver/Src/stm32f4xx_hal.o
                0x0000000008001418                HAL_IncTick
 .text.HAL_GetTick
                0x0000000008001440       0x18 ./Drivers/STM32F4xx_HAL_Driver/Src/stm32f4xx_hal.o
                0x0000000008001440                HAL_GetTick
 .text.HAL_Delay
                0x0000000008001458       0x48 ./Drivers/STM32F4xx_HAL_Driver/Src/stm32f4xx_hal.o
                0x0000000008001458                HAL_Delay
 .text.__NVIC_SetPriorityGrouping
                0x00000000080014a0       0x48 ./Drivers/STM32F4xx_HAL_Driver/Src/stm32f4xx_hal_cortex.o
 .text.__NVIC_GetPriorityGrouping
                0x00000000080014e8       0x1c ./Drivers/STM32F4xx_HAL_Driver/Src/stm32f4xx_hal_cortex.o
 .text.__NVIC_EnableIRQ
                0x0000000008001504       0x3c ./Drivers/STM32F4xx_HAL_Driver/Src/stm32f4xx_hal_cortex.o
 .text.__NVIC_SetPriority
                0x0000000008001540       0x54 ./Drivers/STM32F4xx_HAL_Driver/Src/stm32f4xx_hal_cortex.o
 .text.NVIC_EncodePriority
                0x0000000008001594       0x66 ./Drivers/STM32F4xx_HAL_Driver/Src/stm32f4xx_hal_cortex.o
 *fill*         0x00000000080015fa        0x2 
 .text.SysTick_Config
                0x00000000080015fc       0x44 ./Drivers/STM32F4xx_HAL_Driver/Src/stm32f4xx_hal_cortex.o
 .text.HAL_NVIC_SetPriorityGrouping
                0x0000000008001640       0x16 ./Drivers/STM32F4xx_HAL_Driver/Src/stm32f4xx_hal_cortex.o
                0x0000000008001640                HAL_NVIC_SetPriorityGrouping
 .text.HAL_NVIC_SetPriority
                0x0000000008001656       0x38 ./Drivers/STM32F4xx_HAL_Driver/Src/stm32f4xx_hal_cortex.o
                0x0000000008001656                HAL_NVIC_SetPriority
 .text.HAL_NVIC_EnableIRQ
                0x000000000800168e       0x1c ./Drivers/STM32F4xx_HAL_Driver/Src/stm32f4xx_hal_cortex.o
                0x000000000800168e                HAL_NVIC_EnableIRQ
 .text.HAL_SYSTICK_Config
                0x00000000080016aa       0x18 ./Drivers/STM32F4xx_HAL_Driver/Src/stm32f4xx_hal_cortex.o
                0x00000000080016aa                HAL_SYSTICK_Config
 *fill*         0x00000000080016c2        0x2 
 .text.HAL_GPIO_Init
                0x00000000080016c4      0x338 ./Drivers/STM32F4xx_HAL_Driver/Src/stm32f4xx_hal_gpio.o
                0x00000000080016c4                HAL_GPIO_Init
 .text.HAL_GPIO_ReadPin
                0x00000000080019fc       0x30 ./Drivers/STM32F4xx_HAL_Driver/Src/stm32f4xx_hal_gpio.o
                0x00000000080019fc                HAL_GPIO_ReadPin
 .text.HAL_GPIO_WritePin
                0x0000000008001a2c       0x32 ./Drivers/STM32F4xx_HAL_Driver/Src/stm32f4xx_hal_gpio.o
                0x0000000008001a2c                HAL_GPIO_WritePin
 *fill*         0x0000000008001a5e        0x2 
 .text.HAL_GPIO_EXTI_IRQHandler
                0x0000000008001a60       0x30 ./Drivers/STM32F4xx_HAL_Driver/Src/stm32f4xx_hal_gpio.o
                0x0000000008001a60                HAL_GPIO_EXTI_IRQHandler
 .text.HAL_RCC_OscConfig
                0x0000000008001a90      0x4f0 ./Drivers/STM32F4xx_HAL_Driver/Src/stm32f4xx_hal_rcc.o
                0x0000000008001a90                HAL_RCC_OscConfig
 .text.HAL_RCC_ClockConfig
                0x0000000008001f80      0x1cc ./Drivers/STM32F4xx_HAL_Driver/Src/stm32f4xx_hal_rcc.o
                0x0000000008001f80                HAL_RCC_ClockConfig
 .text.HAL_RCC_GetSysClockFreq
                0x000000000800214c      0x18c ./Drivers/STM32F4xx_HAL_Driver/Src/stm32f4xx_hal_rcc.o
                0x000000000800214c                HAL_RCC_GetSysClockFreq
 .text.HAL_RCC_GetHCLKFreq
                0x00000000080022d8       0x18 ./Drivers/STM32F4xx_HAL_Driver/Src/stm32f4xx_hal_rcc.o
                0x00000000080022d8                HAL_RCC_GetHCLKFreq
 .text.HAL_TIM_Base_Init
                0x00000000080022f0       0x9e ./Drivers/STM32F4xx_HAL_Driver/Src/stm32f4xx_hal_tim.o
                0x00000000080022f0                HAL_TIM_Base_Init
 *fill*         0x000000000800238e        0x2 
 .text.HAL_TIM_Base_Start
                0x0000000008002390       0xd0 ./Drivers/STM32F4xx_HAL_Driver/Src/stm32f4xx_hal_tim.o
                0x0000000008002390                HAL_TIM_Base_Start
 .text.HAL_TIM_PWM_Init
                0x0000000008002460       0x9e ./Drivers/STM32F4xx_HAL_Driver/Src/stm32f4xx_hal_tim.o
                0x0000000008002460                HAL_TIM_PWM_Init
 .text.HAL_TIM_PWM_MspInit
                0x00000000080024fe       0x14 ./Drivers/STM32F4xx_HAL_Driver/Src/stm32f4xx_hal_tim.o
                0x00000000080024fe                HAL_TIM_PWM_MspInit
 *fill*         0x0000000008002512        0x2 
 .text.HAL_TIM_PWM_Start
                0x0000000008002514      0x190 ./Drivers/STM32F4xx_HAL_Driver/Src/stm32f4xx_hal_tim.o
                0x0000000008002514                HAL_TIM_PWM_Start
 .text.HAL_TIM_IRQHandler
                0x00000000080026a4      0x210 ./Drivers/STM32F4xx_HAL_Driver/Src/stm32f4xx_hal_tim.o
                0x00000000080026a4                HAL_TIM_IRQHandler
 .text.HAL_TIM_PWM_ConfigChannel
                0x00000000080028b4      0x184 ./Drivers/STM32F4xx_HAL_Driver/Src/stm32f4xx_hal_tim.o
                0x00000000080028b4                HAL_TIM_PWM_ConfigChannel
 .text.HAL_TIM_ConfigClockSource
                0x0000000008002a38      0x18e ./Drivers/STM32F4xx_HAL_Driver/Src/stm32f4xx_hal_tim.o
                0x0000000008002a38                HAL_TIM_ConfigClockSource
 .text.HAL_TIM_PeriodElapsedCallback
                0x0000000008002bc6       0x14 ./Drivers/STM32F4xx_HAL_Driver/Src/stm32f4xx_hal_tim.o
                0x0000000008002bc6                HAL_TIM_PeriodElapsedCallback
 .text.HAL_TIM_OC_DelayElapsedCallback
                0x0000000008002bda       0x14 ./Drivers/STM32F4xx_HAL_Driver/Src/stm32f4xx_hal_tim.o
                0x0000000008002bda                HAL_TIM_OC_DelayElapsedCallback
 .text.HAL_TIM_IC_CaptureCallback
                0x0000000008002bee       0x14 ./Drivers/STM32F4xx_HAL_Driver/Src/stm32f4xx_hal_tim.o
                0x0000000008002bee                HAL_TIM_IC_CaptureCallback
 .text.HAL_TIM_PWM_PulseFinishedCallback
                0x0000000008002c02       0x14 ./Drivers/STM32F4xx_HAL_Driver/Src/stm32f4xx_hal_tim.o
                0x0000000008002c02                HAL_TIM_PWM_PulseFinishedCallback
 .text.HAL_TIM_TriggerCallback
                0x0000000008002c16       0x14 ./Drivers/STM32F4xx_HAL_Driver/Src/stm32f4xx_hal_tim.o
                0x0000000008002c16                HAL_TIM_TriggerCallback
 *fill*         0x0000000008002c2a        0x2 
 .text.TIM_Base_SetConfig
                0x0000000008002c2c      0x140 ./Drivers/STM32F4xx_HAL_Driver/Src/stm32f4xx_hal_tim.o
                0x0000000008002c2c                TIM_Base_SetConfig
 .text.TIM_OC1_SetConfig
                0x0000000008002d6c       0xe0 ./Drivers/STM32F4xx_HAL_Driver/Src/stm32f4xx_hal_tim.o
 .text.TIM_OC2_SetConfig
                0x0000000008002e4c       0xec ./Drivers/STM32F4xx_HAL_Driver/Src/stm32f4xx_hal_tim.o
                0x0000000008002e4c                TIM_OC2_SetConfig
 .text.TIM_OC3_SetConfig
                0x0000000008002f38       0xe8 ./Drivers/STM32F4xx_HAL_Driver/Src/stm32f4xx_hal_tim.o
 .text.TIM_OC4_SetConfig
                0x0000000008003020       0xac ./Drivers/STM32F4xx_HAL_Driver/Src/stm32f4xx_hal_tim.o
 .text.TIM_TI1_ConfigInputStage
                0x00000000080030cc       0x5e ./Drivers/STM32F4xx_HAL_Driver/Src/stm32f4xx_hal_tim.o
 .text.TIM_TI2_ConfigInputStage
                0x000000000800312a       0x60 ./Drivers/STM32F4xx_HAL_Driver/Src/stm32f4xx_hal_tim.o
 .text.TIM_ITRx_SetConfig
                0x000000000800318a       0x36 ./Drivers/STM32F4xx_HAL_Driver/Src/stm32f4xx_hal_tim.o
 .text.TIM_ETR_SetConfig
                0x00000000080031c0       0x40 ./Drivers/STM32F4xx_HAL_Driver/Src/stm32f4xx_hal_tim.o
                0x00000000080031c0                TIM_ETR_SetConfig
 .text.TIM_CCxChannelCmd
                0x0000000008003200       0x4a ./Drivers/STM32F4xx_HAL_Driver/Src/stm32f4xx_hal_tim.o
                0x0000000008003200                TIM_CCxChannelCmd
 *fill*         0x000000000800324a        0x2 
 .text.HAL_TIMEx_MasterConfigSynchronization
                0x000000000800324c       0xf8 ./Drivers/STM32F4xx_HAL_Driver/Src/stm32f4xx_hal_tim_ex.o
                0x000000000800324c                HAL_TIMEx_MasterConfigSynchronization
 .text.HAL_TIMEx_CommutCallback
                0x0000000008003344       0x14 ./Drivers/STM32F4xx_HAL_Driver/Src/stm32f4xx_hal_tim_ex.o
                0x0000000008003344                HAL_TIMEx_CommutCallback
 .text.HAL_TIMEx_BreakCallback
                0x0000000008003358       0x14 ./Drivers/STM32F4xx_HAL_Driver/Src/stm32f4xx_hal_tim_ex.o
                0x0000000008003358                HAL_TIMEx_BreakCallback
 .text.__libc_init_array
                0x000000000800336c       0x48 c:/st/stm32cubeide_1.11.0/stm32cubeide/plugins/com.st.stm32cube.ide.mcu.externaltools.gnu-tools-for-stm32.10.3-2021.10.win32_1.0.100.202210260954/tools/bin/../lib/gcc/arm-none-eabi/10.3.1/../../../../arm-none-eabi/lib/thumb/v7e-m+fp/hard\libc_nano.a(lib_a-init.o)
                0x000000000800336c                __libc_init_array
 .text.memset   0x00000000080033b4       0x10 c:/st/stm32cubeide_1.11.0/stm32cubeide/plugins/com.st.stm32cube.ide.mcu.externaltools.gnu-tools-for-stm32.10.3-2021.10.win32_1.0.100.202210260954/tools/bin/../lib/gcc/arm-none-eabi/10.3.1/../../../../arm-none-eabi/lib/thumb/v7e-m+fp/hard\libc_nano.a(lib_a-memset.o)
                0x00000000080033b4                memset
 *(.glue_7)
 .glue_7        0x00000000080033c4        0x0 linker stubs
 *(.glue_7t)
 .glue_7t       0x00000000080033c4        0x0 linker stubs
 *(.eh_frame)
 .eh_frame      0x00000000080033c4        0x0 c:/st/stm32cubeide_1.11.0/stm32cubeide/plugins/com.st.stm32cube.ide.mcu.externaltools.gnu-tools-for-stm32.10.3-2021.10.win32_1.0.100.202210260954/tools/bin/../lib/gcc/arm-none-eabi/10.3.1/thumb/v7e-m+fp/hard/crtbegin.o
 *(.init)
 .init          0x00000000080033c4        0x4 c:/st/stm32cubeide_1.11.0/stm32cubeide/plugins/com.st.stm32cube.ide.mcu.externaltools.gnu-tools-for-stm32.10.3-2021.10.win32_1.0.100.202210260954/tools/bin/../lib/gcc/arm-none-eabi/10.3.1/thumb/v7e-m+fp/hard/crti.o
                0x00000000080033c4                _init
 .init          0x00000000080033c8        0x8 c:/st/stm32cubeide_1.11.0/stm32cubeide/plugins/com.st.stm32cube.ide.mcu.externaltools.gnu-tools-for-stm32.10.3-2021.10.win32_1.0.100.202210260954/tools/bin/../lib/gcc/arm-none-eabi/10.3.1/thumb/v7e-m+fp/hard/crtn.o
 *(.fini)
 .fini          0x00000000080033d0        0x4 c:/st/stm32cubeide_1.11.0/stm32cubeide/plugins/com.st.stm32cube.ide.mcu.externaltools.gnu-tools-for-stm32.10.3-2021.10.win32_1.0.100.202210260954/tools/bin/../lib/gcc/arm-none-eabi/10.3.1/thumb/v7e-m+fp/hard/crti.o
                0x00000000080033d0                _fini
 .fini          0x00000000080033d4        0x8 c:/st/stm32cubeide_1.11.0/stm32cubeide/plugins/com.st.stm32cube.ide.mcu.externaltools.gnu-tools-for-stm32.10.3-2021.10.win32_1.0.100.202210260954/tools/bin/../lib/gcc/arm-none-eabi/10.3.1/thumb/v7e-m+fp/hard/crtn.o
                0x00000000080033dc                . = ALIGN (0x4)
                0x00000000080033dc                _etext = .

.vfp11_veneer   0x00000000080033dc        0x0
 .vfp11_veneer  0x00000000080033dc        0x0 linker stubs

.v4_bx          0x00000000080033dc        0x0
 .v4_bx         0x00000000080033dc        0x0 linker stubs

.iplt           0x00000000080033dc        0x0
 .iplt          0x00000000080033dc        0x0 c:/st/stm32cubeide_1.11.0/stm32cubeide/plugins/com.st.stm32cube.ide.mcu.externaltools.gnu-tools-for-stm32.10.3-2021.10.win32_1.0.100.202210260954/tools/bin/../lib/gcc/arm-none-eabi/10.3.1/thumb/v7e-m+fp/hard/crtbegin.o

.rodata         0x00000000080033dc       0x78
                0x00000000080033dc                . = ALIGN (0x4)
 *(.rodata)
 .rodata        0x00000000080033dc       0x66 ./Core/Src/main.o
 *(.rodata*)
 *fill*         0x0000000008003442        0x2 
 .rodata.AHBPrescTable
                0x0000000008003444       0x10 ./Core/Src/system_stm32f4xx.o
                0x0000000008003444                AHBPrescTable
                0x0000000008003454                . = ALIGN (0x4)

.ARM.extab      0x0000000008003454        0x0
                0x0000000008003454                . = ALIGN (0x4)
 *(.ARM.extab* .gnu.linkonce.armextab.*)
                0x0000000008003454                . = ALIGN (0x4)

.ARM            0x0000000008003454        0x8
                0x0000000008003454                . = ALIGN (0x4)
                0x0000000008003454                __exidx_start = .
 *(.ARM.exidx*)
 .ARM.exidx     0x0000000008003454        0x8 c:/st/stm32cubeide_1.11.0/stm32cubeide/plugins/com.st.stm32cube.ide.mcu.externaltools.gnu-tools-for-stm32.10.3-2021.10.win32_1.0.100.202210260954/tools/bin/../lib/gcc/arm-none-eabi/10.3.1/thumb/v7e-m+fp/hard\libgcc.a(_udivmoddi4.o)
                0x000000000800345c                __exidx_end = .
                0x000000000800345c                . = ALIGN (0x4)

.rel.dyn        0x000000000800345c        0x0
 .rel.iplt      0x000000000800345c        0x0 c:/st/stm32cubeide_1.11.0/stm32cubeide/plugins/com.st.stm32cube.ide.mcu.externaltools.gnu-tools-for-stm32.10.3-2021.10.win32_1.0.100.202210260954/tools/bin/../lib/gcc/arm-none-eabi/10.3.1/thumb/v7e-m+fp/hard/crtbegin.o

.preinit_array  0x000000000800345c        0x0
                0x000000000800345c                . = ALIGN (0x4)
                0x000000000800345c                PROVIDE (__preinit_array_start = .)
 *(.preinit_array*)
                0x000000000800345c                PROVIDE (__preinit_array_end = .)
                0x000000000800345c                . = ALIGN (0x4)

.init_array     0x000000000800345c        0x4
                0x000000000800345c                . = ALIGN (0x4)
                0x000000000800345c                PROVIDE (__init_array_start = .)
 *(SORT_BY_NAME(.init_array.*))
 *(.init_array*)
 .init_array    0x000000000800345c        0x4 c:/st/stm32cubeide_1.11.0/stm32cubeide/plugins/com.st.stm32cube.ide.mcu.externaltools.gnu-tools-for-stm32.10.3-2021.10.win32_1.0.100.202210260954/tools/bin/../lib/gcc/arm-none-eabi/10.3.1/thumb/v7e-m+fp/hard/crtbegin.o
                0x0000000008003460                PROVIDE (__init_array_end = .)
                0x0000000008003460                . = ALIGN (0x4)

.fini_array     0x0000000008003460        0x4
                0x0000000008003460                . = ALIGN (0x4)
                [!provide]                        PROVIDE (__fini_array_start = .)
 *(SORT_BY_NAME(.fini_array.*))
 *(.fini_array*)
 .fini_array    0x0000000008003460        0x4 c:/st/stm32cubeide_1.11.0/stm32cubeide/plugins/com.st.stm32cube.ide.mcu.externaltools.gnu-tools-for-stm32.10.3-2021.10.win32_1.0.100.202210260954/tools/bin/../lib/gcc/arm-none-eabi/10.3.1/thumb/v7e-m+fp/hard/crtbegin.o
                [!provide]                        PROVIDE (__fini_array_end = .)
                0x0000000008003464                . = ALIGN (0x4)
                0x0000000008003464                _sidata = LOADADDR (.data)

.data           0x0000000020000000        0xc load address 0x0000000008003464
                0x0000000020000000                . = ALIGN (0x4)
                0x0000000020000000                _sdata = .
 *(.data)
 *(.data*)
 .data.SystemCoreClock
                0x0000000020000000        0x4 ./Core/Src/system_stm32f4xx.o
                0x0000000020000000                SystemCoreClock
 .data.uwTickPrio
                0x0000000020000004        0x4 ./Drivers/STM32F4xx_HAL_Driver/Src/stm32f4xx_hal.o
                0x0000000020000004                uwTickPrio
 .data.uwTickFreq
                0x0000000020000008        0x1 ./Drivers/STM32F4xx_HAL_Driver/Src/stm32f4xx_hal.o
                0x0000000020000008                uwTickFreq
 *(.RamFunc)
 *(.RamFunc*)
                0x000000002000000c                . = ALIGN (0x4)
 *fill*         0x0000000020000009        0x3 
                0x000000002000000c                _edata = .
                0x0000000008003470                _siccmram = LOADADDR (.ccmram)

.igot.plt       0x000000002000000c        0x0 load address 0x0000000008003470
 .igot.plt      0x000000002000000c        0x0 c:/st/stm32cubeide_1.11.0/stm32cubeide/plugins/com.st.stm32cube.ide.mcu.externaltools.gnu-tools-for-stm32.10.3-2021.10.win32_1.0.100.202210260954/tools/bin/../lib/gcc/arm-none-eabi/10.3.1/thumb/v7e-m+fp/hard/crtbegin.o

.ccmram         0x0000000010000000        0x0 load address 0x0000000008003470
                0x0000000010000000                . = ALIGN (0x4)
                0x0000000010000000                _sccmram = .
 *(.ccmram)
 *(.ccmram*)
                0x0000000010000000                . = ALIGN (0x4)
                0x0000000010000000                _eccmram = .
                0x0000000010000000                . = ALIGN (0x4)

.bss            0x000000002000000c       0xcc
                0x000000002000000c                _sbss = .
                0x000000002000000c                __bss_start__ = _sbss
 *(.bss)
 .bss           0x000000002000000c       0x1c c:/st/stm32cubeide_1.11.0/stm32cubeide/plugins/com.st.stm32cube.ide.mcu.externaltools.gnu-tools-for-stm32.10.3-2021.10.win32_1.0.100.202210260954/tools/bin/../lib/gcc/arm-none-eabi/10.3.1/thumb/v7e-m+fp/hard/crtbegin.o
 *(.bss*)
 .bss.GPIO_InitStruct
                0x0000000020000028       0x14 ./Core/Src/dht11.o
                0x0000000020000028                GPIO_InitStruct
 .bss.htim2     0x000000002000003c       0x48 ./Core/Src/main.o
                0x000000002000003c                htim2
 .bss.htim3     0x0000000020000084       0x48 ./Core/Src/main.o
                0x0000000020000084                htim3
 .bss.dht       0x00000000200000cc        0x2 ./Core/Src/main.o
                0x00000000200000cc                dht
 .bss.pir_status
                0x00000000200000ce        0x1 ./Core/Src/main.o
                0x00000000200000ce                pir_status
 .bss.vibrationDetected
                0x00000000200000cf        0x1 ./Core/Src/main.o
                0x00000000200000cf                vibrationDetected
 .bss.flag      0x00000000200000d0        0x1 ./Core/Src/main.o
                0x00000000200000d0                flag
 *fill*         0x00000000200000d1        0x3 
 .bss.uwTick    0x00000000200000d4        0x4 ./Drivers/STM32F4xx_HAL_Driver/Src/stm32f4xx_hal.o
                0x00000000200000d4                uwTick
 *(COMMON)
                0x00000000200000d8                . = ALIGN (0x4)
                0x00000000200000d8                _ebss = .
                0x00000000200000d8                __bss_end__ = _ebss

._user_heap_stack
                0x00000000200000d8      0x600
                0x00000000200000d8                . = ALIGN (0x8)
                [!provide]                        PROVIDE (end = .)
                0x00000000200000d8                PROVIDE (_end = .)
                0x00000000200002d8                . = (. + _Min_Heap_Size)
 *fill*         0x00000000200000d8      0x200 
                0x00000000200006d8                . = (. + _Min_Stack_Size)
 *fill*         0x00000000200002d8      0x400 
                0x00000000200006d8                . = ALIGN (0x8)

/DISCARD/
 libc.a(*)
 libm.a(*)
 libgcc.a(*)

.ARM.attributes
                0x0000000000000000       0x30
 *(.ARM.attributes)
 .ARM.attributes
                0x0000000000000000       0x1e c:/st/stm32cubeide_1.11.0/stm32cubeide/plugins/com.st.stm32cube.ide.mcu.externaltools.gnu-tools-for-stm32.10.3-2021.10.win32_1.0.100.202210260954/tools/bin/../lib/gcc/arm-none-eabi/10.3.1/thumb/v7e-m+fp/hard/crti.o
 .ARM.attributes
                0x000000000000001e       0x34 c:/st/stm32cubeide_1.11.0/stm32cubeide/plugins/com.st.stm32cube.ide.mcu.externaltools.gnu-tools-for-stm32.10.3-2021.10.win32_1.0.100.202210260954/tools/bin/../lib/gcc/arm-none-eabi/10.3.1/thumb/v7e-m+fp/hard/crtbegin.o
 .ARM.attributes
                0x0000000000000052       0x34 ./Core/Src/cmn.o
 .ARM.attributes
                0x0000000000000086       0x34 ./Core/Src/dht11.o
 .ARM.attributes
                0x00000000000000ba       0x34 ./Core/Src/lcd.o
 .ARM.attributes
                0x00000000000000ee       0x34 ./Core/Src/main.o
 .ARM.attributes
                0x0000000000000122       0x34 ./Core/Src/stm32f4xx_hal_msp.o
 .ARM.attributes
                0x0000000000000156       0x34 ./Core/Src/stm32f4xx_it.o
 .ARM.attributes
                0x000000000000018a       0x34 ./Core/Src/system_stm32f4xx.o
 .ARM.attributes
                0x00000000000001be       0x21 ./Core/Startup/startup_stm32f405rgtx.o
 .ARM.attributes
                0x00000000000001df       0x34 ./Drivers/STM32F4xx_HAL_Driver/Src/stm32f4xx_hal.o
 .ARM.attributes
                0x0000000000000213       0x34 ./Drivers/STM32F4xx_HAL_Driver/Src/stm32f4xx_hal_cortex.o
 .ARM.attributes
                0x0000000000000247       0x34 ./Drivers/STM32F4xx_HAL_Driver/Src/stm32f4xx_hal_gpio.o
 .ARM.attributes
                0x000000000000027b       0x34 ./Drivers/STM32F4xx_HAL_Driver/Src/stm32f4xx_hal_rcc.o
 .ARM.attributes
                0x00000000000002af       0x34 ./Drivers/STM32F4xx_HAL_Driver/Src/stm32f4xx_hal_tim.o
 .ARM.attributes
                0x00000000000002e3       0x34 ./Drivers/STM32F4xx_HAL_Driver/Src/stm32f4xx_hal_tim_ex.o
 .ARM.attributes
                0x0000000000000317       0x34 c:/st/stm32cubeide_1.11.0/stm32cubeide/plugins/com.st.stm32cube.ide.mcu.externaltools.gnu-tools-for-stm32.10.3-2021.10.win32_1.0.100.202210260954/tools/bin/../lib/gcc/arm-none-eabi/10.3.1/../../../../arm-none-eabi/lib/thumb/v7e-m+fp/hard\libc_nano.a(lib_a-init.o)
 .ARM.attributes
                0x000000000000034b       0x34 c:/st/stm32cubeide_1.11.0/stm32cubeide/plugins/com.st.stm32cube.ide.mcu.externaltools.gnu-tools-for-stm32.10.3-2021.10.win32_1.0.100.202210260954/tools/bin/../lib/gcc/arm-none-eabi/10.3.1/../../../../arm-none-eabi/lib/thumb/v7e-m+fp/hard\libc_nano.a(lib_a-memset.o)
 .ARM.attributes
                0x000000000000037f       0x1e c:/st/stm32cubeide_1.11.0/stm32cubeide/plugins/com.st.stm32cube.ide.mcu.externaltools.gnu-tools-for-stm32.10.3-2021.10.win32_1.0.100.202210260954/tools/bin/../lib/gcc/arm-none-eabi/10.3.1/thumb/v7e-m+fp/hard\libgcc.a(_aeabi_uldivmod.o)
 .ARM.attributes
                0x000000000000039d       0x34 c:/st/stm32cubeide_1.11.0/stm32cubeide/plugins/com.st.stm32cube.ide.mcu.externaltools.gnu-tools-for-stm32.10.3-2021.10.win32_1.0.100.202210260954/tools/bin/../lib/gcc/arm-none-eabi/10.3.1/thumb/v7e-m+fp/hard\libgcc.a(_udivmoddi4.o)
 .ARM.attributes
                0x00000000000003d1       0x1e c:/st/stm32cubeide_1.11.0/stm32cubeide/plugins/com.st.stm32cube.ide.mcu.externaltools.gnu-tools-for-stm32.10.3-2021.10.win32_1.0.100.202210260954/tools/bin/../lib/gcc/arm-none-eabi/10.3.1/thumb/v7e-m+fp/hard\libgcc.a(_dvmd_tls.o)
 .ARM.attributes
                0x00000000000003ef       0x1e c:/st/stm32cubeide_1.11.0/stm32cubeide/plugins/com.st.stm32cube.ide.mcu.externaltools.gnu-tools-for-stm32.10.3-2021.10.win32_1.0.100.202210260954/tools/bin/../lib/gcc/arm-none-eabi/10.3.1/thumb/v7e-m+fp/hard/crtn.o
OUTPUT(DHT11_Temp.elf elf32-littlearm)
LOAD linker stubs
LOAD c:/st/stm32cubeide_1.11.0/stm32cubeide/plugins/com.st.stm32cube.ide.mcu.externaltools.gnu-tools-for-stm32.10.3-2021.10.win32_1.0.100.202210260954/tools/bin/../lib/gcc/arm-none-eabi/10.3.1/../../../../arm-none-eabi/lib/thumb/v7e-m+fp/hard\libc.a
LOAD c:/st/stm32cubeide_1.11.0/stm32cubeide/plugins/com.st.stm32cube.ide.mcu.externaltools.gnu-tools-for-stm32.10.3-2021.10.win32_1.0.100.202210260954/tools/bin/../lib/gcc/arm-none-eabi/10.3.1/../../../../arm-none-eabi/lib/thumb/v7e-m+fp/hard\libm.a
LOAD c:/st/stm32cubeide_1.11.0/stm32cubeide/plugins/com.st.stm32cube.ide.mcu.externaltools.gnu-tools-for-stm32.10.3-2021.10.win32_1.0.100.202210260954/tools/bin/../lib/gcc/arm-none-eabi/10.3.1/thumb/v7e-m+fp/hard\libgcc.a

.debug_info     0x0000000000000000     0xa59e
 .debug_info    0x0000000000000000      0x34d ./Core/Src/cmn.o
 .debug_info    0x000000000000034d      0x691 ./Core/Src/dht11.o
 .debug_info    0x00000000000009de      0x498 ./Core/Src/lcd.o
 .debug_info    0x0000000000000e76     0x13d6 ./Core/Src/main.o
 .debug_info    0x000000000000224c      0xcf6 ./Core/Src/stm32f4xx_hal_msp.o
 .debug_info    0x0000000000002f42      0x736 ./Core/Src/stm32f4xx_it.o
 .debug_info    0x0000000000003678      0x523 ./Core/Src/system_stm32f4xx.o
 .debug_info    0x0000000000003b9b       0x22 ./Core/Startup/startup_stm32f405rgtx.o
 .debug_info    0x0000000000003bbd      0x96a ./Drivers/STM32F4xx_HAL_Driver/Src/stm32f4xx_hal.o
 .debug_info    0x0000000000004527      0xe09 ./Drivers/STM32F4xx_HAL_Driver/Src/stm32f4xx_hal_cortex.o
 .debug_info    0x0000000000005330      0x76a ./Drivers/STM32F4xx_HAL_Driver/Src/stm32f4xx_hal_gpio.o
 .debug_info    0x0000000000005a9a      0x966 ./Drivers/STM32F4xx_HAL_Driver/Src/stm32f4xx_hal_rcc.o
 .debug_info    0x0000000000006400     0x2bbe ./Drivers/STM32F4xx_HAL_Driver/Src/stm32f4xx_hal_tim.o
 .debug_info    0x0000000000008fbe     0x15e0 ./Drivers/STM32F4xx_HAL_Driver/Src/stm32f4xx_hal_tim_ex.o

.debug_abbrev   0x0000000000000000     0x1a68
 .debug_abbrev  0x0000000000000000      0x125 ./Core/Src/cmn.o
 .debug_abbrev  0x0000000000000125      0x21b ./Core/Src/dht11.o
 .debug_abbrev  0x0000000000000340      0x13d ./Core/Src/lcd.o
 .debug_abbrev  0x000000000000047d      0x327 ./Core/Src/main.o
 .debug_abbrev  0x00000000000007a4      0x1c5 ./Core/Src/stm32f4xx_hal_msp.o
 .debug_abbrev  0x0000000000000969      0x184 ./Core/Src/stm32f4xx_it.o
 .debug_abbrev  0x0000000000000aed      0x116 ./Core/Src/system_stm32f4xx.o
 .debug_abbrev  0x0000000000000c03       0x12 ./Core/Startup/startup_stm32f405rgtx.o
 .debug_abbrev  0x0000000000000c15      0x20d ./Drivers/STM32F4xx_HAL_Driver/Src/stm32f4xx_hal.o
 .debug_abbrev  0x0000000000000e22      0x316 ./Drivers/STM32F4xx_HAL_Driver/Src/stm32f4xx_hal_cortex.o
 .debug_abbrev  0x0000000000001138      0x1c4 ./Drivers/STM32F4xx_HAL_Driver/Src/stm32f4xx_hal_gpio.o
 .debug_abbrev  0x00000000000012fc      0x2aa ./Drivers/STM32F4xx_HAL_Driver/Src/stm32f4xx_hal_rcc.o
 .debug_abbrev  0x00000000000015a6      0x25d ./Drivers/STM32F4xx_HAL_Driver/Src/stm32f4xx_hal_tim.o
 .debug_abbrev  0x0000000000001803      0x265 ./Drivers/STM32F4xx_HAL_Driver/Src/stm32f4xx_hal_tim_ex.o

.debug_aranges  0x0000000000000000      0xa80
 .debug_aranges
                0x0000000000000000       0x60 ./Core/Src/cmn.o
 .debug_aranges
                0x0000000000000060       0x58 ./Core/Src/dht11.o
 .debug_aranges
                0x00000000000000b8       0x40 ./Core/Src/lcd.o
 .debug_aranges
                0x00000000000000f8       0x78 ./Core/Src/main.o
 .debug_aranges
                0x0000000000000170       0x38 ./Core/Src/stm32f4xx_hal_msp.o
 .debug_aranges
                0x00000000000001a8       0x68 ./Core/Src/stm32f4xx_it.o
 .debug_aranges
                0x0000000000000210       0x28 ./Core/Src/system_stm32f4xx.o
 .debug_aranges
                0x0000000000000238       0x28 ./Core/Startup/startup_stm32f405rgtx.o
 .debug_aranges
                0x0000000000000260       0xf0 ./Drivers/STM32F4xx_HAL_Driver/Src/stm32f4xx_hal.o
 .debug_aranges
                0x0000000000000350      0x118 ./Drivers/STM32F4xx_HAL_Driver/Src/stm32f4xx_hal_cortex.o
 .debug_aranges
                0x0000000000000468       0x58 ./Drivers/STM32F4xx_HAL_Driver/Src/stm32f4xx_hal_gpio.o
 .debug_aranges
                0x00000000000004c0       0x88 ./Drivers/STM32F4xx_HAL_Driver/Src/stm32f4xx_hal_rcc.o
 .debug_aranges
                0x0000000000000548      0x3d0 ./Drivers/STM32F4xx_HAL_Driver/Src/stm32f4xx_hal_tim.o
 .debug_aranges
                0x0000000000000918      0x168 ./Drivers/STM32F4xx_HAL_Driver/Src/stm32f4xx_hal_tim_ex.o

.debug_ranges   0x0000000000000000      0x9a8
 .debug_ranges  0x0000000000000000       0x50 ./Core/Src/cmn.o
 .debug_ranges  0x0000000000000050       0x48 ./Core/Src/dht11.o
 .debug_ranges  0x0000000000000098       0x30 ./Core/Src/lcd.o
 .debug_ranges  0x00000000000000c8       0x68 ./Core/Src/main.o
 .debug_ranges  0x0000000000000130       0x28 ./Core/Src/stm32f4xx_hal_msp.o
 .debug_ranges  0x0000000000000158       0x58 ./Core/Src/stm32f4xx_it.o
 .debug_ranges  0x00000000000001b0       0x18 ./Core/Src/system_stm32f4xx.o
 .debug_ranges  0x00000000000001c8       0x20 ./Core/Startup/startup_stm32f405rgtx.o
 .debug_ranges  0x00000000000001e8       0xe0 ./Drivers/STM32F4xx_HAL_Driver/Src/stm32f4xx_hal.o
 .debug_ranges  0x00000000000002c8      0x108 ./Drivers/STM32F4xx_HAL_Driver/Src/stm32f4xx_hal_cortex.o
 .debug_ranges  0x00000000000003d0       0x48 ./Drivers/STM32F4xx_HAL_Driver/Src/stm32f4xx_hal_gpio.o
 .debug_ranges  0x0000000000000418       0x78 ./Drivers/STM32F4xx_HAL_Driver/Src/stm32f4xx_hal_rcc.o
 .debug_ranges  0x0000000000000490      0x3c0 ./Drivers/STM32F4xx_HAL_Driver/Src/stm32f4xx_hal_tim.o
 .debug_ranges  0x0000000000000850      0x158 ./Drivers/STM32F4xx_HAL_Driver/Src/stm32f4xx_hal_tim_ex.o

.debug_macro    0x0000000000000000    0x1efc2
 .debug_macro   0x0000000000000000       0xcf ./Core/Src/cmn.o
 .debug_macro   0x00000000000000cf      0xa78 ./Core/Src/cmn.o
 .debug_macro   0x0000000000000b47       0x2f ./Core/Src/cmn.o
 .debug_macro   0x0000000000000b76       0x22 ./Core/Src/cmn.o
 .debug_macro   0x0000000000000b98       0x8e ./Core/Src/cmn.o
 .debug_macro   0x0000000000000c26       0x51 ./Core/Src/cmn.o
 .debug_macro   0x0000000000000c77      0x103 ./Core/Src/cmn.o
 .debug_macro   0x0000000000000d7a       0x6a ./Core/Src/cmn.o
 .debug_macro   0x0000000000000de4      0x1df ./Core/Src/cmn.o
 .debug_macro   0x0000000000000fc3       0x1c ./Core/Src/cmn.o
 .debug_macro   0x0000000000000fdf       0x22 ./Core/Src/cmn.o
 .debug_macro   0x0000000000001001       0xd9 ./Core/Src/cmn.o
 .debug_macro   0x00000000000010da     0x102d ./Core/Src/cmn.o
 .debug_macro   0x0000000000002107      0x11f ./Core/Src/cmn.o
 .debug_macro   0x0000000000002226    0x1426d ./Core/Src/cmn.o
 .debug_macro   0x0000000000016493      0x1ce ./Core/Src/dht11.o
 .debug_macro   0x0000000000016661      0x295 ./Core/Src/dht11.o
 .debug_macro   0x00000000000168f6       0x2e ./Core/Src/dht11.o
 .debug_macro   0x0000000000016924       0x6d ./Core/Src/dht11.o
 .debug_macro   0x0000000000016991     0x367e ./Core/Src/dht11.o
 .debug_macro   0x000000000001a00f      0x174 ./Core/Src/dht11.o
 .debug_macro   0x000000000001a183       0x5c ./Core/Src/dht11.o
 .debug_macro   0x000000000001a1df      0x8a7 ./Core/Src/dht11.o
 .debug_macro   0x000000000001aa86      0x9fe ./Core/Src/dht11.o
 .debug_macro   0x000000000001b484      0x115 ./Core/Src/dht11.o
 .debug_macro   0x000000000001b599      0x130 ./Core/Src/dht11.o
 .debug_macro   0x000000000001b6c9       0xa5 ./Core/Src/dht11.o
 .debug_macro   0x000000000001b76e      0x174 ./Core/Src/dht11.o
 .debug_macro   0x000000000001b8e2      0x287 ./Core/Src/dht11.o
 .debug_macro   0x000000000001bb69       0x5f ./Core/Src/dht11.o
 .debug_macro   0x000000000001bbc8      0x236 ./Core/Src/dht11.o
 .debug_macro   0x000000000001bdfe      0x12c ./Core/Src/dht11.o
 .debug_macro   0x000000000001bf2a      0x21e ./Core/Src/dht11.o
 .debug_macro   0x000000000001c148       0x2e ./Core/Src/dht11.o
 .debug_macro   0x000000000001c176      0x11a ./Core/Src/dht11.o
 .debug_macro   0x000000000001c290       0x7e ./Core/Src/dht11.o
 .debug_macro   0x000000000001c30e       0x89 ./Core/Src/dht11.o
 .debug_macro   0x000000000001c397      0x8e6 ./Core/Src/dht11.o
 .debug_macro   0x000000000001cc7d       0x47 ./Core/Src/dht11.o
 .debug_macro   0x000000000001ccc4      0x12d ./Core/Src/dht11.o
 .debug_macro   0x000000000001cdf1       0xd7 ./Core/Src/lcd.o
 .debug_macro   0x000000000001cec8       0x4c ./Core/Src/lcd.o
 .debug_macro   0x000000000001cf14       0x10 ./Core/Src/lcd.o
 .debug_macro   0x000000000001cf24      0x38d ./Core/Src/main.o
 .debug_macro   0x000000000001d2b1       0x52 ./Core/Src/main.o
 .debug_macro   0x000000000001d303       0x1e ./Core/Src/main.o
 .debug_macro   0x000000000001d321       0x3c ./Core/Src/main.o
 .debug_macro   0x000000000001d35d       0x34 ./Core/Src/main.o
 .debug_macro   0x000000000001d391       0x16 ./Core/Src/main.o
 .debug_macro   0x000000000001d3a7       0x35 ./Core/Src/main.o
 .debug_macro   0x000000000001d3dc      0x341 ./Core/Src/main.o
 .debug_macro   0x000000000001d71d       0x10 ./Core/Src/main.o
 .debug_macro   0x000000000001d72d       0x16 ./Core/Src/main.o
 .debug_macro   0x000000000001d743       0x43 ./Core/Src/main.o
 .debug_macro   0x000000000001d786       0x34 ./Core/Src/main.o
 .debug_macro   0x000000000001d7ba       0x10 ./Core/Src/main.o
 .debug_macro   0x000000000001d7ca       0x58 ./Core/Src/main.o
 .debug_macro   0x000000000001d822       0x71 ./Core/Src/main.o
 .debug_macro   0x000000000001d893       0x1c ./Core/Src/main.o
 .debug_macro   0x000000000001d8af      0x12a ./Core/Src/main.o
 .debug_macro   0x000000000001d9d9       0x10 ./Core/Src/main.o
 .debug_macro   0x000000000001d9e9       0x1c ./Core/Src/main.o
 .debug_macro   0x000000000001da05       0x52 ./Core/Src/main.o
 .debug_macro   0x000000000001da57       0x22 ./Core/Src/main.o
 .debug_macro   0x000000000001da79       0x10 ./Core/Src/main.o
 .debug_macro   0x000000000001da89       0x52 ./Core/Src/main.o
 .debug_macro   0x000000000001dadb       0xd5 ./Core/Src/main.o
 .debug_macro   0x000000000001dbb0       0x1c ./Core/Src/main.o
 .debug_macro   0x000000000001dbcc       0x3d ./Core/Src/main.o
 .debug_macro   0x000000000001dc09       0x16 ./Core/Src/main.o
 .debug_macro   0x000000000001dc1f      0x145 ./Core/Src/main.o
 .debug_macro   0x000000000001dd64       0x16 ./Core/Src/main.o
 .debug_macro   0x000000000001dd7a       0x20 ./Core/Src/main.o
 .debug_macro   0x000000000001dd9a      0x19b ./Core/Src/main.o
 .debug_macro   0x000000000001df35      0x1ce ./Core/Src/stm32f4xx_hal_msp.o
 .debug_macro   0x000000000001e103      0x1d8 ./Core/Src/stm32f4xx_it.o
 .debug_macro   0x000000000001e2db      0x1c4 ./Core/Src/system_stm32f4xx.o
 .debug_macro   0x000000000001e49f      0x224 ./Drivers/STM32F4xx_HAL_Driver/Src/stm32f4xx_hal.o
 .debug_macro   0x000000000001e6c3      0x1c4 ./Drivers/STM32F4xx_HAL_Driver/Src/stm32f4xx_hal_cortex.o
 .debug_macro   0x000000000001e887      0x1ca ./Drivers/STM32F4xx_HAL_Driver/Src/stm32f4xx_hal_gpio.o
 .debug_macro   0x000000000001ea51      0x1e8 ./Drivers/STM32F4xx_HAL_Driver/Src/stm32f4xx_hal_rcc.o
 .debug_macro   0x000000000001ec39      0x1c5 ./Drivers/STM32F4xx_HAL_Driver/Src/stm32f4xx_hal_tim.o
 .debug_macro   0x000000000001edfe      0x1c4 ./Drivers/STM32F4xx_HAL_Driver/Src/stm32f4xx_hal_tim_ex.o

.debug_line     0x0000000000000000     0xb3f2
 .debug_line    0x0000000000000000      0x5ea ./Core/Src/cmn.o
 .debug_line    0x00000000000005ea      0x811 ./Core/Src/dht11.o
 .debug_line    0x0000000000000dfb      0x59b ./Core/Src/lcd.o
 .debug_line    0x0000000000001396      0xbeb ./Core/Src/main.o
 .debug_line    0x0000000000001f81      0x736 ./Core/Src/stm32f4xx_hal_msp.o
 .debug_line    0x00000000000026b7      0x786 ./Core/Src/stm32f4xx_it.o
 .debug_line    0x0000000000002e3d      0x72d ./Core/Src/system_stm32f4xx.o
 .debug_line    0x000000000000356a       0x88 ./Core/Startup/startup_stm32f405rgtx.o
 .debug_line    0x00000000000035f2      0x993 ./Drivers/STM32F4xx_HAL_Driver/Src/stm32f4xx_hal.o
 .debug_line    0x0000000000003f85      0xc42 ./Drivers/STM32F4xx_HAL_Driver/Src/stm32f4xx_hal_cortex.o
 .debug_line    0x0000000000004bc7      0xb07 ./Drivers/STM32F4xx_HAL_Driver/Src/stm32f4xx_hal_gpio.o
 .debug_line    0x00000000000056ce      0xd0d ./Drivers/STM32F4xx_HAL_Driver/Src/stm32f4xx_hal_rcc.o
 .debug_line    0x00000000000063db     0x3687 ./Drivers/STM32F4xx_HAL_Driver/Src/stm32f4xx_hal_tim.o
 .debug_line    0x0000000000009a62     0x1990 ./Drivers/STM32F4xx_HAL_Driver/Src/stm32f4xx_hal_tim_ex.o

.debug_str      0x0000000000000000    0xbe2d5
 .debug_str     0x0000000000000000    0x7d79f ./Core/Src/cmn.o
                                      0x7d910 (size before relaxing)
 .debug_str     0x000000000007d79f    0x39538 ./Core/Src/dht11.o
                                      0xb6ef8 (size before relaxing)
 .debug_str     0x00000000000b6cd7      0x1b1 ./Core/Src/lcd.o
                                      0x7da96 (size before relaxing)
 .debug_str     0x00000000000b6e88     0x53af ./Core/Src/main.o
                                      0xbc368 (size before relaxing)
 .debug_str     0x00000000000bc237       0x7b ./Core/Src/stm32f4xx_hal_msp.o
                                      0xb7848 (size before relaxing)
 .debug_str     0x00000000000bc2b2       0xec ./Core/Src/stm32f4xx_it.o
                                      0xb720d (size before relaxing)
 .debug_str     0x00000000000bc39e       0xdb ./Core/Src/system_stm32f4xx.o
                                      0xb6dd9 (size before relaxing)
 .debug_str     0x00000000000bc479       0x36 ./Core/Startup/startup_stm32f405rgtx.o
                                         0x81 (size before relaxing)
 .debug_str     0x00000000000bc4af      0x608 ./Drivers/STM32F4xx_HAL_Driver/Src/stm32f4xx_hal.o
                                      0xb793c (size before relaxing)
 .debug_str     0x00000000000bcab7      0x332 ./Drivers/STM32F4xx_HAL_Driver/Src/stm32f4xx_hal_cortex.o
                                      0xb766f (size before relaxing)
 .debug_str     0x00000000000bcde9       0xe1 ./Drivers/STM32F4xx_HAL_Driver/Src/stm32f4xx_hal_gpio.o
                                      0xb6f54 (size before relaxing)
 .debug_str     0x00000000000bceca      0x21f ./Drivers/STM32F4xx_HAL_Driver/Src/stm32f4xx_hal_rcc.o
                                      0xb720d (size before relaxing)
 .debug_str     0x00000000000bd0e9      0xd59 ./Drivers/STM32F4xx_HAL_Driver/Src/stm32f4xx_hal_tim.o
                                      0xb8153 (size before relaxing)
 .debug_str     0x00000000000bde42      0x493 ./Drivers/STM32F4xx_HAL_Driver/Src/stm32f4xx_hal_tim_ex.o
                                      0xb796f (size before relaxing)

.comment        0x0000000000000000       0x50
 .comment       0x0000000000000000       0x50 ./Core/Src/cmn.o
                                         0x51 (size before relaxing)
 .comment       0x0000000000000050       0x51 ./Core/Src/dht11.o
 .comment       0x0000000000000050       0x51 ./Core/Src/lcd.o
 .comment       0x0000000000000050       0x51 ./Core/Src/main.o
 .comment       0x0000000000000050       0x51 ./Core/Src/stm32f4xx_hal_msp.o
 .comment       0x0000000000000050       0x51 ./Core/Src/stm32f4xx_it.o
 .comment       0x0000000000000050       0x51 ./Core/Src/system_stm32f4xx.o
 .comment       0x0000000000000050       0x51 ./Drivers/STM32F4xx_HAL_Driver/Src/stm32f4xx_hal.o
 .comment       0x0000000000000050       0x51 ./Drivers/STM32F4xx_HAL_Driver/Src/stm32f4xx_hal_cortex.o
 .comment       0x0000000000000050       0x51 ./Drivers/STM32F4xx_HAL_Driver/Src/stm32f4xx_hal_gpio.o
 .comment       0x0000000000000050       0x51 ./Drivers/STM32F4xx_HAL_Driver/Src/stm32f4xx_hal_rcc.o
 .comment       0x0000000000000050       0x51 ./Drivers/STM32F4xx_HAL_Driver/Src/stm32f4xx_hal_tim.o
 .comment       0x0000000000000050       0x51 ./Drivers/STM32F4xx_HAL_Driver/Src/stm32f4xx_hal_tim_ex.o

.debug_frame    0x0000000000000000     0x2b04
 .debug_frame   0x0000000000000000      0x178 ./Core/Src/cmn.o
 .debug_frame   0x0000000000000178      0x12c ./Core/Src/dht11.o
 .debug_frame   0x00000000000002a4       0xc0 ./Core/Src/lcd.o
 .debug_frame   0x0000000000000364      0x190 ./Core/Src/main.o
 .debug_frame   0x00000000000004f4       0xa4 ./Core/Src/stm32f4xx_hal_msp.o
 .debug_frame   0x0000000000000598      0x120 ./Core/Src/stm32f4xx_it.o
 .debug_frame   0x00000000000006b8       0x58 ./Core/Src/system_stm32f4xx.o
 .debug_frame   0x0000000000000710      0x374 ./Drivers/STM32F4xx_HAL_Driver/Src/stm32f4xx_hal.o
 .debug_frame   0x0000000000000a84      0x498 ./Drivers/STM32F4xx_HAL_Driver/Src/stm32f4xx_hal_cortex.o
 .debug_frame   0x0000000000000f1c      0x14c ./Drivers/STM32F4xx_HAL_Driver/Src/stm32f4xx_hal_gpio.o
 .debug_frame   0x0000000000001068      0x1f4 ./Drivers/STM32F4xx_HAL_Driver/Src/stm32f4xx_hal_rcc.o
 .debug_frame   0x000000000000125c     0x11c4 ./Drivers/STM32F4xx_HAL_Driver/Src/stm32f4xx_hal_tim.o
 .debug_frame   0x0000000000002420      0x638 ./Drivers/STM32F4xx_HAL_Driver/Src/stm32f4xx_hal_tim_ex.o
 .debug_frame   0x0000000000002a58       0x2c c:/st/stm32cubeide_1.11.0/stm32cubeide/plugins/com.st.stm32cube.ide.mcu.externaltools.gnu-tools-for-stm32.10.3-2021.10.win32_1.0.100.202210260954/tools/bin/../lib/gcc/arm-none-eabi/10.3.1/../../../../arm-none-eabi/lib/thumb/v7e-m+fp/hard\libc_nano.a(lib_a-init.o)
 .debug_frame   0x0000000000002a84       0x20 c:/st/stm32cubeide_1.11.0/stm32cubeide/plugins/com.st.stm32cube.ide.mcu.externaltools.gnu-tools-for-stm32.10.3-2021.10.win32_1.0.100.202210260954/tools/bin/../lib/gcc/arm-none-eabi/10.3.1/../../../../arm-none-eabi/lib/thumb/v7e-m+fp/hard\libc_nano.a(lib_a-memset.o)
 .debug_frame   0x0000000000002aa4       0x2c c:/st/stm32cubeide_1.11.0/stm32cubeide/plugins/com.st.stm32cube.ide.mcu.externaltools.gnu-tools-for-stm32.10.3-2021.10.win32_1.0.100.202210260954/tools/bin/../lib/gcc/arm-none-eabi/10.3.1/thumb/v7e-m+fp/hard\libgcc.a(_aeabi_uldivmod.o)
 .debug_frame   0x0000000000002ad0       0x34 c:/st/stm32cubeide_1.11.0/stm32cubeide/plugins/com.st.stm32cube.ide.mcu.externaltools.gnu-tools-for-stm32.10.3-2021.10.win32_1.0.100.202210260954/tools/bin/../lib/gcc/arm-none-eabi/10.3.1/thumb/v7e-m+fp/hard\libgcc.a(_udivmoddi4.o)
