Archive member included to satisfy reference by file (symbol)

c:/st/stm32cubeide_1.11.0/stm32cubeide/plugins/com.st.stm32cube.ide.mcu.externaltools.gnu-tools-for-stm32.10.3-2021.10.win32_1.0.100.202210260954/tools/bin/../lib/gcc/arm-none-eabi/10.3.1/../../../../arm-none-eabi/lib/thumb/v7e-m+fp/hard\libc_nano.a(lib_a-errno.o)
                              ./Src/syscalls.o (__errno)
c:/st/stm32cubeide_1.11.0/stm32cubeide/plugins/com.st.stm32cube.ide.mcu.externaltools.gnu-tools-for-stm32.10.3-2021.10.win32_1.0.100.202210260954/tools/bin/../lib/gcc/arm-none-eabi/10.3.1/../../../../arm-none-eabi/lib/thumb/v7e-m+fp/hard\libc_nano.a(lib_a-exit.o)
                              c:/st/stm32cubeide_1.11.0/stm32cubeide/plugins/com.st.stm32cube.ide.mcu.externaltools.gnu-tools-for-stm32.10.3-2021.10.win32_1.0.100.202210260954/tools/bin/../lib/gcc/arm-none-eabi/10.3.1/../../../../arm-none-eabi/lib/thumb/v7e-m+fp/hard/crt0.o (exit)
c:/st/stm32cubeide_1.11.0/stm32cubeide/plugins/com.st.stm32cube.ide.mcu.externaltools.gnu-tools-for-stm32.10.3-2021.10.win32_1.0.100.202210260954/tools/bin/../lib/gcc/arm-none-eabi/10.3.1/../../../../arm-none-eabi/lib/thumb/v7e-m+fp/hard\libc_nano.a(lib_a-impure.o)
                              c:/st/stm32cubeide_1.11.0/stm32cubeide/plugins/com.st.stm32cube.ide.mcu.externaltools.gnu-tools-for-stm32.10.3-2021.10.win32_1.0.100.202210260954/tools/bin/../lib/gcc/arm-none-eabi/10.3.1/../../../../arm-none-eabi/lib/thumb/v7e-m+fp/hard\libc_nano.a(lib_a-exit.o) (_global_impure_ptr)
c:/st/stm32cubeide_1.11.0/stm32cubeide/plugins/com.st.stm32cube.ide.mcu.externaltools.gnu-tools-for-stm32.10.3-2021.10.win32_1.0.100.202210260954/tools/bin/../lib/gcc/arm-none-eabi/10.3.1/../../../../arm-none-eabi/lib/thumb/v7e-m+fp/hard\libc_nano.a(lib_a-init.o)
                              c:/st/stm32cubeide_1.11.0/stm32cubeide/plugins/com.st.stm32cube.ide.mcu.externaltools.gnu-tools-for-stm32.10.3-2021.10.win32_1.0.100.202210260954/tools/bin/../lib/gcc/arm-none-eabi/10.3.1/../../../../arm-none-eabi/lib/thumb/v7e-m+fp/hard/crt0.o (__libc_init_array)
c:/st/stm32cubeide_1.11.0/stm32cubeide/plugins/com.st.stm32cube.ide.mcu.externaltools.gnu-tools-for-stm32.10.3-2021.10.win32_1.0.100.202210260954/tools/bin/../lib/gcc/arm-none-eabi/10.3.1/../../../../arm-none-eabi/lib/thumb/v7e-m+fp/hard\libc_nano.a(lib_a-memset.o)
                              c:/st/stm32cubeide_1.11.0/stm32cubeide/plugins/com.st.stm32cube.ide.mcu.externaltools.gnu-tools-for-stm32.10.3-2021.10.win32_1.0.100.202210260954/tools/bin/../lib/gcc/arm-none-eabi/10.3.1/../../../../arm-none-eabi/lib/thumb/v7e-m+fp/hard/crt0.o (memset)

Discarded input sections

 .text          0x0000000000000000        0x0 c:/st/stm32cubeide_1.11.0/stm32cubeide/plugins/com.st.stm32cube.ide.mcu.externaltools.gnu-tools-for-stm32.10.3-2021.10.win32_1.0.100.202210260954/tools/bin/../lib/gcc/arm-none-eabi/10.3.1/thumb/v7e-m+fp/hard/crti.o
 .data          0x0000000000000000        0x0 c:/st/stm32cubeide_1.11.0/stm32cubeide/plugins/com.st.stm32cube.ide.mcu.externaltools.gnu-tools-for-stm32.10.3-2021.10.win32_1.0.100.202210260954/tools/bin/../lib/gcc/arm-none-eabi/10.3.1/thumb/v7e-m+fp/hard/crti.o
 .bss           0x0000000000000000        0x0 c:/st/stm32cubeide_1.11.0/stm32cubeide/plugins/com.st.stm32cube.ide.mcu.externaltools.gnu-tools-for-stm32.10.3-2021.10.win32_1.0.100.202210260954/tools/bin/../lib/gcc/arm-none-eabi/10.3.1/thumb/v7e-m+fp/hard/crti.o
 .data          0x0000000000000000        0x4 c:/st/stm32cubeide_1.11.0/stm32cubeide/plugins/com.st.stm32cube.ide.mcu.externaltools.gnu-tools-for-stm32.10.3-2021.10.win32_1.0.100.202210260954/tools/bin/../lib/gcc/arm-none-eabi/10.3.1/thumb/v7e-m+fp/hard/crtbegin.o
 .rodata        0x0000000000000000       0x24 c:/st/stm32cubeide_1.11.0/stm32cubeide/plugins/com.st.stm32cube.ide.mcu.externaltools.gnu-tools-for-stm32.10.3-2021.10.win32_1.0.100.202210260954/tools/bin/../lib/gcc/arm-none-eabi/10.3.1/thumb/v7e-m+fp/hard/crtbegin.o
 .text          0x0000000000000000       0x7c c:/st/stm32cubeide_1.11.0/stm32cubeide/plugins/com.st.stm32cube.ide.mcu.externaltools.gnu-tools-for-stm32.10.3-2021.10.win32_1.0.100.202210260954/tools/bin/../lib/gcc/arm-none-eabi/10.3.1/../../../../arm-none-eabi/lib/thumb/v7e-m+fp/hard/crt0.o
 .data          0x0000000000000000        0x0 c:/st/stm32cubeide_1.11.0/stm32cubeide/plugins/com.st.stm32cube.ide.mcu.externaltools.gnu-tools-for-stm32.10.3-2021.10.win32_1.0.100.202210260954/tools/bin/../lib/gcc/arm-none-eabi/10.3.1/../../../../arm-none-eabi/lib/thumb/v7e-m+fp/hard/crt0.o
 .bss           0x0000000000000000        0x0 c:/st/stm32cubeide_1.11.0/stm32cubeide/plugins/com.st.stm32cube.ide.mcu.externaltools.gnu-tools-for-stm32.10.3-2021.10.win32_1.0.100.202210260954/tools/bin/../lib/gcc/arm-none-eabi/10.3.1/../../../../arm-none-eabi/lib/thumb/v7e-m+fp/hard/crt0.o
 .ARM.extab     0x0000000000000000        0x0 c:/st/stm32cubeide_1.11.0/stm32cubeide/plugins/com.st.stm32cube.ide.mcu.externaltools.gnu-tools-for-stm32.10.3-2021.10.win32_1.0.100.202210260954/tools/bin/../lib/gcc/arm-none-eabi/10.3.1/../../../../arm-none-eabi/lib/thumb/v7e-m+fp/hard/crt0.o
 .ARM.exidx     0x0000000000000000       0x10 c:/st/stm32cubeide_1.11.0/stm32cubeide/plugins/com.st.stm32cube.ide.mcu.externaltools.gnu-tools-for-stm32.10.3-2021.10.win32_1.0.100.202210260954/tools/bin/../lib/gcc/arm-none-eabi/10.3.1/../../../../arm-none-eabi/lib/thumb/v7e-m+fp/hard/crt0.o
 .ARM.attributes
                0x0000000000000000       0x1c c:/st/stm32cubeide_1.11.0/stm32cubeide/plugins/com.st.stm32cube.ide.mcu.externaltools.gnu-tools-for-stm32.10.3-2021.10.win32_1.0.100.202210260954/tools/bin/../lib/gcc/arm-none-eabi/10.3.1/../../../../arm-none-eabi/lib/thumb/v7e-m+fp/hard/crt0.o
 .group         0x0000000000000000        0xc ./Src/cmn.o
 .group         0x0000000000000000        0xc ./Src/cmn.o
 .group         0x0000000000000000        0xc ./Src/cmn.o
 .group         0x0000000000000000        0xc ./Src/cmn.o
 .group         0x0000000000000000        0xc ./Src/cmn.o
 .group         0x0000000000000000        0xc ./Src/cmn.o
 .group         0x0000000000000000        0xc ./Src/cmn.o
 .group         0x0000000000000000        0xc ./Src/cmn.o
 .group         0x0000000000000000        0xc ./Src/cmn.o
 .group         0x0000000000000000        0xc ./Src/cmn.o
 .group         0x0000000000000000        0xc ./Src/cmn.o
 .group         0x0000000000000000        0xc ./Src/cmn.o
 .group         0x0000000000000000        0xc ./Src/cmn.o
 .group         0x0000000000000000        0xc ./Src/cmn.o
 .text          0x0000000000000000        0x0 ./Src/cmn.o
 .data          0x0000000000000000        0x0 ./Src/cmn.o
 .bss           0x0000000000000000        0x0 ./Src/cmn.o
 .text.delayms  0x0000000000000000       0x42 ./Src/cmn.o
 .text.SetInput
                0x0000000000000000       0x44 ./Src/cmn.o
 .text.CplBit   0x0000000000000000       0x28 ./Src/cmn.o
 .text.SetPullup
                0x0000000000000000       0x42 ./Src/cmn.o
 .text.GetStatus
                0x0000000000000000       0x2a ./Src/cmn.o
 .text.SetAltFunc
                0x0000000000000000       0x78 ./Src/cmn.o
 .group         0x0000000000000000        0xc ./Src/eeprom_spi.o
 .group         0x0000000000000000        0xc ./Src/eeprom_spi.o
 .group         0x0000000000000000        0xc ./Src/eeprom_spi.o
 .group         0x0000000000000000        0xc ./Src/eeprom_spi.o
 .group         0x0000000000000000        0xc ./Src/eeprom_spi.o
 .group         0x0000000000000000        0xc ./Src/eeprom_spi.o
 .group         0x0000000000000000        0xc ./Src/eeprom_spi.o
 .group         0x0000000000000000        0xc ./Src/eeprom_spi.o
 .group         0x0000000000000000        0xc ./Src/eeprom_spi.o
 .group         0x0000000000000000        0xc ./Src/eeprom_spi.o
 .group         0x0000000000000000        0xc ./Src/eeprom_spi.o
 .group         0x0000000000000000        0xc ./Src/eeprom_spi.o
 .group         0x0000000000000000        0xc ./Src/eeprom_spi.o
 .group         0x0000000000000000        0xc ./Src/eeprom_spi.o
 .group         0x0000000000000000        0xc ./Src/eeprom_spi.o
 .text          0x0000000000000000        0x0 ./Src/eeprom_spi.o
 .data          0x0000000000000000        0x0 ./Src/eeprom_spi.o
 .bss           0x0000000000000000        0x0 ./Src/eeprom_spi.o
 .debug_macro   0x0000000000000000      0xa7e ./Src/eeprom_spi.o
 .debug_macro   0x0000000000000000       0x2f ./Src/eeprom_spi.o
 .debug_macro   0x0000000000000000       0x22 ./Src/eeprom_spi.o
 .debug_macro   0x0000000000000000       0x8e ./Src/eeprom_spi.o
 .debug_macro   0x0000000000000000       0x51 ./Src/eeprom_spi.o
 .debug_macro   0x0000000000000000      0x103 ./Src/eeprom_spi.o
 .debug_macro   0x0000000000000000       0x6a ./Src/eeprom_spi.o
 .debug_macro   0x0000000000000000      0x1df ./Src/eeprom_spi.o
 .debug_macro   0x0000000000000000       0x1c ./Src/eeprom_spi.o
 .debug_macro   0x0000000000000000       0x22 ./Src/eeprom_spi.o
 .debug_macro   0x0000000000000000       0xd9 ./Src/eeprom_spi.o
 .debug_macro   0x0000000000000000     0x102d ./Src/eeprom_spi.o
 .debug_macro   0x0000000000000000      0x11f ./Src/eeprom_spi.o
 .debug_macro   0x0000000000000000    0x1426d ./Src/eeprom_spi.o
 .group         0x0000000000000000        0xc ./Src/lcd.o
 .group         0x0000000000000000        0xc ./Src/lcd.o
 .group         0x0000000000000000        0xc ./Src/lcd.o
 .group         0x0000000000000000        0xc ./Src/lcd.o
 .group         0x0000000000000000        0xc ./Src/lcd.o
 .group         0x0000000000000000        0xc ./Src/lcd.o
 .group         0x0000000000000000        0xc ./Src/lcd.o
 .group         0x0000000000000000        0xc ./Src/lcd.o
 .group         0x0000000000000000        0xc ./Src/lcd.o
 .group         0x0000000000000000        0xc ./Src/lcd.o
 .group         0x0000000000000000        0xc ./Src/lcd.o
 .group         0x0000000000000000        0xc ./Src/lcd.o
 .group         0x0000000000000000        0xc ./Src/lcd.o
 .group         0x0000000000000000        0xc ./Src/lcd.o
 .group         0x0000000000000000        0xc ./Src/lcd.o
 .group         0x0000000000000000        0xc ./Src/lcd.o
 .text          0x0000000000000000        0x0 ./Src/lcd.o
 .data          0x0000000000000000        0x0 ./Src/lcd.o
 .bss           0x0000000000000000        0x0 ./Src/lcd.o
 .text.lprint   0x0000000000000000       0x50 ./Src/lcd.o
 .debug_macro   0x0000000000000000      0xa7e ./Src/lcd.o
 .debug_macro   0x0000000000000000       0x2f ./Src/lcd.o
 .debug_macro   0x0000000000000000       0x22 ./Src/lcd.o
 .debug_macro   0x0000000000000000       0x8e ./Src/lcd.o
 .debug_macro   0x0000000000000000       0x51 ./Src/lcd.o
 .debug_macro   0x0000000000000000      0x103 ./Src/lcd.o
 .debug_macro   0x0000000000000000       0x6a ./Src/lcd.o
 .debug_macro   0x0000000000000000      0x1df ./Src/lcd.o
 .debug_macro   0x0000000000000000       0x1c ./Src/lcd.o
 .debug_macro   0x0000000000000000       0x22 ./Src/lcd.o
 .debug_macro   0x0000000000000000       0xd9 ./Src/lcd.o
 .debug_macro   0x0000000000000000     0x102d ./Src/lcd.o
 .debug_macro   0x0000000000000000      0x11f ./Src/lcd.o
 .debug_macro   0x0000000000000000    0x1426d ./Src/lcd.o
 .group         0x0000000000000000        0xc ./Src/main.o
 .group         0x0000000000000000        0xc ./Src/main.o
 .group         0x0000000000000000        0xc ./Src/main.o
 .group         0x0000000000000000        0xc ./Src/main.o
 .group         0x0000000000000000        0xc ./Src/main.o
 .group         0x0000000000000000        0xc ./Src/main.o
 .group         0x0000000000000000        0xc ./Src/main.o
 .group         0x0000000000000000        0xc ./Src/main.o
 .group         0x0000000000000000        0xc ./Src/main.o
 .group         0x0000000000000000        0xc ./Src/main.o
 .group         0x0000000000000000        0xc ./Src/main.o
 .group         0x0000000000000000        0xc ./Src/main.o
 .group         0x0000000000000000        0xc ./Src/main.o
 .group         0x0000000000000000        0xc ./Src/main.o
 .group         0x0000000000000000        0xc ./Src/main.o
 .group         0x0000000000000000        0xc ./Src/main.o
 .text          0x0000000000000000        0x0 ./Src/main.o
 .data          0x0000000000000000        0x0 ./Src/main.o
 .bss           0x0000000000000000        0x0 ./Src/main.o
 .debug_macro   0x0000000000000000      0xa7e ./Src/main.o
 .debug_macro   0x0000000000000000       0x22 ./Src/main.o
 .debug_macro   0x0000000000000000       0x8e ./Src/main.o
 .debug_macro   0x0000000000000000       0x51 ./Src/main.o
 .debug_macro   0x0000000000000000      0x103 ./Src/main.o
 .debug_macro   0x0000000000000000       0x6a ./Src/main.o
 .debug_macro   0x0000000000000000      0x1df ./Src/main.o
 .debug_macro   0x0000000000000000       0x2f ./Src/main.o
 .debug_macro   0x0000000000000000       0x1c ./Src/main.o
 .debug_macro   0x0000000000000000       0x22 ./Src/main.o
 .debug_macro   0x0000000000000000       0xd9 ./Src/main.o
 .debug_macro   0x0000000000000000     0x102d ./Src/main.o
 .debug_macro   0x0000000000000000      0x11f ./Src/main.o
 .debug_macro   0x0000000000000000    0x1426d ./Src/main.o
 .group         0x0000000000000000        0xc ./Src/syscalls.o
 .group         0x0000000000000000        0xc ./Src/syscalls.o
 .group         0x0000000000000000        0xc ./Src/syscalls.o
 .group         0x0000000000000000        0xc ./Src/syscalls.o
 .group         0x0000000000000000        0xc ./Src/syscalls.o
 .group         0x0000000000000000        0xc ./Src/syscalls.o
 .group         0x0000000000000000        0xc ./Src/syscalls.o
 .group         0x0000000000000000        0xc ./Src/syscalls.o
 .group         0x0000000000000000        0xc ./Src/syscalls.o
 .group         0x0000000000000000        0xc ./Src/syscalls.o
 .group         0x0000000000000000        0xc ./Src/syscalls.o
 .group         0x0000000000000000        0xc ./Src/syscalls.o
 .group         0x0000000000000000        0xc ./Src/syscalls.o
 .group         0x0000000000000000        0xc ./Src/syscalls.o
 .group         0x0000000000000000        0xc ./Src/syscalls.o
 .group         0x0000000000000000        0xc ./Src/syscalls.o
 .group         0x0000000000000000        0xc ./Src/syscalls.o
 .group         0x0000000000000000        0xc ./Src/syscalls.o
 .group         0x0000000000000000        0xc ./Src/syscalls.o
 .group         0x0000000000000000        0xc ./Src/syscalls.o
 .group         0x0000000000000000        0xc ./Src/syscalls.o
 .group         0x0000000000000000        0xc ./Src/syscalls.o
 .group         0x0000000000000000        0xc ./Src/syscalls.o
 .group         0x0000000000000000        0xc ./Src/syscalls.o
 .group         0x0000000000000000        0xc ./Src/syscalls.o
 .group         0x0000000000000000        0xc ./Src/syscalls.o
 .group         0x0000000000000000        0xc ./Src/syscalls.o
 .group         0x0000000000000000        0xc ./Src/syscalls.o
 .group         0x0000000000000000        0xc ./Src/syscalls.o
 .group         0x0000000000000000        0xc ./Src/syscalls.o
 .group         0x0000000000000000        0xc ./Src/syscalls.o
 .group         0x0000000000000000        0xc ./Src/syscalls.o
 .group         0x0000000000000000        0xc ./Src/syscalls.o
 .group         0x0000000000000000        0xc ./Src/syscalls.o
 .group         0x0000000000000000        0xc ./Src/syscalls.o
 .group         0x0000000000000000        0xc ./Src/syscalls.o
 .group         0x0000000000000000        0xc ./Src/syscalls.o
 .group         0x0000000000000000        0xc ./Src/syscalls.o
 .group         0x0000000000000000        0xc ./Src/syscalls.o
 .group         0x0000000000000000        0xc ./Src/syscalls.o
 .group         0x0000000000000000        0xc ./Src/syscalls.o
 .group         0x0000000000000000        0xc ./Src/syscalls.o
 .group         0x0000000000000000        0xc ./Src/syscalls.o
 .group         0x0000000000000000        0xc ./Src/syscalls.o
 .group         0x0000000000000000        0xc ./Src/syscalls.o
 .group         0x0000000000000000        0xc ./Src/syscalls.o
 .group         0x0000000000000000        0xc ./Src/syscalls.o
 .text          0x0000000000000000        0x0 ./Src/syscalls.o
 .data          0x0000000000000000        0x0 ./Src/syscalls.o
 .bss           0x0000000000000000        0x0 ./Src/syscalls.o
 .bss.__env     0x0000000000000000        0x4 ./Src/syscalls.o
 .data.environ  0x0000000000000000        0x4 ./Src/syscalls.o
 .text.initialise_monitor_handles
                0x0000000000000000        0xe ./Src/syscalls.o
 .text._getpid  0x0000000000000000       0x10 ./Src/syscalls.o
 .text._kill    0x0000000000000000       0x20 ./Src/syscalls.o
 .text._exit    0x0000000000000000       0x14 ./Src/syscalls.o
 .text._read    0x0000000000000000       0x3a ./Src/syscalls.o
 .text._write   0x0000000000000000       0x38 ./Src/syscalls.o
 .text._close   0x0000000000000000       0x18 ./Src/syscalls.o
 .text._fstat   0x0000000000000000       0x20 ./Src/syscalls.o
 .text._isatty  0x0000000000000000       0x16 ./Src/syscalls.o
 .text._lseek   0x0000000000000000       0x1a ./Src/syscalls.o
 .text._open    0x0000000000000000       0x1c ./Src/syscalls.o
 .text._wait    0x0000000000000000       0x1e ./Src/syscalls.o
 .text._unlink  0x0000000000000000       0x1e ./Src/syscalls.o
 .text._times   0x0000000000000000       0x18 ./Src/syscalls.o
 .text._stat    0x0000000000000000       0x20 ./Src/syscalls.o
 .text._link    0x0000000000000000       0x20 ./Src/syscalls.o
 .text._fork    0x0000000000000000       0x16 ./Src/syscalls.o
 .text._execve  0x0000000000000000       0x22 ./Src/syscalls.o
 .debug_info    0x0000000000000000      0x6e0 ./Src/syscalls.o
 .debug_abbrev  0x0000000000000000      0x1b3 ./Src/syscalls.o
 .debug_aranges
                0x0000000000000000       0xa8 ./Src/syscalls.o
 .debug_ranges  0x0000000000000000       0x98 ./Src/syscalls.o
 .debug_macro   0x0000000000000000      0x24c ./Src/syscalls.o
 .debug_macro   0x0000000000000000      0xa7e ./Src/syscalls.o
 .debug_macro   0x0000000000000000       0x22 ./Src/syscalls.o
 .debug_macro   0x0000000000000000       0x4c ./Src/syscalls.o
 .debug_macro   0x0000000000000000       0x1e ./Src/syscalls.o
 .debug_macro   0x0000000000000000       0x94 ./Src/syscalls.o
 .debug_macro   0x0000000000000000       0x3c ./Src/syscalls.o
 .debug_macro   0x0000000000000000       0x34 ./Src/syscalls.o
 .debug_macro   0x0000000000000000       0x57 ./Src/syscalls.o
 .debug_macro   0x0000000000000000      0x174 ./Src/syscalls.o
 .debug_macro   0x0000000000000000      0x341 ./Src/syscalls.o
 .debug_macro   0x0000000000000000       0x16 ./Src/syscalls.o
 .debug_macro   0x0000000000000000       0x43 ./Src/syscalls.o
 .debug_macro   0x0000000000000000       0x34 ./Src/syscalls.o
 .debug_macro   0x0000000000000000       0x10 ./Src/syscalls.o
 .debug_macro   0x0000000000000000       0x58 ./Src/syscalls.o
 .debug_macro   0x0000000000000000       0x71 ./Src/syscalls.o
 .debug_macro   0x0000000000000000       0x1c ./Src/syscalls.o
 .debug_macro   0x0000000000000000      0x12a ./Src/syscalls.o
 .debug_macro   0x0000000000000000       0x10 ./Src/syscalls.o
 .debug_macro   0x0000000000000000       0x35 ./Src/syscalls.o
 .debug_macro   0x0000000000000000       0x10 ./Src/syscalls.o
 .debug_macro   0x0000000000000000       0x10 ./Src/syscalls.o
 .debug_macro   0x0000000000000000       0x10 ./Src/syscalls.o
 .debug_macro   0x0000000000000000       0x6a ./Src/syscalls.o
 .debug_macro   0x0000000000000000       0x1c ./Src/syscalls.o
 .debug_macro   0x0000000000000000       0x52 ./Src/syscalls.o
 .debug_macro   0x0000000000000000       0x22 ./Src/syscalls.o
 .debug_macro   0x0000000000000000       0x10 ./Src/syscalls.o
 .debug_macro   0x0000000000000000       0x52 ./Src/syscalls.o
 .debug_macro   0x0000000000000000       0xd5 ./Src/syscalls.o
 .debug_macro   0x0000000000000000       0x1c ./Src/syscalls.o
 .debug_macro   0x0000000000000000       0x3d ./Src/syscalls.o
 .debug_macro   0x0000000000000000       0x35 ./Src/syscalls.o
 .debug_macro   0x0000000000000000      0x12c ./Src/syscalls.o
 .debug_macro   0x0000000000000000       0x16 ./Src/syscalls.o
 .debug_macro   0x0000000000000000       0x16 ./Src/syscalls.o
 .debug_macro   0x0000000000000000       0x29 ./Src/syscalls.o
 .debug_macro   0x0000000000000000       0x10 ./Src/syscalls.o
 .debug_macro   0x0000000000000000      0x241 ./Src/syscalls.o
 .debug_macro   0x0000000000000000       0x1c ./Src/syscalls.o
 .debug_macro   0x0000000000000000       0x10 ./Src/syscalls.o
 .debug_macro   0x0000000000000000       0x10 ./Src/syscalls.o
 .debug_macro   0x0000000000000000       0x16 ./Src/syscalls.o
 .debug_macro   0x0000000000000000      0x145 ./Src/syscalls.o
 .debug_macro   0x0000000000000000      0x189 ./Src/syscalls.o
 .debug_macro   0x0000000000000000       0x16 ./Src/syscalls.o
 .debug_macro   0x0000000000000000       0xce ./Src/syscalls.o
 .debug_line    0x0000000000000000      0x7f9 ./Src/syscalls.o
 .debug_str     0x0000000000000000     0x8a71 ./Src/syscalls.o
 .comment       0x0000000000000000       0x51 ./Src/syscalls.o
 .debug_frame   0x0000000000000000      0x2ac ./Src/syscalls.o
 .ARM.attributes
                0x0000000000000000       0x34 ./Src/syscalls.o
 .group         0x0000000000000000        0xc ./Src/sysmem.o
 .group         0x0000000000000000        0xc ./Src/sysmem.o
 .group         0x0000000000000000        0xc ./Src/sysmem.o
 .group         0x0000000000000000        0xc ./Src/sysmem.o
 .group         0x0000000000000000        0xc ./Src/sysmem.o
 .group         0x0000000000000000        0xc ./Src/sysmem.o
 .group         0x0000000000000000        0xc ./Src/sysmem.o
 .group         0x0000000000000000        0xc ./Src/sysmem.o
 .group         0x0000000000000000        0xc ./Src/sysmem.o
 .group         0x0000000000000000        0xc ./Src/sysmem.o
 .group         0x0000000000000000        0xc ./Src/sysmem.o
 .group         0x0000000000000000        0xc ./Src/sysmem.o
 .group         0x0000000000000000        0xc ./Src/sysmem.o
 .group         0x0000000000000000        0xc ./Src/sysmem.o
 .group         0x0000000000000000        0xc ./Src/sysmem.o
 .group         0x0000000000000000        0xc ./Src/sysmem.o
 .group         0x0000000000000000        0xc ./Src/sysmem.o
 .group         0x0000000000000000        0xc ./Src/sysmem.o
 .group         0x0000000000000000        0xc ./Src/sysmem.o
 .group         0x0000000000000000        0xc ./Src/sysmem.o
 .group         0x0000000000000000        0xc ./Src/sysmem.o
 .group         0x0000000000000000        0xc ./Src/sysmem.o
 .text          0x0000000000000000        0x0 ./Src/sysmem.o
 .data          0x0000000000000000        0x0 ./Src/sysmem.o
 .bss           0x0000000000000000        0x0 ./Src/sysmem.o
 .bss.__sbrk_heap_end
                0x0000000000000000        0x4 ./Src/sysmem.o
 .text._sbrk    0x0000000000000000       0x6c ./Src/sysmem.o
 .debug_info    0x0000000000000000      0x171 ./Src/sysmem.o
 .debug_abbrev  0x0000000000000000       0xbb ./Src/sysmem.o
 .debug_aranges
                0x0000000000000000       0x20 ./Src/sysmem.o
 .debug_ranges  0x0000000000000000       0x10 ./Src/sysmem.o
 .debug_macro   0x0000000000000000       0xff ./Src/sysmem.o
 .debug_macro   0x0000000000000000      0xa7e ./Src/sysmem.o
 .debug_macro   0x0000000000000000       0x10 ./Src/sysmem.o
 .debug_macro   0x0000000000000000       0x22 ./Src/sysmem.o
 .debug_macro   0x0000000000000000       0x4c ./Src/sysmem.o
 .debug_macro   0x0000000000000000       0x1e ./Src/sysmem.o
 .debug_macro   0x0000000000000000       0x94 ./Src/sysmem.o
 .debug_macro   0x0000000000000000       0x3c ./Src/sysmem.o
 .debug_macro   0x0000000000000000       0x34 ./Src/sysmem.o
 .debug_macro   0x0000000000000000      0x174 ./Src/sysmem.o
 .debug_macro   0x0000000000000000       0x16 ./Src/sysmem.o
 .debug_macro   0x0000000000000000       0x43 ./Src/sysmem.o
 .debug_macro   0x0000000000000000       0x57 ./Src/sysmem.o
 .debug_macro   0x0000000000000000       0x34 ./Src/sysmem.o
 .debug_macro   0x0000000000000000       0x10 ./Src/sysmem.o
 .debug_macro   0x0000000000000000       0x58 ./Src/sysmem.o
 .debug_macro   0x0000000000000000       0x71 ./Src/sysmem.o
 .debug_macro   0x0000000000000000       0x1c ./Src/sysmem.o
 .debug_macro   0x0000000000000000      0x12a ./Src/sysmem.o
 .debug_macro   0x0000000000000000      0x23b ./Src/sysmem.o
 .debug_macro   0x0000000000000000      0x103 ./Src/sysmem.o
 .debug_macro   0x0000000000000000       0x6a ./Src/sysmem.o
 .debug_macro   0x0000000000000000      0x1df ./Src/sysmem.o
 .debug_line    0x0000000000000000      0x4ef ./Src/sysmem.o
 .debug_str     0x0000000000000000     0x5dad ./Src/sysmem.o
 .comment       0x0000000000000000       0x51 ./Src/sysmem.o
 .debug_frame   0x0000000000000000       0x34 ./Src/sysmem.o
 .ARM.attributes
                0x0000000000000000       0x34 ./Src/sysmem.o
 .group         0x0000000000000000        0xc ./Src/system_stm32f4xx.o
 .group         0x0000000000000000        0xc ./Src/system_stm32f4xx.o
 .group         0x0000000000000000        0xc ./Src/system_stm32f4xx.o
 .group         0x0000000000000000        0xc ./Src/system_stm32f4xx.o
 .group         0x0000000000000000        0xc ./Src/system_stm32f4xx.o
 .group         0x0000000000000000        0xc ./Src/system_stm32f4xx.o
 .group         0x0000000000000000        0xc ./Src/system_stm32f4xx.o
 .group         0x0000000000000000        0xc ./Src/system_stm32f4xx.o
 .group         0x0000000000000000        0xc ./Src/system_stm32f4xx.o
 .group         0x0000000000000000        0xc ./Src/system_stm32f4xx.o
 .group         0x0000000000000000        0xc ./Src/system_stm32f4xx.o
 .group         0x0000000000000000        0xc ./Src/system_stm32f4xx.o
 .group         0x0000000000000000        0xc ./Src/system_stm32f4xx.o
 .group         0x0000000000000000        0xc ./Src/system_stm32f4xx.o
 .text          0x0000000000000000        0x0 ./Src/system_stm32f4xx.o
 .data          0x0000000000000000        0x0 ./Src/system_stm32f4xx.o
 .bss           0x0000000000000000        0x0 ./Src/system_stm32f4xx.o
 .data.SystemCoreClock
                0x0000000000000000        0x4 ./Src/system_stm32f4xx.o
 .rodata.AHBPrescTable
                0x0000000000000000       0x10 ./Src/system_stm32f4xx.o
 .rodata.APBPrescTable
                0x0000000000000000        0x8 ./Src/system_stm32f4xx.o
 .text.SystemCoreClockUpdate
                0x0000000000000000      0x100 ./Src/system_stm32f4xx.o
 .debug_macro   0x0000000000000000      0xa7e ./Src/system_stm32f4xx.o
 .debug_macro   0x0000000000000000       0x2f ./Src/system_stm32f4xx.o
 .debug_macro   0x0000000000000000       0x22 ./Src/system_stm32f4xx.o
 .debug_macro   0x0000000000000000       0x8e ./Src/system_stm32f4xx.o
 .debug_macro   0x0000000000000000       0x51 ./Src/system_stm32f4xx.o
 .debug_macro   0x0000000000000000      0x103 ./Src/system_stm32f4xx.o
 .debug_macro   0x0000000000000000       0x6a ./Src/system_stm32f4xx.o
 .debug_macro   0x0000000000000000      0x1df ./Src/system_stm32f4xx.o
 .debug_macro   0x0000000000000000       0x1c ./Src/system_stm32f4xx.o
 .debug_macro   0x0000000000000000       0x22 ./Src/system_stm32f4xx.o
 .debug_macro   0x0000000000000000       0xd9 ./Src/system_stm32f4xx.o
 .debug_macro   0x0000000000000000     0x102d ./Src/system_stm32f4xx.o
 .debug_macro   0x0000000000000000      0x11f ./Src/system_stm32f4xx.o
 .debug_macro   0x0000000000000000    0x1426d ./Src/system_stm32f4xx.o
 .text          0x0000000000000000       0x14 ./Startup/startup_stm32f405rgtx.o
 .data          0x0000000000000000        0x0 ./Startup/startup_stm32f405rgtx.o
 .bss           0x0000000000000000        0x0 ./Startup/startup_stm32f405rgtx.o
 .text          0x0000000000000000        0x0 c:/st/stm32cubeide_1.11.0/stm32cubeide/plugins/com.st.stm32cube.ide.mcu.externaltools.gnu-tools-for-stm32.10.3-2021.10.win32_1.0.100.202210260954/tools/bin/../lib/gcc/arm-none-eabi/10.3.1/../../../../arm-none-eabi/lib/thumb/v7e-m+fp/hard\libc_nano.a(lib_a-errno.o)
 .data          0x0000000000000000        0x0 c:/st/stm32cubeide_1.11.0/stm32cubeide/plugins/com.st.stm32cube.ide.mcu.externaltools.gnu-tools-for-stm32.10.3-2021.10.win32_1.0.100.202210260954/tools/bin/../lib/gcc/arm-none-eabi/10.3.1/../../../../arm-none-eabi/lib/thumb/v7e-m+fp/hard\libc_nano.a(lib_a-errno.o)
 .bss           0x0000000000000000        0x0 c:/st/stm32cubeide_1.11.0/stm32cubeide/plugins/com.st.stm32cube.ide.mcu.externaltools.gnu-tools-for-stm32.10.3-2021.10.win32_1.0.100.202210260954/tools/bin/../lib/gcc/arm-none-eabi/10.3.1/../../../../arm-none-eabi/lib/thumb/v7e-m+fp/hard\libc_nano.a(lib_a-errno.o)
 .text.__errno  0x0000000000000000        0xc c:/st/stm32cubeide_1.11.0/stm32cubeide/plugins/com.st.stm32cube.ide.mcu.externaltools.gnu-tools-for-stm32.10.3-2021.10.win32_1.0.100.202210260954/tools/bin/../lib/gcc/arm-none-eabi/10.3.1/../../../../arm-none-eabi/lib/thumb/v7e-m+fp/hard\libc_nano.a(lib_a-errno.o)
 .debug_frame   0x0000000000000000       0x20 c:/st/stm32cubeide_1.11.0/stm32cubeide/plugins/com.st.stm32cube.ide.mcu.externaltools.gnu-tools-for-stm32.10.3-2021.10.win32_1.0.100.202210260954/tools/bin/../lib/gcc/arm-none-eabi/10.3.1/../../../../arm-none-eabi/lib/thumb/v7e-m+fp/hard\libc_nano.a(lib_a-errno.o)
 .ARM.attributes
                0x0000000000000000       0x34 c:/st/stm32cubeide_1.11.0/stm32cubeide/plugins/com.st.stm32cube.ide.mcu.externaltools.gnu-tools-for-stm32.10.3-2021.10.win32_1.0.100.202210260954/tools/bin/../lib/gcc/arm-none-eabi/10.3.1/../../../../arm-none-eabi/lib/thumb/v7e-m+fp/hard\libc_nano.a(lib_a-errno.o)
 .text          0x0000000000000000        0x0 c:/st/stm32cubeide_1.11.0/stm32cubeide/plugins/com.st.stm32cube.ide.mcu.externaltools.gnu-tools-for-stm32.10.3-2021.10.win32_1.0.100.202210260954/tools/bin/../lib/gcc/arm-none-eabi/10.3.1/../../../../arm-none-eabi/lib/thumb/v7e-m+fp/hard\libc_nano.a(lib_a-exit.o)
 .data          0x0000000000000000        0x0 c:/st/stm32cubeide_1.11.0/stm32cubeide/plugins/com.st.stm32cube.ide.mcu.externaltools.gnu-tools-for-stm32.10.3-2021.10.win32_1.0.100.202210260954/tools/bin/../lib/gcc/arm-none-eabi/10.3.1/../../../../arm-none-eabi/lib/thumb/v7e-m+fp/hard\libc_nano.a(lib_a-exit.o)
 .bss           0x0000000000000000        0x0 c:/st/stm32cubeide_1.11.0/stm32cubeide/plugins/com.st.stm32cube.ide.mcu.externaltools.gnu-tools-for-stm32.10.3-2021.10.win32_1.0.100.202210260954/tools/bin/../lib/gcc/arm-none-eabi/10.3.1/../../../../arm-none-eabi/lib/thumb/v7e-m+fp/hard\libc_nano.a(lib_a-exit.o)
 .text.exit     0x0000000000000000       0x28 c:/st/stm32cubeide_1.11.0/stm32cubeide/plugins/com.st.stm32cube.ide.mcu.externaltools.gnu-tools-for-stm32.10.3-2021.10.win32_1.0.100.202210260954/tools/bin/../lib/gcc/arm-none-eabi/10.3.1/../../../../arm-none-eabi/lib/thumb/v7e-m+fp/hard\libc_nano.a(lib_a-exit.o)
 .debug_frame   0x0000000000000000       0x28 c:/st/stm32cubeide_1.11.0/stm32cubeide/plugins/com.st.stm32cube.ide.mcu.externaltools.gnu-tools-for-stm32.10.3-2021.10.win32_1.0.100.202210260954/tools/bin/../lib/gcc/arm-none-eabi/10.3.1/../../../../arm-none-eabi/lib/thumb/v7e-m+fp/hard\libc_nano.a(lib_a-exit.o)
 .ARM.attributes
                0x0000000000000000       0x34 c:/st/stm32cubeide_1.11.0/stm32cubeide/plugins/com.st.stm32cube.ide.mcu.externaltools.gnu-tools-for-stm32.10.3-2021.10.win32_1.0.100.202210260954/tools/bin/../lib/gcc/arm-none-eabi/10.3.1/../../../../arm-none-eabi/lib/thumb/v7e-m+fp/hard\libc_nano.a(lib_a-exit.o)
 .text          0x0000000000000000        0x0 c:/st/stm32cubeide_1.11.0/stm32cubeide/plugins/com.st.stm32cube.ide.mcu.externaltools.gnu-tools-for-stm32.10.3-2021.10.win32_1.0.100.202210260954/tools/bin/../lib/gcc/arm-none-eabi/10.3.1/../../../../arm-none-eabi/lib/thumb/v7e-m+fp/hard\libc_nano.a(lib_a-impure.o)
 .data          0x0000000000000000        0x0 c:/st/stm32cubeide_1.11.0/stm32cubeide/plugins/com.st.stm32cube.ide.mcu.externaltools.gnu-tools-for-stm32.10.3-2021.10.win32_1.0.100.202210260954/tools/bin/../lib/gcc/arm-none-eabi/10.3.1/../../../../arm-none-eabi/lib/thumb/v7e-m+fp/hard\libc_nano.a(lib_a-impure.o)
 .bss           0x0000000000000000        0x0 c:/st/stm32cubeide_1.11.0/stm32cubeide/plugins/com.st.stm32cube.ide.mcu.externaltools.gnu-tools-for-stm32.10.3-2021.10.win32_1.0.100.202210260954/tools/bin/../lib/gcc/arm-none-eabi/10.3.1/../../../../arm-none-eabi/lib/thumb/v7e-m+fp/hard\libc_nano.a(lib_a-impure.o)
 .data._impure_ptr
                0x0000000000000000        0x4 c:/st/stm32cubeide_1.11.0/stm32cubeide/plugins/com.st.stm32cube.ide.mcu.externaltools.gnu-tools-for-stm32.10.3-2021.10.win32_1.0.100.202210260954/tools/bin/../lib/gcc/arm-none-eabi/10.3.1/../../../../arm-none-eabi/lib/thumb/v7e-m+fp/hard\libc_nano.a(lib_a-impure.o)
 .data.impure_data
                0x0000000000000000       0x60 c:/st/stm32cubeide_1.11.0/stm32cubeide/plugins/com.st.stm32cube.ide.mcu.externaltools.gnu-tools-for-stm32.10.3-2021.10.win32_1.0.100.202210260954/tools/bin/../lib/gcc/arm-none-eabi/10.3.1/../../../../arm-none-eabi/lib/thumb/v7e-m+fp/hard\libc_nano.a(lib_a-impure.o)
 .rodata._global_impure_ptr
                0x0000000000000000        0x4 c:/st/stm32cubeide_1.11.0/stm32cubeide/plugins/com.st.stm32cube.ide.mcu.externaltools.gnu-tools-for-stm32.10.3-2021.10.win32_1.0.100.202210260954/tools/bin/../lib/gcc/arm-none-eabi/10.3.1/../../../../arm-none-eabi/lib/thumb/v7e-m+fp/hard\libc_nano.a(lib_a-impure.o)
 .ARM.attributes
                0x0000000000000000       0x34 c:/st/stm32cubeide_1.11.0/stm32cubeide/plugins/com.st.stm32cube.ide.mcu.externaltools.gnu-tools-for-stm32.10.3-2021.10.win32_1.0.100.202210260954/tools/bin/../lib/gcc/arm-none-eabi/10.3.1/../../../../arm-none-eabi/lib/thumb/v7e-m+fp/hard\libc_nano.a(lib_a-impure.o)
 .text          0x0000000000000000        0x0 c:/st/stm32cubeide_1.11.0/stm32cubeide/plugins/com.st.stm32cube.ide.mcu.externaltools.gnu-tools-for-stm32.10.3-2021.10.win32_1.0.100.202210260954/tools/bin/../lib/gcc/arm-none-eabi/10.3.1/../../../../arm-none-eabi/lib/thumb/v7e-m+fp/hard\libc_nano.a(lib_a-init.o)
 .data          0x0000000000000000        0x0 c:/st/stm32cubeide_1.11.0/stm32cubeide/plugins/com.st.stm32cube.ide.mcu.externaltools.gnu-tools-for-stm32.10.3-2021.10.win32_1.0.100.202210260954/tools/bin/../lib/gcc/arm-none-eabi/10.3.1/../../../../arm-none-eabi/lib/thumb/v7e-m+fp/hard\libc_nano.a(lib_a-init.o)
 .bss           0x0000000000000000        0x0 c:/st/stm32cubeide_1.11.0/stm32cubeide/plugins/com.st.stm32cube.ide.mcu.externaltools.gnu-tools-for-stm32.10.3-2021.10.win32_1.0.100.202210260954/tools/bin/../lib/gcc/arm-none-eabi/10.3.1/../../../../arm-none-eabi/lib/thumb/v7e-m+fp/hard\libc_nano.a(lib_a-init.o)
 .text          0x0000000000000000        0x0 c:/st/stm32cubeide_1.11.0/stm32cubeide/plugins/com.st.stm32cube.ide.mcu.externaltools.gnu-tools-for-stm32.10.3-2021.10.win32_1.0.100.202210260954/tools/bin/../lib/gcc/arm-none-eabi/10.3.1/../../../../arm-none-eabi/lib/thumb/v7e-m+fp/hard\libc_nano.a(lib_a-memset.o)
 .data          0x0000000000000000        0x0 c:/st/stm32cubeide_1.11.0/stm32cubeide/plugins/com.st.stm32cube.ide.mcu.externaltools.gnu-tools-for-stm32.10.3-2021.10.win32_1.0.100.202210260954/tools/bin/../lib/gcc/arm-none-eabi/10.3.1/../../../../arm-none-eabi/lib/thumb/v7e-m+fp/hard\libc_nano.a(lib_a-memset.o)
 .bss           0x0000000000000000        0x0 c:/st/stm32cubeide_1.11.0/stm32cubeide/plugins/com.st.stm32cube.ide.mcu.externaltools.gnu-tools-for-stm32.10.3-2021.10.win32_1.0.100.202210260954/tools/bin/../lib/gcc/arm-none-eabi/10.3.1/../../../../arm-none-eabi/lib/thumb/v7e-m+fp/hard\libc_nano.a(lib_a-memset.o)
 .text.memset   0x0000000000000000       0x10 c:/st/stm32cubeide_1.11.0/stm32cubeide/plugins/com.st.stm32cube.ide.mcu.externaltools.gnu-tools-for-stm32.10.3-2021.10.win32_1.0.100.202210260954/tools/bin/../lib/gcc/arm-none-eabi/10.3.1/../../../../arm-none-eabi/lib/thumb/v7e-m+fp/hard\libc_nano.a(lib_a-memset.o)
 .debug_frame   0x0000000000000000       0x20 c:/st/stm32cubeide_1.11.0/stm32cubeide/plugins/com.st.stm32cube.ide.mcu.externaltools.gnu-tools-for-stm32.10.3-2021.10.win32_1.0.100.202210260954/tools/bin/../lib/gcc/arm-none-eabi/10.3.1/../../../../arm-none-eabi/lib/thumb/v7e-m+fp/hard\libc_nano.a(lib_a-memset.o)
 .ARM.attributes
                0x0000000000000000       0x34 c:/st/stm32cubeide_1.11.0/stm32cubeide/plugins/com.st.stm32cube.ide.mcu.externaltools.gnu-tools-for-stm32.10.3-2021.10.win32_1.0.100.202210260954/tools/bin/../lib/gcc/arm-none-eabi/10.3.1/../../../../arm-none-eabi/lib/thumb/v7e-m+fp/hard\libc_nano.a(lib_a-memset.o)
 .text          0x0000000000000000        0x0 c:/st/stm32cubeide_1.11.0/stm32cubeide/plugins/com.st.stm32cube.ide.mcu.externaltools.gnu-tools-for-stm32.10.3-2021.10.win32_1.0.100.202210260954/tools/bin/../lib/gcc/arm-none-eabi/10.3.1/thumb/v7e-m+fp/hard/crtend.o
 .data          0x0000000000000000        0x0 c:/st/stm32cubeide_1.11.0/stm32cubeide/plugins/com.st.stm32cube.ide.mcu.externaltools.gnu-tools-for-stm32.10.3-2021.10.win32_1.0.100.202210260954/tools/bin/../lib/gcc/arm-none-eabi/10.3.1/thumb/v7e-m+fp/hard/crtend.o
 .bss           0x0000000000000000        0x0 c:/st/stm32cubeide_1.11.0/stm32cubeide/plugins/com.st.stm32cube.ide.mcu.externaltools.gnu-tools-for-stm32.10.3-2021.10.win32_1.0.100.202210260954/tools/bin/../lib/gcc/arm-none-eabi/10.3.1/thumb/v7e-m+fp/hard/crtend.o
 .rodata        0x0000000000000000       0x24 c:/st/stm32cubeide_1.11.0/stm32cubeide/plugins/com.st.stm32cube.ide.mcu.externaltools.gnu-tools-for-stm32.10.3-2021.10.win32_1.0.100.202210260954/tools/bin/../lib/gcc/arm-none-eabi/10.3.1/thumb/v7e-m+fp/hard/crtend.o
 .eh_frame      0x0000000000000000        0x4 c:/st/stm32cubeide_1.11.0/stm32cubeide/plugins/com.st.stm32cube.ide.mcu.externaltools.gnu-tools-for-stm32.10.3-2021.10.win32_1.0.100.202210260954/tools/bin/../lib/gcc/arm-none-eabi/10.3.1/thumb/v7e-m+fp/hard/crtend.o
 .ARM.attributes
                0x0000000000000000       0x34 c:/st/stm32cubeide_1.11.0/stm32cubeide/plugins/com.st.stm32cube.ide.mcu.externaltools.gnu-tools-for-stm32.10.3-2021.10.win32_1.0.100.202210260954/tools/bin/../lib/gcc/arm-none-eabi/10.3.1/thumb/v7e-m+fp/hard/crtend.o
 .text          0x0000000000000000        0x0 c:/st/stm32cubeide_1.11.0/stm32cubeide/plugins/com.st.stm32cube.ide.mcu.externaltools.gnu-tools-for-stm32.10.3-2021.10.win32_1.0.100.202210260954/tools/bin/../lib/gcc/arm-none-eabi/10.3.1/thumb/v7e-m+fp/hard/crtn.o
 .data          0x0000000000000000        0x0 c:/st/stm32cubeide_1.11.0/stm32cubeide/plugins/com.st.stm32cube.ide.mcu.externaltools.gnu-tools-for-stm32.10.3-2021.10.win32_1.0.100.202210260954/tools/bin/../lib/gcc/arm-none-eabi/10.3.1/thumb/v7e-m+fp/hard/crtn.o
 .bss           0x0000000000000000        0x0 c:/st/stm32cubeide_1.11.0/stm32cubeide/plugins/com.st.stm32cube.ide.mcu.externaltools.gnu-tools-for-stm32.10.3-2021.10.win32_1.0.100.202210260954/tools/bin/../lib/gcc/arm-none-eabi/10.3.1/thumb/v7e-m+fp/hard/crtn.o

Memory Configuration

Name             Origin             Length             Attributes
CCMRAM           0x0000000010000000 0x0000000000010000 xrw
RAM              0x0000000020000000 0x0000000000020000 xrw
FLASH            0x0000000008000000 0x0000000000100000 xr
*default*        0x0000000000000000 0xffffffffffffffff

Linker script and memory map

LOAD c:/st/stm32cubeide_1.11.0/stm32cubeide/plugins/com.st.stm32cube.ide.mcu.externaltools.gnu-tools-for-stm32.10.3-2021.10.win32_1.0.100.202210260954/tools/bin/../lib/gcc/arm-none-eabi/10.3.1/thumb/v7e-m+fp/hard/crti.o
LOAD c:/st/stm32cubeide_1.11.0/stm32cubeide/plugins/com.st.stm32cube.ide.mcu.externaltools.gnu-tools-for-stm32.10.3-2021.10.win32_1.0.100.202210260954/tools/bin/../lib/gcc/arm-none-eabi/10.3.1/thumb/v7e-m+fp/hard/crtbegin.o
LOAD c:/st/stm32cubeide_1.11.0/stm32cubeide/plugins/com.st.stm32cube.ide.mcu.externaltools.gnu-tools-for-stm32.10.3-2021.10.win32_1.0.100.202210260954/tools/bin/../lib/gcc/arm-none-eabi/10.3.1/../../../../arm-none-eabi/lib/thumb/v7e-m+fp/hard/crt0.o
LOAD ./Src/cmn.o
LOAD ./Src/eeprom_spi.o
LOAD ./Src/lcd.o
LOAD ./Src/main.o
LOAD ./Src/syscalls.o
LOAD ./Src/sysmem.o
LOAD ./Src/system_stm32f4xx.o
LOAD ./Startup/startup_stm32f405rgtx.o
START GROUP
LOAD c:/st/stm32cubeide_1.11.0/stm32cubeide/plugins/com.st.stm32cube.ide.mcu.externaltools.gnu-tools-for-stm32.10.3-2021.10.win32_1.0.100.202210260954/tools/bin/../lib/gcc/arm-none-eabi/10.3.1/../../../../arm-none-eabi/lib/thumb/v7e-m+fp/hard\libc_nano.a
LOAD c:/st/stm32cubeide_1.11.0/stm32cubeide/plugins/com.st.stm32cube.ide.mcu.externaltools.gnu-tools-for-stm32.10.3-2021.10.win32_1.0.100.202210260954/tools/bin/../lib/gcc/arm-none-eabi/10.3.1/../../../../arm-none-eabi/lib/thumb/v7e-m+fp/hard\libm.a
END GROUP
START GROUP
LOAD c:/st/stm32cubeide_1.11.0/stm32cubeide/plugins/com.st.stm32cube.ide.mcu.externaltools.gnu-tools-for-stm32.10.3-2021.10.win32_1.0.100.202210260954/tools/bin/../lib/gcc/arm-none-eabi/10.3.1/thumb/v7e-m+fp/hard\libgcc.a
LOAD c:/st/stm32cubeide_1.11.0/stm32cubeide/plugins/com.st.stm32cube.ide.mcu.externaltools.gnu-tools-for-stm32.10.3-2021.10.win32_1.0.100.202210260954/tools/bin/../lib/gcc/arm-none-eabi/10.3.1/../../../../arm-none-eabi/lib/thumb/v7e-m+fp/hard\libc_nano.a
END GROUP
START GROUP
LOAD c:/st/stm32cubeide_1.11.0/stm32cubeide/plugins/com.st.stm32cube.ide.mcu.externaltools.gnu-tools-for-stm32.10.3-2021.10.win32_1.0.100.202210260954/tools/bin/../lib/gcc/arm-none-eabi/10.3.1/thumb/v7e-m+fp/hard\libgcc.a
LOAD c:/st/stm32cubeide_1.11.0/stm32cubeide/plugins/com.st.stm32cube.ide.mcu.externaltools.gnu-tools-for-stm32.10.3-2021.10.win32_1.0.100.202210260954/tools/bin/../lib/gcc/arm-none-eabi/10.3.1/../../../../arm-none-eabi/lib/thumb/v7e-m+fp/hard\libc_nano.a
LOAD c:/st/stm32cubeide_1.11.0/stm32cubeide/plugins/com.st.stm32cube.ide.mcu.externaltools.gnu-tools-for-stm32.10.3-2021.10.win32_1.0.100.202210260954/tools/bin/../lib/gcc/arm-none-eabi/10.3.1/../../../../arm-none-eabi/lib/thumb/v7e-m+fp/hard\libnosys.a
END GROUP
START GROUP
LOAD c:/st/stm32cubeide_1.11.0/stm32cubeide/plugins/com.st.stm32cube.ide.mcu.externaltools.gnu-tools-for-stm32.10.3-2021.10.win32_1.0.100.202210260954/tools/bin/../lib/gcc/arm-none-eabi/10.3.1/thumb/v7e-m+fp/hard\libgcc.a
LOAD c:/st/stm32cubeide_1.11.0/stm32cubeide/plugins/com.st.stm32cube.ide.mcu.externaltools.gnu-tools-for-stm32.10.3-2021.10.win32_1.0.100.202210260954/tools/bin/../lib/gcc/arm-none-eabi/10.3.1/../../../../arm-none-eabi/lib/thumb/v7e-m+fp/hard\libc_nano.a
LOAD c:/st/stm32cubeide_1.11.0/stm32cubeide/plugins/com.st.stm32cube.ide.mcu.externaltools.gnu-tools-for-stm32.10.3-2021.10.win32_1.0.100.202210260954/tools/bin/../lib/gcc/arm-none-eabi/10.3.1/../../../../arm-none-eabi/lib/thumb/v7e-m+fp/hard\libnosys.a
END GROUP
LOAD c:/st/stm32cubeide_1.11.0/stm32cubeide/plugins/com.st.stm32cube.ide.mcu.externaltools.gnu-tools-for-stm32.10.3-2021.10.win32_1.0.100.202210260954/tools/bin/../lib/gcc/arm-none-eabi/10.3.1/thumb/v7e-m+fp/hard/crtend.o
LOAD c:/st/stm32cubeide_1.11.0/stm32cubeide/plugins/com.st.stm32cube.ide.mcu.externaltools.gnu-tools-for-stm32.10.3-2021.10.win32_1.0.100.202210260954/tools/bin/../lib/gcc/arm-none-eabi/10.3.1/thumb/v7e-m+fp/hard/crtn.o
                0x0000000020020000                _estack = (ORIGIN (RAM) + LENGTH (RAM))
                0x0000000000000200                _Min_Heap_Size = 0x200
                0x0000000000000400                _Min_Stack_Size = 0x400

.isr_vector     0x0000000008000000      0x1a8
                0x0000000008000000                . = ALIGN (0x4)
 *(.isr_vector)
 .isr_vector    0x0000000008000000      0x1a8 ./Startup/startup_stm32f405rgtx.o
                0x0000000008000000                g_pfnVectors
                0x00000000080001a8                . = ALIGN (0x4)

.text           0x00000000080001a8      0x6cc
                0x00000000080001a8                . = ALIGN (0x4)
 *(.text)
 .text          0x00000000080001a8       0x40 c:/st/stm32cubeide_1.11.0/stm32cubeide/plugins/com.st.stm32cube.ide.mcu.externaltools.gnu-tools-for-stm32.10.3-2021.10.win32_1.0.100.202210260954/tools/bin/../lib/gcc/arm-none-eabi/10.3.1/thumb/v7e-m+fp/hard/crtbegin.o
 *(.text*)
 .text.SetOutput
                0x00000000080001e8       0x42 ./Src/cmn.o
                0x00000000080001e8                SetOutput
 .text.SetBit   0x000000000800022a       0x28 ./Src/cmn.o
                0x000000000800022a                SetBit
 .text.ClrBit   0x0000000008000252       0x2a ./Src/cmn.o
                0x0000000008000252                ClrBit
 .text.SPI1_Init
                0x000000000800027c       0xb0 ./Src/eeprom_spi.o
                0x000000000800027c                SPI1_Init
 .text.SPI1_Transmit
                0x000000000800032c       0x48 ./Src/eeprom_spi.o
                0x000000000800032c                SPI1_Transmit
 .text.EEPROM_WriteEnable
                0x0000000008000374       0x20 ./Src/eeprom_spi.o
                0x0000000008000374                EEPROM_WriteEnable
 .text.EEPROM_WriteByte
                0x0000000008000394       0x7c ./Src/eeprom_spi.o
                0x0000000008000394                EEPROM_WriteByte
 .text.EEPROM_ReadByte
                0x0000000008000410       0x50 ./Src/eeprom_spi.o
                0x0000000008000410                EEPROM_ReadByte
 .text.DelayLcd
                0x0000000008000460       0x2e ./Src/lcd.o
                0x0000000008000460                DelayLcd
 *fill*         0x000000000800048e        0x2 
 .text.LcdInit  0x0000000008000490       0x84 ./Src/lcd.o
                0x0000000008000490                LcdInit
 .text.LcdFxn   0x0000000008000514      0x160 ./Src/lcd.o
                0x0000000008000514                LcdFxn
 .text.aprint   0x0000000008000674       0xf4 ./Src/lcd.o
                0x0000000008000674                aprint
 .text.main     0x0000000008000768       0x34 ./Src/main.o
                0x0000000008000768                main
 .text.SystemInit
                0x000000000800079c       0x24 ./Src/system_stm32f4xx.o
                0x000000000800079c                SystemInit
 .text.Reset_Handler
                0x00000000080007c0       0x50 ./Startup/startup_stm32f405rgtx.o
                0x00000000080007c0                Reset_Handler
 .text.Default_Handler
                0x0000000008000810        0x2 ./Startup/startup_stm32f405rgtx.o
                0x0000000008000810                RTC_Alarm_IRQHandler
                0x0000000008000810                HASH_RNG_IRQHandler
                0x0000000008000810                EXTI2_IRQHandler
                0x0000000008000810                TIM8_CC_IRQHandler
                0x0000000008000810                DebugMon_Handler
                0x0000000008000810                TIM1_CC_IRQHandler
                0x0000000008000810                DMA2_Stream5_IRQHandler
                0x0000000008000810                HardFault_Handler
                0x0000000008000810                DMA1_Stream5_IRQHandler
                0x0000000008000810                SysTick_Handler
                0x0000000008000810                PVD_IRQHandler
                0x0000000008000810                SDIO_IRQHandler
                0x0000000008000810                TAMP_STAMP_IRQHandler
                0x0000000008000810                PendSV_Handler
                0x0000000008000810                NMI_Handler
                0x0000000008000810                CAN2_RX1_IRQHandler
                0x0000000008000810                EXTI3_IRQHandler
                0x0000000008000810                TIM8_TRG_COM_TIM14_IRQHandler
                0x0000000008000810                TIM1_UP_TIM10_IRQHandler
                0x0000000008000810                TIM8_UP_TIM13_IRQHandler
                0x0000000008000810                I2C3_ER_IRQHandler
                0x0000000008000810                LCD_TFT_IRQHandler
                0x0000000008000810                EXTI0_IRQHandler
                0x0000000008000810                I2C2_EV_IRQHandler
                0x0000000008000810                DMA1_Stream2_IRQHandler
                0x0000000008000810                CAN1_RX0_IRQHandler
                0x0000000008000810                FPU_IRQHandler
                0x0000000008000810                OTG_HS_WKUP_IRQHandler
                0x0000000008000810                UsageFault_Handler
                0x0000000008000810                CAN2_SCE_IRQHandler
                0x0000000008000810                DMA2_Stream2_IRQHandler
                0x0000000008000810                SPI1_IRQHandler
                0x0000000008000810                TIM6_DAC_IRQHandler
                0x0000000008000810                TIM1_BRK_TIM9_IRQHandler
                0x0000000008000810                DCMI_IRQHandler
                0x0000000008000810                CAN2_RX0_IRQHandler
                0x0000000008000810                DMA2_Stream3_IRQHandler
                0x0000000008000810                USART6_IRQHandler
                0x0000000008000810                USART3_IRQHandler
                0x0000000008000810                CRYP_IRQHandler
                0x0000000008000810                CAN1_RX1_IRQHandler
                0x0000000008000810                UART5_IRQHandler
                0x0000000008000810                DMA2_Stream0_IRQHandler
                0x0000000008000810                TIM4_IRQHandler
                0x0000000008000810                I2C1_EV_IRQHandler
                0x0000000008000810                DMA1_Stream6_IRQHandler
                0x0000000008000810                DMA1_Stream1_IRQHandler
                0x0000000008000810                UART4_IRQHandler
                0x0000000008000810                LCD_TFT_1_IRQHandler
                0x0000000008000810                TIM3_IRQHandler
                0x0000000008000810                RCC_IRQHandler
                0x0000000008000810                TIM8_BRK_TIM12_IRQHandler
                0x0000000008000810                Default_Handler
                0x0000000008000810                EXTI15_10_IRQHandler
                0x0000000008000810                ADC_IRQHandler
                0x0000000008000810                DMA1_Stream7_IRQHandler
                0x0000000008000810                TIM7_IRQHandler
                0x0000000008000810                CAN2_TX_IRQHandler
                0x0000000008000810                TIM5_IRQHandler
                0x0000000008000810                DMA2_Stream7_IRQHandler
                0x0000000008000810                I2C3_EV_IRQHandler
                0x0000000008000810                EXTI9_5_IRQHandler
                0x0000000008000810                RTC_WKUP_IRQHandler
                0x0000000008000810                ETH_WKUP_IRQHandler
                0x0000000008000810                SPI2_IRQHandler
                0x0000000008000810                OTG_HS_EP1_IN_IRQHandler
                0x0000000008000810                MemManage_Handler
                0x0000000008000810                DMA1_Stream0_IRQHandler
                0x0000000008000810                CAN1_TX_IRQHandler
                0x0000000008000810                SVC_Handler
                0x0000000008000810                EXTI4_IRQHandler
                0x0000000008000810                FSMC_IRQHandler
                0x0000000008000810                ETH_IRQHandler
                0x0000000008000810                OTG_HS_EP1_OUT_IRQHandler
                0x0000000008000810                WWDG_IRQHandler
                0x0000000008000810                TIM2_IRQHandler
                0x0000000008000810                OTG_FS_WKUP_IRQHandler
                0x0000000008000810                TIM1_TRG_COM_TIM11_IRQHandler
                0x0000000008000810                OTG_HS_IRQHandler
                0x0000000008000810                EXTI1_IRQHandler
                0x0000000008000810                USART2_IRQHandler
                0x0000000008000810                I2C2_ER_IRQHandler
                0x0000000008000810                DMA2_Stream1_IRQHandler
                0x0000000008000810                CAN1_SCE_IRQHandler
                0x0000000008000810                DMA2_Stream4_IRQHandler
                0x0000000008000810                BusFault_Handler
                0x0000000008000810                USART1_IRQHandler
                0x0000000008000810                OTG_FS_IRQHandler
                0x0000000008000810                SPI3_IRQHandler
                0x0000000008000810                DMA1_Stream4_IRQHandler
                0x0000000008000810                I2C1_ER_IRQHandler
                0x0000000008000810                DMA2_Stream6_IRQHandler
                0x0000000008000810                DMA1_Stream3_IRQHandler
 *fill*         0x0000000008000812        0x2 
 .text.__libc_init_array
                0x0000000008000814       0x48 c:/st/stm32cubeide_1.11.0/stm32cubeide/plugins/com.st.stm32cube.ide.mcu.externaltools.gnu-tools-for-stm32.10.3-2021.10.win32_1.0.100.202210260954/tools/bin/../lib/gcc/arm-none-eabi/10.3.1/../../../../arm-none-eabi/lib/thumb/v7e-m+fp/hard\libc_nano.a(lib_a-init.o)
                0x0000000008000814                __libc_init_array
 *(.glue_7)
 .glue_7        0x000000000800085c        0x0 linker stubs
 *(.glue_7t)
 .glue_7t       0x000000000800085c        0x0 linker stubs
 *(.eh_frame)
 .eh_frame      0x000000000800085c        0x0 c:/st/stm32cubeide_1.11.0/stm32cubeide/plugins/com.st.stm32cube.ide.mcu.externaltools.gnu-tools-for-stm32.10.3-2021.10.win32_1.0.100.202210260954/tools/bin/../lib/gcc/arm-none-eabi/10.3.1/thumb/v7e-m+fp/hard/crtbegin.o
 *(.init)
 .init          0x000000000800085c        0x4 c:/st/stm32cubeide_1.11.0/stm32cubeide/plugins/com.st.stm32cube.ide.mcu.externaltools.gnu-tools-for-stm32.10.3-2021.10.win32_1.0.100.202210260954/tools/bin/../lib/gcc/arm-none-eabi/10.3.1/thumb/v7e-m+fp/hard/crti.o
                0x000000000800085c                _init
 .init          0x0000000008000860        0x8 c:/st/stm32cubeide_1.11.0/stm32cubeide/plugins/com.st.stm32cube.ide.mcu.externaltools.gnu-tools-for-stm32.10.3-2021.10.win32_1.0.100.202210260954/tools/bin/../lib/gcc/arm-none-eabi/10.3.1/thumb/v7e-m+fp/hard/crtn.o
 *(.fini)
 .fini          0x0000000008000868        0x4 c:/st/stm32cubeide_1.11.0/stm32cubeide/plugins/com.st.stm32cube.ide.mcu.externaltools.gnu-tools-for-stm32.10.3-2021.10.win32_1.0.100.202210260954/tools/bin/../lib/gcc/arm-none-eabi/10.3.1/thumb/v7e-m+fp/hard/crti.o
                0x0000000008000868                _fini
 .fini          0x000000000800086c        0x8 c:/st/stm32cubeide_1.11.0/stm32cubeide/plugins/com.st.stm32cube.ide.mcu.externaltools.gnu-tools-for-stm32.10.3-2021.10.win32_1.0.100.202210260954/tools/bin/../lib/gcc/arm-none-eabi/10.3.1/thumb/v7e-m+fp/hard/crtn.o
                0x0000000008000874                . = ALIGN (0x4)
                0x0000000008000874                _etext = .

.vfp11_veneer   0x0000000008000874        0x0
 .vfp11_veneer  0x0000000008000874        0x0 linker stubs

.v4_bx          0x0000000008000874        0x0
 .v4_bx         0x0000000008000874        0x0 linker stubs

.iplt           0x0000000008000874        0x0
 .iplt          0x0000000008000874        0x0 c:/st/stm32cubeide_1.11.0/stm32cubeide/plugins/com.st.stm32cube.ide.mcu.externaltools.gnu-tools-for-stm32.10.3-2021.10.win32_1.0.100.202210260954/tools/bin/../lib/gcc/arm-none-eabi/10.3.1/thumb/v7e-m+fp/hard/crtbegin.o

.rel.dyn        0x0000000008000874        0x0
 .rel.iplt      0x0000000008000874        0x0 c:/st/stm32cubeide_1.11.0/stm32cubeide/plugins/com.st.stm32cube.ide.mcu.externaltools.gnu-tools-for-stm32.10.3-2021.10.win32_1.0.100.202210260954/tools/bin/../lib/gcc/arm-none-eabi/10.3.1/thumb/v7e-m+fp/hard/crtbegin.o

.rodata         0x0000000008000874        0x0
                0x0000000008000874                . = ALIGN (0x4)
 *(.rodata)
 *(.rodata*)
                0x0000000008000874                . = ALIGN (0x4)

.ARM.extab      0x0000000008000874        0x0
                0x0000000008000874                . = ALIGN (0x4)
 *(.ARM.extab* .gnu.linkonce.armextab.*)
                0x0000000008000874                . = ALIGN (0x4)

.ARM            0x0000000008000874        0x0
                0x0000000008000874                . = ALIGN (0x4)
                0x0000000008000874                __exidx_start = .
 *(.ARM.exidx*)
                0x0000000008000874                __exidx_end = .
                0x0000000008000874                . = ALIGN (0x4)

.preinit_array  0x0000000008000874        0x0
                0x0000000008000874                . = ALIGN (0x4)
                0x0000000008000874                PROVIDE (__preinit_array_start = .)
 *(.preinit_array*)
                0x0000000008000874                PROVIDE (__preinit_array_end = .)
                0x0000000008000874                . = ALIGN (0x4)

.init_array     0x0000000008000874        0x4
                0x0000000008000874                . = ALIGN (0x4)
                0x0000000008000874                PROVIDE (__init_array_start = .)
 *(SORT_BY_NAME(.init_array.*))
 *(.init_array*)
 .init_array    0x0000000008000874        0x4 c:/st/stm32cubeide_1.11.0/stm32cubeide/plugins/com.st.stm32cube.ide.mcu.externaltools.gnu-tools-for-stm32.10.3-2021.10.win32_1.0.100.202210260954/tools/bin/../lib/gcc/arm-none-eabi/10.3.1/thumb/v7e-m+fp/hard/crtbegin.o
                0x0000000008000878                PROVIDE (__init_array_end = .)
                0x0000000008000878                . = ALIGN (0x4)

.fini_array     0x0000000008000878        0x4
                0x0000000008000878                . = ALIGN (0x4)
                [!provide]                        PROVIDE (__fini_array_start = .)
 *(SORT_BY_NAME(.fini_array.*))
 *(.fini_array*)
 .fini_array    0x0000000008000878        0x4 c:/st/stm32cubeide_1.11.0/stm32cubeide/plugins/com.st.stm32cube.ide.mcu.externaltools.gnu-tools-for-stm32.10.3-2021.10.win32_1.0.100.202210260954/tools/bin/../lib/gcc/arm-none-eabi/10.3.1/thumb/v7e-m+fp/hard/crtbegin.o
                [!provide]                        PROVIDE (__fini_array_end = .)
                0x000000000800087c                . = ALIGN (0x4)
                0x000000000800087c                _sidata = LOADADDR (.data)

.data           0x0000000020000000        0x0 load address 0x000000000800087c
                0x0000000020000000                . = ALIGN (0x4)
                0x0000000020000000                _sdata = .
 *(.data)
 *(.data*)
 *(.RamFunc)
 *(.RamFunc*)
                0x0000000020000000                . = ALIGN (0x4)
                0x0000000020000000                _edata = .
                0x000000000800087c                _siccmram = LOADADDR (.ccmram)

.igot.plt       0x0000000020000000        0x0 load address 0x000000000800087c
 .igot.plt      0x0000000020000000        0x0 c:/st/stm32cubeide_1.11.0/stm32cubeide/plugins/com.st.stm32cube.ide.mcu.externaltools.gnu-tools-for-stm32.10.3-2021.10.win32_1.0.100.202210260954/tools/bin/../lib/gcc/arm-none-eabi/10.3.1/thumb/v7e-m+fp/hard/crtbegin.o

.ccmram         0x0000000010000000        0x0 load address 0x000000000800087c
                0x0000000010000000                . = ALIGN (0x4)
                0x0000000010000000                _sccmram = .
 *(.ccmram)
 *(.ccmram*)
                0x0000000010000000                . = ALIGN (0x4)
                0x0000000010000000                _eccmram = .
                0x0000000010000000                . = ALIGN (0x4)

.bss            0x0000000020000000       0x20
                0x0000000020000000                _sbss = .
                0x0000000020000000                __bss_start__ = _sbss
 *(.bss)
 .bss           0x0000000020000000       0x1c c:/st/stm32cubeide_1.11.0/stm32cubeide/plugins/com.st.stm32cube.ide.mcu.externaltools.gnu-tools-for-stm32.10.3-2021.10.win32_1.0.100.202210260954/tools/bin/../lib/gcc/arm-none-eabi/10.3.1/thumb/v7e-m+fp/hard/crtbegin.o
 *(.bss*)
 .bss.read_val  0x000000002000001c        0x1 ./Src/main.o
                0x000000002000001c                read_val
 *(COMMON)
                0x0000000020000020                . = ALIGN (0x4)
 *fill*         0x000000002000001d        0x3 
                0x0000000020000020                _ebss = .
                0x0000000020000020                __bss_end__ = _ebss

._user_heap_stack
                0x0000000020000020      0x600
                0x0000000020000020                . = ALIGN (0x8)
                [!provide]                        PROVIDE (end = .)
                0x0000000020000020                PROVIDE (_end = .)
                0x0000000020000220                . = (. + _Min_Heap_Size)
 *fill*         0x0000000020000020      0x200 
                0x0000000020000620                . = (. + _Min_Stack_Size)
 *fill*         0x0000000020000220      0x400 
                0x0000000020000620                . = ALIGN (0x8)

/DISCARD/
 libc.a(*)
 libm.a(*)
 libgcc.a(*)

.ARM.attributes
                0x0000000000000000       0x30
 *(.ARM.attributes)
 .ARM.attributes
                0x0000000000000000       0x1e c:/st/stm32cubeide_1.11.0/stm32cubeide/plugins/com.st.stm32cube.ide.mcu.externaltools.gnu-tools-for-stm32.10.3-2021.10.win32_1.0.100.202210260954/tools/bin/../lib/gcc/arm-none-eabi/10.3.1/thumb/v7e-m+fp/hard/crti.o
 .ARM.attributes
                0x000000000000001e       0x34 c:/st/stm32cubeide_1.11.0/stm32cubeide/plugins/com.st.stm32cube.ide.mcu.externaltools.gnu-tools-for-stm32.10.3-2021.10.win32_1.0.100.202210260954/tools/bin/../lib/gcc/arm-none-eabi/10.3.1/thumb/v7e-m+fp/hard/crtbegin.o
 .ARM.attributes
                0x0000000000000052       0x34 ./Src/cmn.o
 .ARM.attributes
                0x0000000000000086       0x34 ./Src/eeprom_spi.o
 .ARM.attributes
                0x00000000000000ba       0x34 ./Src/lcd.o
 .ARM.attributes
                0x00000000000000ee       0x34 ./Src/main.o
 .ARM.attributes
                0x0000000000000122       0x34 ./Src/system_stm32f4xx.o
 .ARM.attributes
                0x0000000000000156       0x21 ./Startup/startup_stm32f405rgtx.o
 .ARM.attributes
                0x0000000000000177       0x34 c:/st/stm32cubeide_1.11.0/stm32cubeide/plugins/com.st.stm32cube.ide.mcu.externaltools.gnu-tools-for-stm32.10.3-2021.10.win32_1.0.100.202210260954/tools/bin/../lib/gcc/arm-none-eabi/10.3.1/../../../../arm-none-eabi/lib/thumb/v7e-m+fp/hard\libc_nano.a(lib_a-init.o)
 .ARM.attributes
                0x00000000000001ab       0x1e c:/st/stm32cubeide_1.11.0/stm32cubeide/plugins/com.st.stm32cube.ide.mcu.externaltools.gnu-tools-for-stm32.10.3-2021.10.win32_1.0.100.202210260954/tools/bin/../lib/gcc/arm-none-eabi/10.3.1/thumb/v7e-m+fp/hard/crtn.o
OUTPUT(EEPROM_SPI.elf elf32-littlearm)
LOAD linker stubs
LOAD c:/st/stm32cubeide_1.11.0/stm32cubeide/plugins/com.st.stm32cube.ide.mcu.externaltools.gnu-tools-for-stm32.10.3-2021.10.win32_1.0.100.202210260954/tools/bin/../lib/gcc/arm-none-eabi/10.3.1/../../../../arm-none-eabi/lib/thumb/v7e-m+fp/hard\libc.a
LOAD c:/st/stm32cubeide_1.11.0/stm32cubeide/plugins/com.st.stm32cube.ide.mcu.externaltools.gnu-tools-for-stm32.10.3-2021.10.win32_1.0.100.202210260954/tools/bin/../lib/gcc/arm-none-eabi/10.3.1/../../../../arm-none-eabi/lib/thumb/v7e-m+fp/hard\libm.a
LOAD c:/st/stm32cubeide_1.11.0/stm32cubeide/plugins/com.st.stm32cube.ide.mcu.externaltools.gnu-tools-for-stm32.10.3-2021.10.win32_1.0.100.202210260954/tools/bin/../lib/gcc/arm-none-eabi/10.3.1/thumb/v7e-m+fp/hard\libgcc.a

.debug_info     0x0000000000000000     0x12da
 .debug_info    0x0000000000000000      0x34d ./Src/cmn.o
 .debug_info    0x000000000000034d      0x483 ./Src/eeprom_spi.o
 .debug_info    0x00000000000007d0      0x498 ./Src/lcd.o
 .debug_info    0x0000000000000c68      0x134 ./Src/main.o
 .debug_info    0x0000000000000d9c      0x51c ./Src/system_stm32f4xx.o
 .debug_info    0x00000000000012b8       0x22 ./Startup/startup_stm32f405rgtx.o

.debug_abbrev   0x0000000000000000      0x57e
 .debug_abbrev  0x0000000000000000      0x125 ./Src/cmn.o
 .debug_abbrev  0x0000000000000125      0x143 ./Src/eeprom_spi.o
 .debug_abbrev  0x0000000000000268      0x13d ./Src/lcd.o
 .debug_abbrev  0x00000000000003a5       0xb1 ./Src/main.o
 .debug_abbrev  0x0000000000000456      0x116 ./Src/system_stm32f4xx.o
 .debug_abbrev  0x000000000000056c       0x12 ./Startup/startup_stm32f405rgtx.o

.debug_aranges  0x0000000000000000      0x150
 .debug_aranges
                0x0000000000000000       0x60 ./Src/cmn.o
 .debug_aranges
                0x0000000000000060       0x40 ./Src/eeprom_spi.o
 .debug_aranges
                0x00000000000000a0       0x40 ./Src/lcd.o
 .debug_aranges
                0x00000000000000e0       0x20 ./Src/main.o
 .debug_aranges
                0x0000000000000100       0x28 ./Src/system_stm32f4xx.o
 .debug_aranges
                0x0000000000000128       0x28 ./Startup/startup_stm32f405rgtx.o

.debug_ranges   0x0000000000000000       0xf8
 .debug_ranges  0x0000000000000000       0x50 ./Src/cmn.o
 .debug_ranges  0x0000000000000050       0x30 ./Src/eeprom_spi.o
 .debug_ranges  0x0000000000000080       0x30 ./Src/lcd.o
 .debug_ranges  0x00000000000000b0       0x10 ./Src/main.o
 .debug_ranges  0x00000000000000c0       0x18 ./Src/system_stm32f4xx.o
 .debug_ranges  0x00000000000000d8       0x20 ./Startup/startup_stm32f405rgtx.o

.debug_macro    0x0000000000000000    0x16906
 .debug_macro   0x0000000000000000       0xcf ./Src/cmn.o
 .debug_macro   0x00000000000000cf      0xa7e ./Src/cmn.o
 .debug_macro   0x0000000000000b4d       0x2f ./Src/cmn.o
 .debug_macro   0x0000000000000b7c       0x22 ./Src/cmn.o
 .debug_macro   0x0000000000000b9e       0x8e ./Src/cmn.o
 .debug_macro   0x0000000000000c2c       0x51 ./Src/cmn.o
 .debug_macro   0x0000000000000c7d      0x103 ./Src/cmn.o
 .debug_macro   0x0000000000000d80       0x6a ./Src/cmn.o
 .debug_macro   0x0000000000000dea      0x1df ./Src/cmn.o
 .debug_macro   0x0000000000000fc9       0x1c ./Src/cmn.o
 .debug_macro   0x0000000000000fe5       0x22 ./Src/cmn.o
 .debug_macro   0x0000000000001007       0xd9 ./Src/cmn.o
 .debug_macro   0x00000000000010e0     0x102d ./Src/cmn.o
 .debug_macro   0x000000000000210d      0x11f ./Src/cmn.o
 .debug_macro   0x000000000000222c    0x1426d ./Src/cmn.o
 .debug_macro   0x0000000000016499       0xce ./Src/eeprom_spi.o
 .debug_macro   0x0000000000016567       0x3a ./Src/eeprom_spi.o
 .debug_macro   0x00000000000165a1       0xd7 ./Src/lcd.o
 .debug_macro   0x0000000000016678       0x4c ./Src/lcd.o
 .debug_macro   0x00000000000166c4       0x10 ./Src/lcd.o
 .debug_macro   0x00000000000166d4       0xd5 ./Src/main.o
 .debug_macro   0x00000000000167a9       0x40 ./Src/main.o
 .debug_macro   0x00000000000167e9       0x52 ./Src/main.o
 .debug_macro   0x000000000001683b       0xcb ./Src/system_stm32f4xx.o

.debug_line     0x0000000000000000     0x1cda
 .debug_line    0x0000000000000000      0x656 ./Src/cmn.o
 .debug_line    0x0000000000000656      0x5af ./Src/eeprom_spi.o
 .debug_line    0x0000000000000c05      0x607 ./Src/lcd.o
 .debug_line    0x000000000000120c      0x4f9 ./Src/main.o
 .debug_line    0x0000000000001705      0x551 ./Src/system_stm32f4xx.o
 .debug_line    0x0000000000001c56       0x84 ./Startup/startup_stm32f405rgtx.o

.debug_str      0x0000000000000000    0x7dc33
 .debug_str     0x0000000000000000    0x7d792 ./Src/cmn.o
                                      0x7d8fe (size before relaxing)
 .debug_str     0x000000000007d792      0x272 ./Src/eeprom_spi.o
                                      0x7db0a (size before relaxing)
 .debug_str     0x000000000007da04       0xce ./Src/lcd.o
                                      0x7da84 (size before relaxing)
 .debug_str     0x000000000007dad2       0x1c ./Src/main.o
                                      0x7da30 (size before relaxing)
 .debug_str     0x000000000007daee      0x114 ./Src/system_stm32f4xx.o
                                      0x7da60 (size before relaxing)
 .debug_str     0x000000000007dc02       0x31 ./Startup/startup_stm32f405rgtx.o
                                         0x6c (size before relaxing)

.comment        0x0000000000000000       0x50
 .comment       0x0000000000000000       0x50 ./Src/cmn.o
                                         0x51 (size before relaxing)
 .comment       0x0000000000000050       0x51 ./Src/eeprom_spi.o
 .comment       0x0000000000000050       0x51 ./Src/lcd.o
 .comment       0x0000000000000050       0x51 ./Src/main.o
 .comment       0x0000000000000050       0x51 ./Src/system_stm32f4xx.o

.debug_frame    0x0000000000000000      0x3a4
 .debug_frame   0x0000000000000000      0x178 ./Src/cmn.o
 .debug_frame   0x0000000000000178       0xbc ./Src/eeprom_spi.o
 .debug_frame   0x0000000000000234       0xc0 ./Src/lcd.o
 .debug_frame   0x00000000000002f4       0x2c ./Src/main.o
 .debug_frame   0x0000000000000320       0x58 ./Src/system_stm32f4xx.o
 .debug_frame   0x0000000000000378       0x2c c:/st/stm32cubeide_1.11.0/stm32cubeide/plugins/com.st.stm32cube.ide.mcu.externaltools.gnu-tools-for-stm32.10.3-2021.10.win32_1.0.100.202210260954/tools/bin/../lib/gcc/arm-none-eabi/10.3.1/../../../../arm-none-eabi/lib/thumb/v7e-m+fp/hard\libc_nano.a(lib_a-init.o)
