../Core/Src/main.c:149:5:main	16	static
../Core/Src/main.c:219:6:SystemClock_Config	88	static
../Core/Src/main.c:263:13:MX_ADC1_Init	24	static
../Core/Src/main.c:312:13:MX_I2C2_Init	8	static
../Core/Src/main.c:344:13:MX_TIM1_Init	32	static
../Core/Src/main.c:387:13:MX_TIM2_Init	32	static
../Core/Src/main.c:429:13:MX_TIM3_Init	64	static
../Core/Src/main.c:484:13:MX_TIM14_Init	40	static
../Core/Src/main.c:527:13:MX_GPIO_Init	40	static
../Core/Src/main.c:570:6:lcdTask	88	static
../Core/Src/main.c:617:6:humanDetect	24	static
../Core/Src/main.c:639:6:accidentDetect	24	static
../Core/Src/main.c:664:6:tempHum	16	static
../Core/Src/main.c:676:6:waterDetect	16	static
../Core/Src/main.c:687:6:engineTemp	24	static
../Core/Src/main.c:722:6:MPU6050_Init	32	static
../Core/Src/main.c:736:6:MPU6050_Read_Accel	32	static
../Core/Src/main.c:755:6:Temp_motor_config	8	static
../Core/Src/main.c:764:6:Temperature_monitoring	32	static
../Core/Src/main.c:791:6:Water_level_detection	16	static
../Core/Src/main.c:836:6:Set_Temp_Motor_Speed	16	static
../Core/Src/main.c:842:6:MotorB_Init	8	static
../Core/Src/main.c:858:6:ConfigureRunTimeStatsTimer	8	static
../Core/Src/main.c:862:15:ulGetRunTimeCounterValue	4	static
../Core/Src/main.c:867:6:LCD_Update	16	static
../Core/Src/main.c:884:6:HAL_TIM_PeriodElapsedCallback	16	static
../Core/Src/main.c:896:6:Error_Handler	4	static,ignoring_inline_asm
