../Core/Src/main.c:105:5:main	16	static
../Core/Src/main.c:179:6:SystemClock_Config	88	static
../Core/Src/main.c:223:13:MX_ADC1_Init	24	static
../Core/Src/main.c:272:13:MX_ADC2_Init	24	static
../Core/Src/main.c:321:13:MX_TIM2_Init	64	static
../Core/Src/main.c:376:13:MX_TIM3_Init	48	static
../Core/Src/main.c:423:13:MX_TIM12_Init	24	static
../Core/Src/main.c:458:13:MX_TIM14_Init	40	static
../Core/Src/main.c:501:13:MX_GPIO_Init	40	static
../Core/Src/main.c:545:6:motor_config	8	static
../Core/Src/main.c:555:6:led_pwm_config	8	static
../Core/Src/main.c:563:6:soilMoisture	8	static
../Core/Src/main.c:578:6:temp_monitoring	24	static
../Core/Src/main.c:594:6:light_monitoring	8	static
../Core/Src/main.c:614:6:Error_Handler	4	static,ignoring_inline_asm
