../Core/Src/main.c:81:6:ConfigureRunTimeStatsTimer	16	static
../Core/Src/main.c:99:5:main	16	static
../Core/Src/main.c:164:6:SystemClock_Config	88	static
../Core/Src/main.c:208:13:MX_TIM2_Init	32	static
../Core/Src/main.c:250:13:MX_TIM3_Init	64	static
../Core/Src/main.c:305:13:MX_GPIO_Init	40	static
../Core/Src/main.c:350:6:motor_config	8	static
../Core/Src/main.c:360:6:speed_monitoring	40	static
../Core/Src/main.c:415:6:safety_monitoring	16	static
../Core/Src/main.c:439:6:EXTI0_IRQHandler	8	static
../Core/Src/main.c:443:6:EXTI9_5_IRQHandler	8	static
../Core/Src/main.c:447:6:HAL_GPIO_EXTI_Callback	16	static
../Core/Src/main.c:463:6:HAL_TIM_PeriodElapsedCallback	16	static
../Core/Src/main.c:479:6:Error_Handler	4	static,ignoring_inline_asm
