../Core/Src/main.c:81:5:main	8	static
../Core/Src/main.c:137:6:SystemClock_Config	88	static
../Core/Src/main.c:184:13:MX_TIM2_Init	32	static
../Core/Src/main.c:229:13:MX_TIM3_Init	64	static
../Core/Src/main.c:288:13:MX_GPIO_Init	40	static
../Core/Src/main.c:333:6:motor_config	8	static
../Core/Src/main.c:343:6:speed_monitoring	32	static
../Core/Src/main.c:390:6:safety_monitoring	8	static
../Core/Src/main.c:408:6:EXTI0_IRQHandler	8	static
../Core/Src/main.c:412:6:EXTI9_5_IRQHandler	8	static
../Core/Src/main.c:416:6:HAL_GPIO_EXTI_Callback	16	static
../Core/Src/main.c:428:6:Error_Handler	4	static,ignoring_inline_asm
